Archive member included to satisfy reference by file (symbol)

c:/program files (x86)/atollic/truestudio for stm32 9.3.0/armtools/bin/../lib/gcc/arm-atollic-eabi/6.3.1/../../../../arm-atollic-eabi/lib/armv7-m\libstdc++.a(del_op.o)
                              src\Communication\SerialPort.o (operator delete(void*))
c:/program files (x86)/atollic/truestudio for stm32 9.3.0/armtools/bin/../lib/gcc/arm-atollic-eabi/6.3.1/../../../../arm-atollic-eabi/lib/armv7-m\libstdc++.a(atexit_arm.o)
                              src\Device.o (__aeabi_atexit)
c:/program files (x86)/atollic/truestudio for stm32 9.3.0/armtools/bin/../lib/gcc/arm-atollic-eabi/6.3.1/../../../../arm-atollic-eabi/lib/armv7-m\libc.a(lib_a-atof.o)
                              src\main.o (atof)
c:/program files (x86)/atollic/truestudio for stm32 9.3.0/armtools/bin/../lib/gcc/arm-atollic-eabi/6.3.1/../../../../arm-atollic-eabi/lib/armv7-m\libc.a(lib_a-atoi.o)
                              src\Communication\SerialPort.o (atoi)
c:/program files (x86)/atollic/truestudio for stm32 9.3.0/armtools/bin/../lib/gcc/arm-atollic-eabi/6.3.1/../../../../arm-atollic-eabi/lib/armv7-m\libc.a(lib_a-cxa_atexit.o)
                              c:/program files (x86)/atollic/truestudio for stm32 9.3.0/armtools/bin/../lib/gcc/arm-atollic-eabi/6.3.1/../../../../arm-atollic-eabi/lib/armv7-m\libstdc++.a(atexit_arm.o) (__cxa_atexit)
c:/program files (x86)/atollic/truestudio for stm32 9.3.0/armtools/bin/../lib/gcc/arm-atollic-eabi/6.3.1/../../../../arm-atollic-eabi/lib/armv7-m\libc.a(lib_a-init.o)
                              src\startup_stm32f10x_md.o (__libc_init_array)
c:/program files (x86)/atollic/truestudio for stm32 9.3.0/armtools/bin/../lib/gcc/arm-atollic-eabi/6.3.1/../../../../arm-atollic-eabi/lib/armv7-m\libc.a(lib_a-malloc.o)
                              src\DMD\DMD.o (malloc)
c:/program files (x86)/atollic/truestudio for stm32 9.3.0/armtools/bin/../lib/gcc/arm-atollic-eabi/6.3.1/../../../../arm-atollic-eabi/lib/armv7-m\libc.a(lib_a-mallocr.o)
                              c:/program files (x86)/atollic/truestudio for stm32 9.3.0/armtools/bin/../lib/gcc/arm-atollic-eabi/6.3.1/../../../../arm-atollic-eabi/lib/armv7-m\libc.a(lib_a-malloc.o) (_malloc_r)
c:/program files (x86)/atollic/truestudio for stm32 9.3.0/armtools/bin/../lib/gcc/arm-atollic-eabi/6.3.1/../../../../arm-atollic-eabi/lib/armv7-m\libc.a(lib_a-memset.o)
                              src\Communication\SerialPort.o (memset)
c:/program files (x86)/atollic/truestudio for stm32 9.3.0/armtools/bin/../lib/gcc/arm-atollic-eabi/6.3.1/../../../../arm-atollic-eabi/lib/armv7-m\libc.a(lib_a-mlock.o)
                              c:/program files (x86)/atollic/truestudio for stm32 9.3.0/armtools/bin/../lib/gcc/arm-atollic-eabi/6.3.1/../../../../arm-atollic-eabi/lib/armv7-m\libc.a(lib_a-mallocr.o) (__malloc_lock)
c:/program files (x86)/atollic/truestudio for stm32 9.3.0/armtools/bin/../lib/gcc/arm-atollic-eabi/6.3.1/../../../../arm-atollic-eabi/lib/armv7-m\libc.a(lib_a-on_exit_args.o)
                              c:/program files (x86)/atollic/truestudio for stm32 9.3.0/armtools/bin/../lib/gcc/arm-atollic-eabi/6.3.1/../../../../arm-atollic-eabi/lib/armv7-m\libc.a(lib_a-cxa_atexit.o) (__on_exit_args)
c:/program files (x86)/atollic/truestudio for stm32 9.3.0/armtools/bin/../lib/gcc/arm-atollic-eabi/6.3.1/../../../../arm-atollic-eabi/lib/armv7-m\libc.a(lib_a-sbrkr.o)
                              c:/program files (x86)/atollic/truestudio for stm32 9.3.0/armtools/bin/../lib/gcc/arm-atollic-eabi/6.3.1/../../../../arm-atollic-eabi/lib/armv7-m\libc.a(lib_a-mallocr.o) (_sbrk_r)
c:/program files (x86)/atollic/truestudio for stm32 9.3.0/armtools/bin/../lib/gcc/arm-atollic-eabi/6.3.1/../../../../arm-atollic-eabi/lib/armv7-m\libc.a(lib_a-strcat.o)
                              src\Communication\SerialPort.o (strcat)
c:/program files (x86)/atollic/truestudio for stm32 9.3.0/armtools/bin/../lib/gcc/arm-atollic-eabi/6.3.1/../../../../arm-atollic-eabi/lib/armv7-m\libc.a(lib_a-strcpy.o)
                              src\Device\ACDisplayDmd.o (strcpy)
c:/program files (x86)/atollic/truestudio for stm32 9.3.0/armtools/bin/../lib/gcc/arm-atollic-eabi/6.3.1/../../../../arm-atollic-eabi/lib/armv7-m\libc.a(lib_a-strlen.o)
                              src\Communication\SerialPort.o (strlen)
c:/program files (x86)/atollic/truestudio for stm32 9.3.0/armtools/bin/../lib/gcc/arm-atollic-eabi/6.3.1/../../../../arm-atollic-eabi/lib/armv7-m\libc.a(lib_a-strtod.o)
                              c:/program files (x86)/atollic/truestudio for stm32 9.3.0/armtools/bin/../lib/gcc/arm-atollic-eabi/6.3.1/../../../../arm-atollic-eabi/lib/armv7-m\libc.a(lib_a-atof.o) (strtod)
c:/program files (x86)/atollic/truestudio for stm32 9.3.0/armtools/bin/../lib/gcc/arm-atollic-eabi/6.3.1/../../../../arm-atollic-eabi/lib/armv7-m\libc.a(lib_a-strtok.o)
                              src\Communication\SerialPort.o (strtok)
[...]
Memory Configuration

Name             Origin             Length             Attributes
FLASH            0x08000000         0x00010000         xr
RAM              0x20000000         0x00005000         xrw
MEMORY_B1        0x60000000         0x00000000         xr
*default*        0x00000000         0xffffffff

Linker script and memory map

LOAD c:/program files (x86)/atollic/truestudio for stm32 9.3.0/armtools/bin/../lib/gcc/arm-atollic-eabi/6.3.1/armv7-m/crti.o
LOAD c:/program files (x86)/atollic/truestudio for stm32 9.3.0/armtools/bin/../lib/gcc/arm-atollic-eabi/6.3.1/armv7-m/crtbegin.o
LOAD Libraries\STM32F10x_StdPeriph_Driver\src\misc.o
LOAD Libraries\STM32F10x_StdPeriph_Driver\src\stm32f10x_adc.o
LOAD Libraries\STM32F10x_StdPeriph_Driver\src\stm32f10x_bkp.o
LOAD Libraries\STM32F10x_StdPeriph_Driver\src\stm32f10x_can.o
LOAD Libraries\STM32F10x_StdPeriph_Driver\src\stm32f10x_cec.o
LOAD Libraries\STM32F10x_StdPeriph_Driver\src\stm32f10x_crc.o
LOAD Libraries\STM32F10x_StdPeriph_Driver\src\stm32f10x_dac.o
LOAD Libraries\STM32F10x_StdPeriph_Driver\src\stm32f10x_dbgmcu.o
LOAD Libraries\STM32F10x_StdPeriph_Driver\src\stm32f10x_dma.o
LOAD Libraries\STM32F10x_StdPeriph_Driver\src\stm32f10x_exti.o
LOAD Libraries\STM32F10x_StdPeriph_Driver\src\stm32f10x_flash.o
LOAD Libraries\STM32F10x_StdPeriph_Driver\src\stm32f10x_fsmc.o
LOAD Libraries\STM32F10x_StdPeriph_Driver\src\stm32f10x_gpio.o
LOAD Libraries\STM32F10x_StdPeriph_Driver\src\stm32f10x_i2c.o
LOAD Libraries\STM32F10x_StdPeriph_Driver\src\stm32f10x_iwdg.o
LOAD Libraries\STM32F10x_StdPeriph_Driver\src\stm32f10x_pwr.o
LOAD Libraries\STM32F10x_StdPeriph_Driver\src\stm32f10x_rcc.o
LOAD Libraries\STM32F10x_StdPeriph_Driver\src\stm32f10x_rtc.o
LOAD Libraries\STM32F10x_StdPeriph_Driver\src\stm32f10x_sdio.o
LOAD Libraries\STM32F10x_StdPeriph_Driver\src\stm32f10x_spi.o
LOAD Libraries\STM32F10x_StdPeriph_Driver\src\stm32f10x_tim.o
LOAD Libraries\STM32F10x_StdPeriph_Driver\src\stm32f10x_usart.o
LOAD Libraries\STM32F10x_StdPeriph_Driver\src\stm32f10x_wwdg.o
LOAD src\Communication\SerialPort.o
LOAD src\DMD\DMD.o
LOAD src\Device\ACDisplayDmd.o
LOAD src\Device\HeartBeat.o
LOAD src\Device.o
LOAD src\Peripheral\STM32F10xADC.o
LOAD src\Peripheral\STM32F10xDMA.o
LOAD src\Peripheral\STM32F10xGpio.o
LOAD src\Peripheral\STM32F10xInputCapture.o
LOAD src\Peripheral\STM32F10xTimer.o
LOAD src\Peripheral\STM32F10xUSART.o
LOAD src\Sensor\ACFrequencyMeter.o
LOAD src\Storage\Storage.o
LOAD src\Utilities\Timeout.o
LOAD src\main.o
LOAD src\startup_stm32f10x_md.o
LOAD src\stm32f1xx_it.o
LOAD src\system_stm32f10x.o
LOAD src\tiny_printf.o
                0x00000080                malloc_getpagesize_P = 0x80
START GROUP
LOAD c:/program files (x86)/atollic/truestudio for stm32 9.3.0/armtools/bin/../lib/gcc/arm-atollic-eabi/6.3.1/../../../../arm-atollic-eabi/lib/armv7-m\libstdc++.a
LOAD c:/program files (x86)/atollic/truestudio for stm32 9.3.0/armtools/bin/../lib/gcc/arm-atollic-eabi/6.3.1/../../../../arm-atollic-eabi/lib/armv7-m\libsupc++.a
END GROUP
LOAD c:/program files (x86)/atollic/truestudio for stm32 9.3.0/armtools/bin/../lib/gcc/arm-atollic-eabi/6.3.1/../../../../arm-atollic-eabi/lib/armv7-m\libstdc++.a
LOAD c:/program files (x86)/atollic/truestudio for stm32 9.3.0/armtools/bin/../lib/gcc/arm-atollic-eabi/6.3.1/../../../../arm-atollic-eabi/lib/armv7-m\libm.a
LOAD c:/program files (x86)/atollic/truestudio for stm32 9.3.0/armtools/bin/../lib/gcc/arm-atollic-eabi/6.3.1/../../../../arm-atollic-eabi/lib/armv7-m\libc.a
START GROUP
LOAD c:/program files (x86)/atollic/truestudio for stm32 9.3.0/armtools/bin/../lib/gcc/arm-atollic-eabi/6.3.1/armv7-m\libgcc.a
LOAD c:/program files (x86)/atollic/truestudio for stm32 9.3.0/armtools/bin/../lib/gcc/arm-atollic-eabi/6.3.1/../../../../arm-atollic-eabi/lib/armv7-m\libc.a
END GROUP
START GROUP
LOAD c:/program files (x86)/atollic/truestudio for stm32 9.3.0/armtools/bin/../lib/gcc/arm-atollic-eabi/6.3.1/armv7-m\libgcc.a
LOAD c:/program files (x86)/atollic/truestudio for stm32 9.3.0/armtools/bin/../lib/gcc/arm-atollic-eabi/6.3.1/../../../../arm-atollic-eabi/lib/armv7-m\libc.a
LOAD c:/program files (x86)/atollic/truestudio for stm32 9.3.0/armtools/bin/../lib/gcc/arm-atollic-eabi/6.3.1/../../../../arm-atollic-eabi/lib/armv7-m\libnosys.a
END GROUP
LOAD c:/program files (x86)/atollic/truestudio for stm32 9.3.0/armtools/bin/../lib/gcc/arm-atollic-eabi/6.3.1/armv7-m/crtend.o
LOAD c:/program files (x86)/atollic/truestudio for stm32 9.3.0/armtools/bin/../lib/gcc/arm-atollic-eabi/6.3.1/armv7-m/crtn.o
                0x20005000                _estack = 0x20005000
                0x00000000                _Min_Heap_Size = 0x0
                0x00000100                _Min_Stack_Size = 0x100

.isr_vector     0x08000000      0x10c
                0x08000000                . = ALIGN (0x4)
 *(.isr_vector)
 .isr_vector    0x08000000      0x10c src\startup_stm32f10x_md.o
                0x08000000                g_pfnVectors
                0x0800010c                . = ALIGN (0x4)

.text           0x08000110     0x71cc
                0x08000110                . = ALIGN (0x4)
 *(.text)
 .text          0x08000110       0x40 c:/program files (x86)/atollic/truestudio for stm32 9.3.0/armtools/bin/../lib/gcc/arm-atollic-eabi/6.3.1/armv7-m/crtbegin.o
 .text          0x08000150       0x10 c:/program files (x86)/atollic/truestudio for stm32 9.3.0/armtools/bin/../lib/gcc/arm-atollic-eabi/6.3.1/../../../../arm-atollic-eabi/lib/armv7-m\libc.a(lib_a-strlen.o)
                0x08000150                strlen
 .text          0x08000160      0x370 c:/program files (x86)/atollic/truestudio for stm32 9.3.0/armtools/bin/../lib/gcc/arm-atollic-eabi/6.3.1/armv7-m\libgcc.a(_arm_addsubdf3.o)
                0x08000160                __aeabi_drsub
                0x08000168                __aeabi_dsub
                0x08000168                __subdf3
                0x0800016c                __aeabi_dadd
                0x0800016c                __adddf3
                0x080003e4                __floatunsidf
                0x080003e4                __aeabi_ui2d
                0x08000404                __floatsidf
                0x08000404                __aeabi_i2d
                0x08000428                __aeabi_f2d
                0x08000428                __extendsfdf2
                0x08000464                __floatundidf
                0x08000464                __aeabi_ul2d
                0x08000474                __floatdidf
                0x08000474                __aeabi_l2d
 .text          0x080004d0      0x424 c:/program files (x86)/atollic/truestudio for stm32 9.3.0/armtools/bin/../lib/gcc/arm-atollic-eabi/6.3.1/armv7-m\libgcc.a(_arm_muldivdf3.o)
                0x080004d0                __aeabi_dmul
                0x080004d0                __muldf3
                0x08000724                __divdf3
                0x08000724                __aeabi_ddiv
 .text          0x080008f4      0x110 c:/program files (x86)/atollic/truestudio for stm32 9.3.0/armtools/bin/../lib/gcc/arm-atollic-eabi/6.3.1/armv7-m\libgcc.a(_arm_cmpdf2.o)
                0x080008f4                __gtdf2
                0x080008f4                __gedf2
                0x080008fc                __ltdf2
                0x080008fc                __ledf2
                0x08000904                __nedf2
                0x08000904                __eqdf2
                0x08000904                __cmpdf2
                0x08000980                __aeabi_cdrcmple
                0x08000990                __aeabi_cdcmpeq
                0x08000990                __aeabi_cdcmple
                0x080009a0                __aeabi_dcmpeq
                0x080009b4                __aeabi_dcmplt
                0x080009c8                __aeabi_dcmple
                0x080009dc                __aeabi_dcmpge
                0x080009f0                __aeabi_dcmpgt
 .text          0x08000a04       0x50 c:/program files (x86)/atollic/truestudio for stm32 9.3.0/armtools/bin/../lib/gcc/arm-atollic-eabi/6.3.1/armv7-m\libgcc.a(_arm_fixdfsi.o)
                0x08000a04                __aeabi_d2iz
                0x08000a04                __fixdfsi
 .text          0x08000a54       0x40 c:/program files (x86)/atollic/truestudio for stm32 9.3.0/armtools/bin/../lib/gcc/arm-atollic-eabi/6.3.1/armv7-m\libgcc.a(_arm_fixunsdfsi.o)
                0x08000a54                __aeabi_d2uiz
                0x08000a54                __fixunsdfsi
 .text          0x08000a94       0xa0 c:/program files (x86)/atollic/truestudio for stm32 9.3.0/armtools/bin/../lib/gcc/arm-atollic-eabi/6.3.1/armv7-m\libgcc.a(_arm_truncdfsf2.o)
                0x08000a94                __truncdfsf2
                0x08000a94                __aeabi_d2f
 .text          0x08000b34      0x21c c:/program files (x86)/atollic/truestudio for stm32 9.3.0/armtools/bin/../lib/gcc/arm-atollic-eabi/6.3.1/armv7-m\libgcc.a(_arm_addsubsf3.o)
                0x08000b34                __aeabi_frsub
                0x08000b3c                __subsf3
                0x08000b3c                __aeabi_fsub
                0x08000b40                __aeabi_fadd
                0x08000b40                __addsf3
                0x08000ca0                __aeabi_ui2f
                0x08000ca0                __floatunsisf
                0x08000ca8                __aeabi_i2f
                0x08000ca8                __floatsisf
                0x08000cc4                __aeabi_ul2f
                0x08000cc4                __floatundisf
                0x08000cd4                __aeabi_l2f
                0x08000cd4                __floatdisf
 .text          0x08000d50      0x2a0 c:/program files (x86)/atollic/truestudio for stm32 9.3.0/armtools/bin/../lib/gcc/arm-atollic-eabi/6.3.1/armv7-m\libgcc.a(_arm_muldivsf3.o)
                0x08000d50                __mulsf3
                0x08000d50                __aeabi_fmul
                0x08000eb8                __aeabi_fdiv
                0x08000eb8                __divsf3
 .text          0x08000ff0       0xec c:/program files (x86)/atollic/truestudio for stm32 9.3.0/armtools/bin/../lib/gcc/arm-atollic-eabi/6.3.1/armv7-m\libgcc.a(_arm_cmpsf2.o)
                0x08000ff0                __gesf2
                0x08000ff0                __gtsf2
                0x08000ff8                __lesf2
                0x08000ff8                __ltsf2
                0x08001000                __nesf2
                0x08001000                __eqsf2
                0x08001000                __cmpsf2
                0x08001060                __aeabi_cfrcmple
                0x08001068                __aeabi_cfcmpeq
                0x08001068                __aeabi_cfcmple
                0x08001078                __aeabi_fcmpeq
                0x0800108c                __aeabi_fcmplt
                0x080010a0                __aeabi_fcmple
                0x080010b4                __aeabi_fcmpge
                0x080010c8                __aeabi_fcmpgt
 .text          0x080010dc       0x40 c:/program files (x86)/atollic/truestudio for stm32 9.3.0/armtools/bin/../lib/gcc/arm-atollic-eabi/6.3.1/armv7-m\libgcc.a(_arm_fixunssfsi.o)
                0x080010dc                __fixunssfsi
                0x080010dc                __aeabi_f2uiz
 *(.text*)
 .text.ADC_Init
                0x0800111c       0xa4 Libraries\STM32F10x_StdPeriph_Driver\src\stm32f10x_adc.o
                0x0800111c                ADC_Init
 .text.ADC_StructInit
                0x080011c0       0x36 Libraries\STM32F10x_StdPeriph_Driver\src\stm32f10x_adc.o
                0x080011c0                ADC_StructInit
 .text.ADC_Cmd  0x080011f6       0x36 Libraries\STM32F10x_StdPeriph_Driver\src\stm32f10x_adc.o
                0x080011f6                ADC_Cmd
 .text.ADC_DMACmd
                0x0800122c       0x36 Libraries\STM32F10x_StdPeriph_Driver\src\stm32f10x_adc.o
                0x0800122c                ADC_DMACmd
 .text.ADC_StartCalibration
                0x08001262       0x1e Libraries\STM32F10x_StdPeriph_Driver\src\stm32f10x_adc.o
                0x08001262                ADC_StartCalibration
 .text.ADC_SoftwareStartConvCmd
                0x08001280       0x36 Libraries\STM32F10x_StdPeriph_Driver\src\stm32f10x_adc.o
                0x08001280                ADC_SoftwareStartConvCmd
 .text.ADC_RegularChannelConfig
                0x080012b6      0x192 Libraries\STM32F10x_StdPeriph_Driver\src\stm32f10x_adc.o
                0x080012b6                ADC_RegularChannelConfig
 .text.DMA_Init
                0x08001448       0x7c Libraries\STM32F10x_StdPeriph_Driver\src\stm32f10x_dma.o
                0x08001448                DMA_Init
 .text.DMA_StructInit
                0x080014c4       0x54 Libraries\STM32F10x_StdPeriph_Driver\src\stm32f10x_dma.o
                0x080014c4                DMA_StructInit
 .text.DMA_Cmd  0x08001518       0x38 Libraries\STM32F10x_StdPeriph_Driver\src\stm32f10x_dma.o
                0x08001518                DMA_Cmd
 .text.DMA_GetCurrDataCounter
                0x08001550       0x18 Libraries\STM32F10x_StdPeriph_Driver\src\stm32f10x_dma.o
                0x08001550                DMA_GetCurrDataCounter
 .text.DMA_GetFlagStatus
                0x08001568       0x50 Libraries\STM32F10x_StdPeriph_Driver\src\stm32f10x_dma.o
                0x08001568                DMA_GetFlagStatus
 .text.DMA_ClearFlag
                0x080015b8       0x34 Libraries\STM32F10x_StdPeriph_Driver\src\stm32f10x_dma.o
                0x080015b8                DMA_ClearFlag
 .text.FLASH_Unlock
                0x080015ec       0x24 Libraries\STM32F10x_StdPeriph_Driver\src\stm32f10x_flash.o
                0x080015ec                FLASH_Unlock
 .text.FLASH_Lock
                0x08001610       0x1c Libraries\STM32F10x_StdPeriph_Driver\src\stm32f10x_flash.o
                0x08001610                FLASH_Lock
 .text.FLASH_ErasePage
                0x0800162c       0x64 Libraries\STM32F10x_StdPeriph_Driver\src\stm32f10x_flash.o
                0x0800162c                FLASH_ErasePage
 .text.FLASH_ProgramHalfWord
                0x08001690       0x5c Libraries\STM32F10x_StdPeriph_Driver\src\stm32f10x_flash.o
                0x08001690                FLASH_ProgramHalfWord
 .text.FLASH_GetBank1Status
                0x080016ec       0x54 Libraries\STM32F10x_StdPeriph_Driver\src\stm32f10x_flash.o
                0x080016ec                FLASH_GetBank1Status
 .text.FLASH_WaitForLastOperation
                0x08001740       0x44 Libraries\STM32F10x_StdPeriph_Driver\src\stm32f10x_flash.o
                0x08001740                FLASH_WaitForLastOperation
 .text.GPIO_Init
                0x08001784      0x178 Libraries\STM32F10x_StdPeriph_Driver\src\stm32f10x_gpio.o
                0x08001784                GPIO_Init
 .text.GPIO_StructInit
                0x080018fc       0x26 Libraries\STM32F10x_StdPeriph_Driver\src\stm32f10x_gpio.o
                0x080018fc                GPIO_StructInit
 *fill*         0x08001922        0x2 
 .text.RCC_ADCCLKConfig
                0x08001924       0x38 Libraries\STM32F10x_StdPeriph_Driver\src\stm32f10x_rcc.o
                0x08001924                RCC_ADCCLKConfig
 .text.RCC_GetClocksFreq
                0x0800195c      0x160 Libraries\STM32F10x_StdPeriph_Driver\src\stm32f10x_rcc.o
                0x0800195c                RCC_GetClocksFreq
 .text.RCC_AHBPeriphClockCmd
                0x08001abc       0x3c Libraries\STM32F10x_StdPeriph_Driver\src\stm32f10x_rcc.o
                0x08001abc                RCC_AHBPeriphClockCmd
 .text.RCC_APB2PeriphClockCmd
                0x08001af8       0x3c Libraries\STM32F10x_StdPeriph_Driver\src\stm32f10x_rcc.o
                0x08001af8                RCC_APB2PeriphClockCmd
 .text.RCC_APB1PeriphClockCmd
                0x08001b34       0x3c Libraries\STM32F10x_StdPeriph_Driver\src\stm32f10x_rcc.o
                0x08001b34                RCC_APB1PeriphClockCmd
 .text.SPI_Init
                0x08001b70       0x86 Libraries\STM32F10x_StdPeriph_Driver\src\stm32f10x_spi.o
                0x08001b70                SPI_Init
 .text.SPI_StructInit
                0x08001bf6       0x48 Libraries\STM32F10x_StdPeriph_Driver\src\stm32f10x_spi.o
                0x08001bf6                SPI_StructInit
 .text.SPI_Cmd  0x08001c3e       0x3e Libraries\STM32F10x_StdPeriph_Driver\src\stm32f10x_spi.o
                0x08001c3e                SPI_Cmd
 .text.SPI_I2S_DMACmd
                0x08001c7c       0x46 Libraries\STM32F10x_StdPeriph_Driver\src\stm32f10x_spi.o
                0x08001c7c                SPI_I2S_DMACmd
 *fill*         0x08001cc2        0x2 
 .text.TIM_TimeBaseInit
                0x08001cc4       0xf8 Libraries\STM32F10x_StdPeriph_Driver\src\stm32f10x_tim.o
                0x08001cc4                TIM_TimeBaseInit
 .text.TIM_ICInit
                0x08001dbc       0xa8 Libraries\STM32F10x_StdPeriph_Driver\src\stm32f10x_tim.o
                0x08001dbc                TIM_ICInit
 .text.TIM_TimeBaseStructInit
                0x08001e64       0x32 Libraries\STM32F10x_StdPeriph_Driver\src\stm32f10x_tim.o
                0x08001e64                TIM_TimeBaseStructInit
 .text.TIM_ICStructInit
                0x08001e96       0x30 Libraries\STM32F10x_StdPeriph_Driver\src\stm32f10x_tim.o
                0x08001e96                TIM_ICStructInit
 .text.TIM_Cmd  0x08001ec6       0x3e Libraries\STM32F10x_StdPeriph_Driver\src\stm32f10x_tim.o
                0x08001ec6                TIM_Cmd
 .text.TIM_SetIC1Prescaler
                0x08001f04       0x36 Libraries\STM32F10x_StdPeriph_Driver\src\stm32f10x_tim.o
                0x08001f04                TIM_SetIC1Prescaler
 .text.TIM_SetIC2Prescaler
                0x08001f3a       0x3a Libraries\STM32F10x_StdPeriph_Driver\src\stm32f10x_tim.o
                0x08001f3a                TIM_SetIC2Prescaler
 .text.TIM_SetIC3Prescaler
                0x08001f74       0x36 Libraries\STM32F10x_StdPeriph_Driver\src\stm32f10x_tim.o
                0x08001f74                TIM_SetIC3Prescaler
 .text.TIM_SetIC4Prescaler
                0x08001faa       0x3a Libraries\STM32F10x_StdPeriph_Driver\src\stm32f10x_tim.o
                0x08001faa                TIM_SetIC4Prescaler
 .text.TIM_GetCapture1
                0x08001fe4       0x18 Libraries\STM32F10x_StdPeriph_Driver\src\stm32f10x_tim.o
                0x08001fe4                TIM_GetCapture1
 .text.TIM_GetCapture2
                0x08001ffc       0x18 Libraries\STM32F10x_StdPeriph_Driver\src\stm32f10x_tim.o
                0x08001ffc                TIM_GetCapture2
 .text.TIM_GetCapture3
                0x08002014       0x18 Libraries\STM32F10x_StdPeriph_Driver\src\stm32f10x_tim.o
                0x08002014                TIM_GetCapture3
 .text.TIM_GetCapture4
                0x0800202c       0x1a Libraries\STM32F10x_StdPeriph_Driver\src\stm32f10x_tim.o
                0x0800202c                TIM_GetCapture4
 .text.TIM_GetFlagStatus
                0x08002046       0x36 Libraries\STM32F10x_StdPeriph_Driver\src\stm32f10x_tim.o
                0x08002046                TIM_GetFlagStatus
 .text.TI1_Config
                0x0800207c       0xe0 Libraries\STM32F10x_StdPeriph_Driver\src\stm32f10x_tim.o
 .text.TI2_Config
                0x0800215c       0xf4 Libraries\STM32F10x_StdPeriph_Driver\src\stm32f10x_tim.o
 .text.TI3_Config
                0x08002250       0xec Libraries\STM32F10x_StdPeriph_Driver\src\stm32f10x_tim.o
 .text.TI4_Config
                0x0800233c       0xf8 Libraries\STM32F10x_StdPeriph_Driver\src\stm32f10x_tim.o
 .text.USART_Init
                0x08002434      0x174 Libraries\STM32F10x_StdPeriph_Driver\src\stm32f10x_usart.o
                0x08002434                USART_Init
 .text.USART_Cmd
                0x080025a8       0x3e Libraries\STM32F10x_StdPeriph_Driver\src\stm32f10x_usart.o
                0x080025a8                USART_Cmd
 .text.USART_DMACmd
                0x080025e6       0x46 Libraries\STM32F10x_StdPeriph_Driver\src\stm32f10x_usart.o
                0x080025e6                USART_DMACmd
 .text.USART_SendData
                0x0800262c       0x22 Libraries\STM32F10x_StdPeriph_Driver\src\stm32f10x_usart.o
                0x0800262c                USART_SendData
 .text.USART_GetFlagStatus
                0x0800264e       0x36 Libraries\STM32F10x_StdPeriph_Driver\src\stm32f10x_usart.o
                0x0800264e                USART_GetFlagStatus
 .text._ZN11CSerialPort4InitEP6IUsartP6ITimer
                0x08002684       0x1e src\Communication\SerialPort.o
                0x08002684                CSerialPort::Init(IUsart*, ITimer*)
 .text._ZN11CSerialPort11AddFunctionEhPFvPcS0_E
                0x080026a2        0xe src\Communication\SerialPort.o
                0x080026a2                CSerialPort::AddFunction(unsigned char, void (*)(char*, char*))
 .text._ZN11CSerialPort7ExecuteEv
                0x080026b0       0xe8 src\Communication\SerialPort.o
                0x080026b0                CSerialPort::Execute()
 .text._ZN11CSerialPortC2Ev
                0x08002798       0x28 src\Communication\SerialPort.o
                0x08002798                CSerialPort::CSerialPort()
                0x08002798                CSerialPort::CSerialPort()
 .text._ZN11CSerialPortD2Ev
                0x080027c0       0x18 src\Communication\SerialPort.o
                0x080027c0                CSerialPort::~CSerialPort()
                0x080027c0                CSerialPort::~CSerialPort()
 .text._ZN11CSerialPortD0Ev
                0x080027d8       0x12 src\Communication\SerialPort.o
                0x080027d8                CSerialPort::~CSerialPort()
 *fill*         0x080027ea        0x2 
 .text._ZN3DMDC2Ev
                0x080027ec       0x20 src\DMD\DMD.o
                0x080027ec                DMD::DMD()
                0x080027ec                DMD::DMD()
 .text._ZN3DMD10WritePixelEtthh
                0x0800280c       0xce src\DMD\DMD.o
                0x0800280c                DMD::WritePixel(unsigned short, unsigned short, unsigned char, unsigned char)
 .text._ZN3DMD11ClearScreenEh
                0x080028da       0x24 src\DMD\DMD.o
                0x080028da                DMD::ClearScreen(unsigned char)
 .text._ZN3DMD4InitEhhP11SPI_TypeDefP4IDmaP6ITimerP5IGpioS7_S7_S7_t
                0x080028fe       0xc4 src\DMD\DMD.o
                0x080028fe                DMD::Init(unsigned char, unsigned char, SPI_TypeDef*, IDma*, ITimer*, IGpio*, IGpio*, IGpio*, IGpio*, unsigned short)
 .text._ZN3DMD8DrawLineEssssh
                0x080029c2       0xf0 src\DMD\DMD.o
                0x080029c2                DMD::DrawLine(short, short, short, short, unsigned char)
 .text._ZN3DMD13DrawFilledBoxEssssh
                0x08002ab2       0x36 src\DMD\DMD.o
                0x08002ab2                DMD::DrawFilledBox(short, short, short, short, unsigned char)
 .text._ZN3DMD7ExecuteEv
                0x08002ae8      0x1e2 src\DMD\DMD.o
                0x08002ae8                DMD::Execute()
 .text._ZN3DMD13SetBrightnessEf
                0x08002cca       0x26 src\DMD\DMD.o
                0x08002cca                DMD::SetBrightness(float)
 .text._ZN3DMD10SelectFontEPKh
                0x08002cf0        0x6 src\DMD\DMD.o
                0x08002cf0                DMD::SelectFont(unsigned char const*)
 .text._ZN3DMD9CharWidthEh
                0x08002cf6       0x3a src\DMD\DMD.o
                0x08002cf6                DMD::CharWidth(unsigned char)
 .text._ZN3DMD8DrawCharEsshh
                0x08002d30      0x1c0 src\DMD\DMD.o
                0x08002d30                DMD::DrawChar(short, short, unsigned char, unsigned char)
 .text._ZN3DMD10DrawStringEssPKchh
                0x08002ef0       0xcc src\DMD\DMD.o
                0x08002ef0                DMD::DrawString(short, short, char const*, unsigned char, unsigned char)
 .text._ZN3DMD11DrawMarqueeEPKchss
                0x08002fbc       0x70 src\DMD\DMD.o
                0x08002fbc                DMD::DrawMarquee(char const*, unsigned char, short, short)
 .text._ZN3DMD11StepMarqueeEss
                0x0800302c      0x1e0 src\DMD\DMD.o
                0x0800302c                DMD::StepMarquee(short, short)
 .text._ZN13CACDisplayDmd4InitEP17CACFrequencyMeterP12CAnalogInputP3DMDP6ITimer
                0x0800320c       0x20 src\Device\ACDisplayDmd.o
                0x0800320c                CACDisplayDmd::Init(CACFrequencyMeter*, CAnalogInput*, DMD*, ITimer*)
 .text._ZN13CACDisplayDmd11executeTextEv
                0x0800322c       0x4c src\Device\ACDisplayDmd.o
                0x0800322c                CACDisplayDmd::executeText()
 .text._ZN13CACDisplayDmd7SetTextEPKc
                0x08003278       0x2a src\Device\ACDisplayDmd.o
                0x08003278                CACDisplayDmd::SetText(char const*)
 *fill*         0x080032a2        0x2 
 .text._ZN13CACDisplayDmdC2Ev
                0x080032a4       0x20 src\Device\ACDisplayDmd.o
                0x080032a4                CACDisplayDmd::CACDisplayDmd()
                0x080032a4                CACDisplayDmd::CACDisplayDmd()
 .text._ZNK15CCircularBufferItLt100EE5CountEv
                0x080032c4        0xe src\Device\ACDisplayDmd.o
                0x080032c4                CCircularBuffer<unsigned short, (unsigned short)100>::Count() const
 *fill*         0x080032d2        0x2 
 .text._ZN13CACDisplayDmd16executeAcDisplayEv
                0x080032d4      0x1ec src\Device\ACDisplayDmd.o
                0x080032d4                CACDisplayDmd::executeAcDisplay()
 .text._ZN13CACDisplayDmd7ExecuteEv
                0x080034c0       0x5e src\Device\ACDisplayDmd.o
                0x080034c0                CACDisplayDmd::Execute()
 *fill*         0x0800351e        0x2 
 .text._ZN13CACDisplayDmdD2Ev
                0x08003520       0x18 src\Device\ACDisplayDmd.o
                0x08003520                CACDisplayDmd::~CACDisplayDmd()
                0x08003520                CACDisplayDmd::~CACDisplayDmd()
 .text._ZN13CACDisplayDmdD0Ev
                0x08003538       0x12 src\Device\ACDisplayDmd.o
                0x08003538                CACDisplayDmd::~CACDisplayDmd()
 .text._ZN10CHeartBeat4InitEP5IGpioP6ITimert
                0x0800354a       0x1a src\Device\HeartBeat.o
                0x0800354a                CHeartBeat::Init(IGpio*, ITimer*, unsigned short)
 .text._ZN10CHeartBeat7ExecuteEv
                0x08003564       0x36 src\Device\HeartBeat.o
                0x08003564                CHeartBeat::Execute()
 *fill*         0x0800359a        0x2 
 .text._ZN10CHeartBeatC2Ev
                0x0800359c       0x18 src\Device\HeartBeat.o
                0x0800359c                CHeartBeat::CHeartBeat()
                0x0800359c                CHeartBeat::CHeartBeat()
 .text._ZN10CHeartBeatD2Ev
                0x080035b4       0x18 src\Device\HeartBeat.o
                0x080035b4                CHeartBeat::~CHeartBeat()
                0x080035b4                CHeartBeat::~CHeartBeat()
 .text._ZN10CHeartBeatD0Ev
                0x080035cc       0x12 src\Device\HeartBeat.o
                0x080035cc                CHeartBeat::~CHeartBeat()
 .text._ZN15CCircularBufferItLt100EE5ClearEv
                0x080035de        0xa src\Device.o
                0x080035de                CCircularBuffer<unsigned short, (unsigned short)100>::Clear()
 .text._ZN13CMovAvgBufferItmLt100EE5ClearEv
                0x080035e8       0x14 src\Device.o
                0x080035e8                CMovAvgBuffer<unsigned short, unsigned long, (unsigned short)100>::Clear()
 .text._ZN13CMovAvgBufferItmLt100EEC2Ev
                0x080035fc       0x20 src\Device.o
                0x080035fc                CMovAvgBuffer<unsigned short, unsigned long, (unsigned short)100>::CMovAvgBuffer()
                0x080035fc                CMovAvgBuffer<unsigned short, unsigned long, (unsigned short)100>::CMovAvgBuffer()
 .text._Z41__static_initialization_and_destruction_0ii
                0x0800361c       0x8c src\Device.o
 .text._GLOBAL__sub_I_Dev
                0x080036a8        0xe src\Device.o
 .text._ZN7SDeviceD2Ev
                0x080036b6       0x48 src\Device.o
                0x080036b6                SDevice::~SDevice()
                0x080036b6                SDevice::~SDevice()
 *fill*         0x080036fe        0x2 
 .text._ZN12CAnalogInputD2Ev
                0x08003700       0x18 src\Device.o
                0x08003700                CAnalogInput::~CAnalogInput()
                0x08003700                CAnalogInput::~CAnalogInput()
 .text._ZN12CAnalogInputD0Ev
                0x08003718       0x1c src\Device.o
                0x08003718                CAnalogInput::~CAnalogInput()
 .text._ZN13CSTM32F10xADC4ReadEv
                0x08003734        0x6 src\Peripheral\STM32F10xADC.o
                0x08003734                CSTM32F10xADC::Read()
 .text._ZN13CSTM32F10xADCD2Ev
                0x0800373a        0x2 src\Peripheral\STM32F10xADC.o
                0x0800373a                CSTM32F10xADC::~CSTM32F10xADC()
                0x0800373a                CSTM32F10xADC::~CSTM32F10xADC()
 .text._ZN13CSTM32F10xADCD0Ev
                0x0800373c        0xc src\Peripheral\STM32F10xADC.o
                0x0800373c                CSTM32F10xADC::~CSTM32F10xADC()
 .text._ZN13CSTM32F10xADC4InitEPt
                0x08003748        0x4 src\Peripheral\STM32F10xADC.o
                0x08003748                CSTM32F10xADC::Init(unsigned short*)
 .text._ZN13CSTM32F10xADCC2Ev
                0x0800374c        0xc src\Peripheral\STM32F10xADC.o
                0x0800374c                CSTM32F10xADC::CSTM32F10xADC()
                0x0800374c                CSTM32F10xADC::CSTM32F10xADC()
 .text._ZN13CSTM32F10xDMAD2Ev
                0x08003758        0x2 src\Peripheral\STM32F10xDMA.o
                0x08003758                CSTM32F10xDMA::~CSTM32F10xDMA()
                0x08003758                CSTM32F10xDMA::~CSTM32F10xDMA()
 .text._ZN13CSTM32F10xDMA12SetDirectionEm
                0x0800375a       0x10 src\Peripheral\STM32F10xDMA.o
                0x0800375a                CSTM32F10xDMA::SetDirection(unsigned long)
 .text._ZN13CSTM32F10xDMA10SetAddressEmm
                0x0800376a       0x12 src\Peripheral\STM32F10xDMA.o
                0x0800376a                CSTM32F10xDMA::SetAddress(unsigned long, unsigned long)
 .text._ZN13CSTM32F10xDMA13SetBufferSizeEt
                0x0800377c       0x10 src\Peripheral\STM32F10xDMA.o
                0x0800377c                CSTM32F10xDMA::SetBufferSize(unsigned short)
 .text._ZN13CSTM32F10xDMA5StartEv
                0x0800378c        0xc src\Peripheral\STM32F10xDMA.o
                0x0800378c                CSTM32F10xDMA::Start()
 .text._ZN13CSTM32F10xDMA4StopEv
                0x08003798        0xc src\Peripheral\STM32F10xDMA.o
                0x08003798                CSTM32F10xDMA::Stop()
 .text._ZN13CSTM32F10xDMA12GetDataIndexEv
                0x080037a4       0x10 src\Peripheral\STM32F10xDMA.o
                0x080037a4                CSTM32F10xDMA::GetDataIndex()
 .text._ZN13CSTM32F10xDMA18IsTransferFinishedEv
                0x080037b4       0x1a src\Peripheral\STM32F10xDMA.o
                0x080037b4                CSTM32F10xDMA::IsTransferFinished()
 .text._ZN13CSTM32F10xDMAD0Ev
                0x080037ce        0xc src\Peripheral\STM32F10xDMA.o
                0x080037ce                CSTM32F10xDMA::~CSTM32F10xDMA()
 *fill*         0x080037da        0x2 
 .text._ZN13CSTM32F10xDMA4InitEP11DMA_TypeDefP19DMA_Channel_TypeDefmm
                0x080037dc      0x104 src\Peripheral\STM32F10xDMA.o
                0x080037dc                CSTM32F10xDMA::Init(DMA_TypeDef*, DMA_Channel_TypeDef*, unsigned long, unsigned long)
 .text._ZN13CSTM32F10xDMAC2Ev
                0x080038e0       0x1c src\Peripheral\STM32F10xDMA.o
                0x080038e0                CSTM32F10xDMA::CSTM32F10xDMA()
                0x080038e0                CSTM32F10xDMA::CSTM32F10xDMA()
 .text._ZN14CSTM32F10xGpio3SetEv
                0x080038fc        0xc src\Peripheral\STM32F10xGpio.o
                0x080038fc                CSTM32F10xGpio::Set()
 .text._ZN14CSTM32F10xGpio5ClearEv
                0x08003908        0xc src\Peripheral\STM32F10xGpio.o
                0x08003908                CSTM32F10xGpio::Clear()
 .text._ZNK14CSTM32F10xGpio3GetEv
                0x08003914       0x10 src\Peripheral\STM32F10xGpio.o
                0x08003914                CSTM32F10xGpio::Get() const
 .text._ZN14CSTM32F10xGpioD2Ev
                0x08003924        0x2 src\Peripheral\STM32F10xGpio.o
                0x08003924                CSTM32F10xGpio::~CSTM32F10xGpio()
                0x08003924                CSTM32F10xGpio::~CSTM32F10xGpio()
 .text._ZN14CSTM32F10xGpioD0Ev
                0x08003926        0xc src\Peripheral\STM32F10xGpio.o
                0x08003926                CSTM32F10xGpio::~CSTM32F10xGpio()
 .text._ZN14CSTM32F10xGpio4InitEP12GPIO_TypeDefh
                0x08003932       0x18 src\Peripheral\STM32F10xGpio.o
                0x08003932                CSTM32F10xGpio::Init(GPIO_TypeDef*, unsigned char)
 *fill*         0x0800394a        0x2 
 .text._ZN14CSTM32F10xGpioC2Ev
                0x0800394c       0x10 src\Peripheral\STM32F10xGpio.o
                0x0800394c                CSTM32F10xGpio::CSTM32F10xGpio()
                0x0800394c                CSTM32F10xGpio::CSTM32F10xGpio()
 .text._ZN22CSTM32F10xInputCaptureD2Ev
                0x0800395c        0x2 src\Peripheral\STM32F10xInputCapture.o
                0x0800395c                CSTM32F10xInputCapture::~CSTM32F10xInputCapture()
                0x0800395c                CSTM32F10xInputCapture::~CSTM32F10xInputCapture()
 .text._ZNK22CSTM32F10xInputCapture4ReadEv
                0x0800395e       0x3e src\Peripheral\STM32F10xInputCapture.o
                0x0800395e                CSTM32F10xInputCapture::Read() const
 .text._ZNK22CSTM32F10xInputCapture11IsTriggeredEv
                0x0800399c       0x5e src\Peripheral\STM32F10xInputCapture.o
                0x0800399c                CSTM32F10xInputCapture::IsTriggered() const
 .text._ZN22CSTM32F10xInputCaptureD0Ev
                0x080039fa        0xc src\Peripheral\STM32F10xInputCapture.o
                0x080039fa                CSTM32F10xInputCapture::~CSTM32F10xInputCapture()
 .text._ZN22CSTM32F10xInputCapture4InitEP11TIM_TypeDeft
                0x08003a06        0x6 src\Peripheral\STM32F10xInputCapture.o
                0x08003a06                CSTM32F10xInputCapture::Init(TIM_TypeDef*, unsigned short)
 .text._ZN22CSTM32F10xInputCaptureC2Ev
                0x08003a0c        0xc src\Peripheral\STM32F10xInputCapture.o
                0x08003a0c                CSTM32F10xInputCapture::CSTM32F10xInputCapture()
                0x08003a0c                CSTM32F10xInputCapture::CSTM32F10xInputCapture()
 .text._ZNK15CSTM32F10xTimer12CurrentTicksEv
                0x08003a18        0x8 src\Peripheral\STM32F10xTimer.o
                0x08003a18                CSTM32F10xTimer::CurrentTicks() const
 .text._ZN15CSTM32F10xTimerD2Ev
                0x08003a20        0x2 src\Peripheral\STM32F10xTimer.o
                0x08003a20                CSTM32F10xTimer::~CSTM32F10xTimer()
                0x08003a20                CSTM32F10xTimer::~CSTM32F10xTimer()
 .text._ZN15CSTM32F10xTimerD0Ev
                0x08003a22        0xc src\Peripheral\STM32F10xTimer.o
                0x08003a22                CSTM32F10xTimer::~CSTM32F10xTimer()
 .text._ZN15CSTM32F10xTimer4InitEP11TIM_TypeDef
                0x08003a2e        0x4 src\Peripheral\STM32F10xTimer.o
                0x08003a2e                CSTM32F10xTimer::Init(TIM_TypeDef*)
 *fill*         0x08003a32        0x2 
 .text._ZN15CSTM32F10xTimerC2Ev
                0x08003a34        0xc src\Peripheral\STM32F10xTimer.o
                0x08003a34                CSTM32F10xTimer::CSTM32F10xTimer()
                0x08003a34                CSTM32F10xTimer::CSTM32F10xTimer()
 .text._ZN15CSTM32F10xUSART4ReadEPhPt
                0x08003a40        0x4 src\Peripheral\STM32F10xUSART.o
                0x08003a40                CSTM32F10xUSART::Read(unsigned char*, unsigned short*)
 .text._ZN15CSTM32F10xUSARTD2Ev
                0x08003a44        0x2 src\Peripheral\STM32F10xUSART.o
                0x08003a44                CSTM32F10xUSART::~CSTM32F10xUSART()
                0x08003a44                CSTM32F10xUSART::~CSTM32F10xUSART()
 .text._ZN13CCircularFifoIcLj322EED2Ev
                0x08003a46        0x2 src\Peripheral\STM32F10xUSART.o
                0x08003a46                CCircularFifo<char, 322u>::~CCircularFifo()
                0x08003a46                CCircularFifo<char, 322u>::~CCircularFifo()
 .text._ZN13CCircularFifoIcLj322EED0Ev
                0x08003a48        0xc src\Peripheral\STM32F10xUSART.o
                0x08003a48                CCircularFifo<char, 322u>::~CCircularFifo()
 .text._ZN15CSTM32F10xUSARTD0Ev
                0x08003a54        0xc src\Peripheral\STM32F10xUSART.o
                0x08003a54                CSTM32F10xUSART::~CSTM32F10xUSART()
 .text._ZN15CSTM32F10xUSART4InitEP13USART_TypeDefP19DMA_Channel_TypeDefPct
                0x08003a60        0xe src\Peripheral\STM32F10xUSART.o
                0x08003a60                CSTM32F10xUSART::Init(USART_TypeDef*, DMA_Channel_TypeDef*, char*, unsigned short)
 *fill*         0x08003a6e        0x2 
 .text._ZN15CSTM32F10xUSARTC2Ev
                0x08003a70       0x28 src\Peripheral\STM32F10xUSART.o
                0x08003a70                CSTM32F10xUSART::CSTM32F10xUSART()
                0x08003a70                CSTM32F10xUSART::CSTM32F10xUSART()
 .text._ZNK13CCircularFifoIcLj322EE7IsEmptyEv
                0x08003a98       0x10 src\Peripheral\STM32F10xUSART.o
                0x08003a98                CCircularFifo<char, 322u>::IsEmpty() const
 .text._ZN15CSTM32F10xUSART7HasDataEv
                0x08003aa8       0x12 src\Peripheral\STM32F10xUSART.o
                0x08003aa8                CSTM32F10xUSART::HasData()
 *fill*         0x08003aba        0x2 
 .text._ZNK13CCircularFifoIcLj322EE9incrementEj
                0x08003abc       0x20 src\Peripheral\STM32F10xUSART.o
                0x08003abc                CCircularFifo<char, 322u>::increment(unsigned int) const
 .text._ZN13CCircularFifoIcLj322EE4PushERc
                0x08003adc       0x26 src\Peripheral\STM32F10xUSART.o
                0x08003adc                CCircularFifo<char, 322u>::Push(char&)
 .text._ZN15CSTM32F10xUSART5WriteEPKct
                0x08003b02       0x30 src\Peripheral\STM32F10xUSART.o
                0x08003b02                CSTM32F10xUSART::Write(char const*, unsigned short)
 .text._ZN15CSTM32F10xUSART5WriteEPKc
                0x08003b32       0x2c src\Peripheral\STM32F10xUSART.o
                0x08003b32                CSTM32F10xUSART::Write(char const*)
 .text._ZN15CSTM32F10xUSART9executeRxEv
                0x08003b5e       0x36 src\Peripheral\STM32F10xUSART.o
                0x08003b5e                CSTM32F10xUSART::executeRx()
 .text._ZN13CCircularFifoIcLj322EE3PopERc
                0x08003b94       0x2c src\Peripheral\STM32F10xUSART.o
                0x08003b94                CCircularFifo<char, 322u>::Pop(char&)
 .text._ZN15CSTM32F10xUSART8ReadByteEv
                0x08003bc0       0x26 src\Peripheral\STM32F10xUSART.o
                0x08003bc0                CSTM32F10xUSART::ReadByte()
 .text._ZN15CSTM32F10xUSART9executeTxEv
                0x08003be6       0x38 src\Peripheral\STM32F10xUSART.o
                0x08003be6                CSTM32F10xUSART::executeTx()
 .text._ZN15CSTM32F10xUSART7ExecuteEv
                0x08003c1e       0x10 src\Peripheral\STM32F10xUSART.o
                0x08003c1e                CSTM32F10xUSART::Execute()
 .text._ZN17CACFrequencyMeter4InitEP13IInputCaptureP5IGpio
                0x08003c2e        0x6 src\Sensor\ACFrequencyMeter.o
                0x08003c2e                CACFrequencyMeter::Init(IInputCapture*, IGpio*)
 .text._ZN17CACFrequencyMeter17SetAlarmThresholdEff
                0x08003c34        0xa src\Sensor\ACFrequencyMeter.o
                0x08003c34                CACFrequencyMeter::SetAlarmThreshold(float, float)
 .text._ZN17CACFrequencyMeter17GetAlarmThresholdEPfS0_
                0x08003c3e        0xe src\Sensor\ACFrequencyMeter.o
                0x08003c3e                CACFrequencyMeter::GetAlarmThreshold(float*, float*)
 .text._ZNK15CCircularBufferItLt100EE3GetEt
                0x08003c4c       0x36 src\Sensor\ACFrequencyMeter.o
                0x08003c4c                CCircularBuffer<unsigned short, (unsigned short)100>::Get(unsigned short) const
 .text._ZN15CCircularBufferItLt100EE3AddEt
                0x08003c82       0x24 src\Sensor\ACFrequencyMeter.o
                0x08003c82                CCircularBuffer<unsigned short, (unsigned short)100>::Add(unsigned short)
 *fill*         0x08003ca6        0x2 
 .text._ZN17CACFrequencyMeterD2Ev
                0x08003ca8        0xc src\Sensor\ACFrequencyMeter.o
                0x08003ca8                CACFrequencyMeter::~CACFrequencyMeter()
                0x08003ca8                CACFrequencyMeter::~CACFrequencyMeter()
 .text._ZN17CACFrequencyMeterD0Ev
                0x08003cb4       0x12 src\Sensor\ACFrequencyMeter.o
                0x08003cb4                CACFrequencyMeter::~CACFrequencyMeter()
 .text._ZNK15CCircularBufferItLt100EE6IsFullEv
                0x08003cc6        0x4 src\Sensor\ACFrequencyMeter.o
                0x08003cc6                CCircularBuffer<unsigned short, (unsigned short)100>::IsFull() const
 .text._ZN13CMovAvgBufferItmLt100EE9AddSampleEt
                0x08003cca       0x42 src\Sensor\ACFrequencyMeter.o
                0x08003cca                CMovAvgBuffer<unsigned short, unsigned long, (unsigned short)100>::AddSample(unsigned short)
 .text._ZN17CACFrequencyMeter13ReadFrequencyEv
                0x08003d0c       0x30 src\Sensor\ACFrequencyMeter.o
                0x08003d0c                CACFrequencyMeter::ReadFrequency()
 .text._ZN17CACFrequencyMeter12executeAlarmEv
                0x08003d3c       0x34 src\Sensor\ACFrequencyMeter.o
                0x08003d3c                CACFrequencyMeter::executeAlarm()
 .text._ZN17CACFrequencyMeter7ExecuteEv
                0x08003d70       0x34 src\Sensor\ACFrequencyMeter.o
                0x08003d70                CACFrequencyMeter::Execute()
 .text._ZN17CACFrequencyMeterC2Ev
                0x08003da4       0x1c src\Sensor\ACFrequencyMeter.o
                0x08003da4                CACFrequencyMeter::CACFrequencyMeter()
                0x08003da4                CACFrequencyMeter::CACFrequencyMeter()
 .text._ZN8CStorageD2Ev
                0x08003dc0        0x2 src\Storage\Storage.o
                0x08003dc0                CStorage::~CStorage()
                0x08003dc0                CStorage::~CStorage()
 *fill*         0x08003dc2        0x2 
 .text._Z41__static_initialization_and_destruction_0ii
                0x08003dc4       0x3c src\Storage\Storage.o
 .text._ZN8CStorage4SaveEv
                0x08003e00       0x54 src\Storage\Storage.o
                0x08003e00                CStorage::Save()
 .text._ZN8CStorage11storeConfigEv
                0x08003e54       0x4c src\Storage\Storage.o
                0x08003e54                CStorage::storeConfig()
 .text._ZN8CStorage10setDefaultEv
                0x08003ea0       0x68 src\Storage\Storage.o
                0x08003ea0                CStorage::setDefault()
 .text._ZN8CStorage4LoadEv
                0x08003f08       0x4c src\Storage\Storage.o
                0x08003f08                CStorage::Load()
 .text._GLOBAL__sub_I__ZN8CStorage4SaveEv
                0x08003f54        0xe src\Storage\Storage.o
 .text._ZN8CTimeoutD2Ev
                0x08003f62        0x2 src\Utilities\Timeout.o
                0x08003f62                CTimeout::~CTimeout()
                0x08003f62                CTimeout::~CTimeout()
 .text._ZN8CTimeoutD0Ev
                0x08003f64        0xc src\Utilities\Timeout.o
                0x08003f64                CTimeout::~CTimeout()
 .text._ZN8CTimeout4InitEP6ITimer
                0x08003f70        0x4 src\Utilities\Timeout.o
                0x08003f70                CTimeout::Init(ITimer*)
 .text._ZN8CTimeout5ResetEv
                0x08003f74       0x14 src\Utilities\Timeout.o
                0x08003f74                CTimeout::Reset()
 .text._ZN8CTimeout9SetExpiryEt
                0x08003f88        0xa src\Utilities\Timeout.o
                0x08003f88                CTimeout::SetExpiry(unsigned short)
 .text._ZN8CTimeout10HasElapsedEv
                0x08003f92       0x26 src\Utilities\Timeout.o
                0x08003f92                CTimeout::HasElapsed()
 .text._ZN8CTimeoutC2Ev
                0x08003fb8        0xc src\Utilities\Timeout.o
                0x08003fb8                CTimeout::CTimeout()
                0x08003fb8                CTimeout::CTimeout()
 .text._ZZ4mainENUlPcS_E1_4_FUNES_S_
                0x08003fc4       0x20 src\main.o
 .text._ZZ4mainENUlPcS_E_4_FUNES_S_
                0x08003fe4       0x2c src\main.o
 .text._ZZ4mainENUlPcS_E0_4_FUNES_S_
                0x08004010       0x10 src\main.o
 .text._ZZ4mainENUlPcS_E2_4_FUNES_S_
                0x08004020       0x6c src\main.o
 .text._ZZ4mainENUlPcS_E3_4_FUNES_S_
                0x0800408c       0x64 src\main.o
 .text._ZZ4mainENUlPcS_E5_4_FUNES_S_
                0x080040f0       0x38 src\main.o
 .text._ZZ4mainENUlPcS_E6_4_FUNES_S_
                0x08004128       0x3c src\main.o
 .text._ZZ4mainENUlPcS_E7_4_FUNES_S_
                0x08004164       0x28 src\main.o
 .text._ZZ4mainENUlPcS_E8_4_FUNES_S_
                0x0800418c       0x50 src\main.o
 .text._ZZ4mainENUlPcS_E9_4_FUNES_S_
                0x080041dc       0x58 src\main.o
 .text._ZZ4mainENUlPcS_E4_4_FUNES_S_
                0x08004234       0x94 src\main.o
 .text.main     0x080042c8      0x680 src\main.o
                0x080042c8                main
 .text.Reset_Handler
                0x08004948       0x50 src\startup_stm32f10x_md.o
                0x08004948                Reset_Handler
 .text.Default_Handler
                0x08004998        0x2 src\startup_stm32f10x_md.o
                0x08004998                EXTI2_IRQHandler
                0x08004998                TIM1_CC_IRQHandler
                0x08004998                PVD_IRQHandler
                0x08004998                EXTI3_IRQHandler
                0x08004998                EXTI0_IRQHandler
                0x08004998                I2C2_EV_IRQHandler
                0x08004998                ADC1_2_IRQHandler
                0x08004998                SPI1_IRQHandler
                0x08004998                TAMPER_IRQHandler
                0x08004998                DMA1_Channel4_IRQHandler
                0x08004998                USART3_IRQHandler
                0x08004998                RTC_IRQHandler
                0x08004998                DMA1_Channel7_IRQHandler
                0x08004998                CAN1_RX1_IRQHandler
                0x08004998                TIM4_IRQHandler
                0x08004998                I2C1_EV_IRQHandler
                0x08004998                DMA1_Channel6_IRQHandler
                0x08004998                TIM3_IRQHandler
                0x08004998                RCC_IRQHandler
                0x08004998                TIM1_TRG_COM_IRQHandler
                0x08004998                DMA1_Channel1_IRQHandler
                0x08004998                Default_Handler
                0x08004998                EXTI15_10_IRQHandler
                0x08004998                EXTI9_5_IRQHandler
                0x08004998                SPI2_IRQHandler
                0x08004998                DMA1_Channel5_IRQHandler
                0x08004998                EXTI4_IRQHandler
                0x08004998                USB_LP_CAN1_RX0_IRQHandler
                0x08004998                USB_HP_CAN1_TX_IRQHandler
                0x08004998                DMA1_Channel3_IRQHandler
                0x08004998                TIM1_UP_IRQHandler
                0x08004998                WWDG_IRQHandler
                0x08004998                TIM2_IRQHandler
                0x08004998                TIM1_BRK_IRQHandler
                0x08004998                EXTI1_IRQHandler
                0x08004998                RTCAlarm_IRQHandler
                0x08004998                USART2_IRQHandler
                0x08004998                I2C2_ER_IRQHandler
                0x08004998                DMA1_Channel2_IRQHandler
                0x08004998                CAN1_SCE_IRQHandler
                0x08004998                FLASH_IRQHandler
                0x08004998                USART1_IRQHandler
                0x08004998                I2C1_ER_IRQHandler
                0x08004998                USBWakeUp_IRQHandler
 .text.NMI_Handler
                0x0800499a        0xc src\stm32f1xx_it.o
                0x0800499a                NMI_Handler
 .text.HardFault_Handler
                0x080049a6        0x6 src\stm32f1xx_it.o
                0x080049a6                HardFault_Handler
 .text.MemManage_Handler
                0x080049ac        0x6 src\stm32f1xx_it.o
                0x080049ac                MemManage_Handler
 .text.BusFault_Handler
                0x080049b2        0x6 src\stm32f1xx_it.o
                0x080049b2                BusFault_Handler
 .text.UsageFault_Handler
                0x080049b8        0x6 src\stm32f1xx_it.o
                0x080049b8                UsageFault_Handler
 .text.SVC_Handler
                0x080049be        0xc src\stm32f1xx_it.o
                0x080049be                SVC_Handler
 .text.DebugMon_Handler
                0x080049ca        0xc src\stm32f1xx_it.o
                0x080049ca                DebugMon_Handler
 .text.PendSV_Handler
                0x080049d6        0xc src\stm32f1xx_it.o
                0x080049d6                PendSV_Handler
 .text.SysTick_Handler
                0x080049e2        0xc src\stm32f1xx_it.o
                0x080049e2                SysTick_Handler
 *fill*         0x080049ee        0x2 
 .text.SystemInit
                0x080049f0       0x68 src\system_stm32f10x.o
                0x080049f0                SystemInit
 .text.SetSysClock
                0x08004a58        0xc src\system_stm32f10x.o
 .text.SetSysClockTo72
                0x08004a64      0x100 src\system_stm32f10x.o
 .text.ts_itoa  0x08004b64       0x90 src\tiny_printf.o
                0x08004b64                ts_itoa
 .text.ts_formatstring
                0x08004bf4      0x12e src\tiny_printf.o
                0x08004bf4                ts_formatstring
 .text.siprintf
                0x08004d22       0x2c src\tiny_printf.o
                0x08004d22                siprintf
                0x08004d22                sprintf
 *fill*         0x08004d4e        0x2 
 .text._ZdlPv   0x08004d50        0x4 c:/program files (x86)/atollic/truestudio for stm32 9.3.0/armtools/bin/../lib/gcc/arm-atollic-eabi/6.3.1/../../../../arm-atollic-eabi/lib/armv7-m\libstdc++.a(del_op.o)
                0x08004d50                operator delete(void*)
 .text.__aeabi_atexit
                0x08004d54        0xc c:/program files (x86)/atollic/truestudio for stm32 9.3.0/armtools/bin/../lib/gcc/arm-atollic-eabi/6.3.1/../../../../arm-atollic-eabi/lib/armv7-m\libstdc++.a(atexit_arm.o)
                0x08004d54                __aeabi_atexit
 .text.atof     0x08004d60        0x6 c:/program files (x86)/atollic/truestudio for stm32 9.3.0/armtools/bin/../lib/gcc/arm-atollic-eabi/6.3.1/../../../../arm-atollic-eabi/lib/armv7-m\libc.a(lib_a-atof.o)
                0x08004d60                atof
 .text.atoi     0x08004d66        0x8 c:/program files (x86)/atollic/truestudio for stm32 9.3.0/armtools/bin/../lib/gcc/arm-atollic-eabi/6.3.1/../../../../arm-atollic-eabi/lib/armv7-m\libc.a(lib_a-atoi.o)
                0x08004d66                atoi
 .text.__cxa_atexit
                0x08004d6e        0xc c:/program files (x86)/atollic/truestudio for stm32 9.3.0/armtools/bin/../lib/gcc/arm-atollic-eabi/6.3.1/../../../../arm-atollic-eabi/lib/armv7-m\libc.a(lib_a-cxa_atexit.o)
                0x08004d6e                __cxa_atexit
 *fill*         0x08004d7a        0x2 
 .text.__libc_init_array
                0x08004d7c       0x48 c:/program files (x86)/atollic/truestudio for stm32 9.3.0/armtools/bin/../lib/gcc/arm-atollic-eabi/6.3.1/../../../../arm-atollic-eabi/lib/armv7-m\libc.a(lib_a-init.o)
                0x08004d7c                __libc_init_array
 .text.malloc   0x08004dc4       0x10 c:/program files (x86)/atollic/truestudio for stm32 9.3.0/armtools/bin/../lib/gcc/arm-atollic-eabi/6.3.1/../../../../arm-atollic-eabi/lib/armv7-m\libc.a(lib_a-malloc.o)
                0x08004dc4                malloc
 .text.free     0x08004dd4       0x10 c:/program files (x86)/atollic/truestudio for stm32 9.3.0/armtools/bin/../lib/gcc/arm-atollic-eabi/6.3.1/../../../../arm-atollic-eabi/lib/armv7-m\libc.a(lib_a-malloc.o)
                0x08004dd4                free
 .text._malloc_r
                0x08004de4      0x418 c:/program files (x86)/atollic/truestudio for stm32 9.3.0/armtools/bin/../lib/gcc/arm-atollic-eabi/6.3.1/../../../../arm-atollic-eabi/lib/armv7-m\libc.a(lib_a-mallocr.o)
                0x08004de4                _malloc_r
 .text.memset   0x080051fc       0x10 c:/program files (x86)/atollic/truestudio for stm32 9.3.0/armtools/bin/../lib/gcc/arm-atollic-eabi/6.3.1/../../../../arm-atollic-eabi/lib/armv7-m\libc.a(lib_a-memset.o)
                0x080051fc                memset
 .text.__malloc_lock
                0x0800520c        0xc c:/program files (x86)/atollic/truestudio for stm32 9.3.0/armtools/bin/../lib/gcc/arm-atollic-eabi/6.3.1/../../../../arm-atollic-eabi/lib/armv7-m\libc.a(lib_a-mlock.o)
                0x0800520c                __malloc_lock
 .text.__malloc_unlock
                0x08005218        0xc c:/program files (x86)/atollic/truestudio for stm32 9.3.0/armtools/bin/../lib/gcc/arm-atollic-eabi/6.3.1/../../../../arm-atollic-eabi/lib/armv7-m\libc.a(lib_a-mlock.o)
                0x08005218                __malloc_unlock
 .text._sbrk_r  0x08005224       0x20 c:/program files (x86)/atollic/truestudio for stm32 9.3.0/armtools/bin/../lib/gcc/arm-atollic-eabi/6.3.1/../../../../arm-atollic-eabi/lib/armv7-m\libc.a(lib_a-sbrkr.o)
                0x08005224                _sbrk_r
 .text.strcat   0x08005244       0x1e c:/program files (x86)/atollic/truestudio for stm32 9.3.0/armtools/bin/../lib/gcc/arm-atollic-eabi/6.3.1/../../../../arm-atollic-eabi/lib/armv7-m\libc.a(lib_a-strcat.o)
                0x08005244                strcat
 .text.strcpy   0x08005262       0x10 c:/program files (x86)/atollic/truestudio for stm32 9.3.0/armtools/bin/../lib/gcc/arm-atollic-eabi/6.3.1/../../../../arm-atollic-eabi/lib/armv7-m\libc.a(lib_a-strcpy.o)
                0x08005262                strcpy
 .text.unlikely.sulp
                0x08005272       0x42 c:/program files (x86)/atollic/truestudio for stm32 9.3.0/armtools/bin/../lib/gcc/arm-atollic-eabi/6.3.1/../../../../arm-atollic-eabi/lib/armv7-m\libc.a(lib_a-strtod.o)
 *fill*         0x080052b4        0x4 
 .text._strtod_l
                0x080052b8      0xbf0 c:/program files (x86)/atollic/truestudio for stm32 9.3.0/armtools/bin/../lib/gcc/arm-atollic-eabi/6.3.1/../../../../arm-atollic-eabi/lib/armv7-m\libc.a(lib_a-strtod.o)
                0x080052b8                _strtod_l
 .text.strtod   0x08005ea8       0x24 c:/program files (x86)/atollic/truestudio for stm32 9.3.0/armtools/bin/../lib/gcc/arm-atollic-eabi/6.3.1/../../../../arm-atollic-eabi/lib/armv7-m\libc.a(lib_a-strtod.o)
                0x08005ea8                strtod
 .text.strtok   0x08005ecc       0x58 c:/program files (x86)/atollic/truestudio for stm32 9.3.0/armtools/bin/../lib/gcc/arm-atollic-eabi/6.3.1/../../../../arm-atollic-eabi/lib/armv7-m\libc.a(lib_a-strtok.o)
                0x08005ecc                strtok
 .text.__strtok_r
                0x08005f24       0x52 c:/program files (x86)/atollic/truestudio for stm32 9.3.0/armtools/bin/../lib/gcc/arm-atollic-eabi/6.3.1/../../../../arm-atollic-eabi/lib/armv7-m\libc.a(lib_a-strtok_r.o)
                0x08005f24                __strtok_r
 .text._strtol_l.isra.0
                0x08005f76      0x100 c:/program files (x86)/atollic/truestudio for stm32 9.3.0/armtools/bin/../lib/gcc/arm-atollic-eabi/6.3.1/../../../../arm-atollic-eabi/lib/armv7-m\libc.a(lib_a-strtol.o)
 *fill*         0x08006076        0x2 
 .text.strtol   0x08006078       0x2c c:/program files (x86)/atollic/truestudio for stm32 9.3.0/armtools/bin/../lib/gcc/arm-atollic-eabi/6.3.1/../../../../arm-atollic-eabi/lib/armv7-m\libc.a(lib_a-strtol.o)
                0x08006078                strtol
 .text.__register_exitproc
                0x080060a4       0xf4 c:/program files (x86)/atollic/truestudio for stm32 9.3.0/armtools/bin/../lib/gcc/arm-atollic-eabi/6.3.1/../../../../arm-atollic-eabi/lib/armv7-m\libc.a(lib_a-__atexit.o)
                0x080060a4                __register_exitproc
 .text._malloc_trim_r
                0x08006198       0xac c:/program files (x86)/atollic/truestudio for stm32 9.3.0/armtools/bin/../lib/gcc/arm-atollic-eabi/6.3.1/../../../../arm-atollic-eabi/lib/armv7-m\libc.a(lib_a-freer.o)
                0x08006198                _malloc_trim_r
 .text._free_r  0x08006244      0x178 c:/program files (x86)/atollic/truestudio for stm32 9.3.0/armtools/bin/../lib/gcc/arm-atollic-eabi/6.3.1/../../../../arm-atollic-eabi/lib/armv7-m\libc.a(lib_a-freer.o)
                0x08006244                _free_r
 .text.rshift   0x080063bc       0x6a c:/program files (x86)/atollic/truestudio for stm32 9.3.0/armtools/bin/../lib/gcc/arm-atollic-eabi/6.3.1/../../../../arm-atollic-eabi/lib/armv7-m\libc.a(lib_a-gdtoa-gethex.o)
 .text.__hexdig_fun
                0x08006426       0x2a c:/program files (x86)/atollic/truestudio for stm32 9.3.0/armtools/bin/../lib/gcc/arm-atollic-eabi/6.3.1/../../../../arm-atollic-eabi/lib/armv7-m\libc.a(lib_a-gdtoa-gethex.o)
                0x08006426                __hexdig_fun
 .text.__gethex
                0x08006450      0x43e c:/program files (x86)/atollic/truestudio for stm32 9.3.0/armtools/bin/../lib/gcc/arm-atollic-eabi/6.3.1/../../../../arm-atollic-eabi/lib/armv7-m\libc.a(lib_a-gdtoa-gethex.o)
                0x08006450                __gethex
 .text.L_shift  0x0800688e       0x24 c:/program files (x86)/atollic/truestudio for stm32 9.3.0/armtools/bin/../lib/gcc/arm-atollic-eabi/6.3.1/../../../../arm-atollic-eabi/lib/armv7-m\libc.a(lib_a-gdtoa-hexnan.o)
 .text.__match  0x080068b2       0x26 c:/program files (x86)/atollic/truestudio for stm32 9.3.0/armtools/bin/../lib/gcc/arm-atollic-eabi/6.3.1/../../../../arm-atollic-eabi/lib/armv7-m\libc.a(lib_a-gdtoa-hexnan.o)
                0x080068b2                __match
 .text.__hexnan
                0x080068d8      0x120 c:/program files (x86)/atollic/truestudio for stm32 9.3.0/armtools/bin/../lib/gcc/arm-atollic-eabi/6.3.1/../../../../arm-atollic-eabi/lib/armv7-m\libc.a(lib_a-gdtoa-hexnan.o)
                0x080068d8                __hexnan
 .text.__locale_ctype_ptr_l
                0x080069f8        0x6 c:/program files (x86)/atollic/truestudio for stm32 9.3.0/armtools/bin/../lib/gcc/arm-atollic-eabi/6.3.1/../../../../arm-atollic-eabi/lib/armv7-m\libc.a(lib_a-locale.o)
                0x080069f8                __locale_ctype_ptr_l
 .text.__localeconv_l
                0x080069fe        0x4 c:/program files (x86)/atollic/truestudio for stm32 9.3.0/armtools/bin/../lib/gcc/arm-atollic-eabi/6.3.1/../../../../arm-atollic-eabi/lib/armv7-m\libc.a(lib_a-localeconv.o)
                0x080069fe                __localeconv_l
 .text.__retarget_lock_acquire_recursive
                0x08006a02        0x2 c:/program files (x86)/atollic/truestudio for stm32 9.3.0/armtools/bin/../lib/gcc/arm-atollic-eabi/6.3.1/../../../../arm-atollic-eabi/lib/armv7-m\libc.a(lib_a-lock.o)
                0x08006a02                __retarget_lock_acquire_recursive
 .text.__retarget_lock_release
                0x08006a04        0x2 c:/program files (x86)/atollic/truestudio for stm32 9.3.0/armtools/bin/../lib/gcc/arm-atollic-eabi/6.3.1/../../../../arm-atollic-eabi/lib/armv7-m\libc.a(lib_a-lock.o)
                0x08006a04                __retarget_lock_release
 .text.__retarget_lock_release_recursive
                0x08006a06        0x2 c:/program files (x86)/atollic/truestudio for stm32 9.3.0/armtools/bin/../lib/gcc/arm-atollic-eabi/6.3.1/../../../../arm-atollic-eabi/lib/armv7-m\libc.a(lib_a-lock.o)
                0x08006a06                __retarget_lock_release_recursive
 .text.__ascii_mbtowc
                0x08006a08       0x24 c:/program files (x86)/atollic/truestudio for stm32 9.3.0/armtools/bin/../lib/gcc/arm-atollic-eabi/6.3.1/../../../../arm-atollic-eabi/lib/armv7-m\libc.a(lib_a-mbtowc_r.o)
                0x08006a08                __ascii_mbtowc
 .text.memcpy   0x08006a2c       0x16 c:/program files (x86)/atollic/truestudio for stm32 9.3.0/armtools/bin/../lib/gcc/arm-atollic-eabi/6.3.1/../../../../arm-atollic-eabi/lib/armv7-m\libc.a(lib_a-memcpy-stub.o)
                0x08006a2c                memcpy
 .text._Balloc  0x08006a42       0x68 c:/program files (x86)/atollic/truestudio for stm32 9.3.0/armtools/bin/../lib/gcc/arm-atollic-eabi/6.3.1/../../../../arm-atollic-eabi/lib/armv7-m\libc.a(lib_a-mprec.o)
                0x08006a42                _Balloc
 .text._Bfree   0x08006aaa       0x2e c:/program files (x86)/atollic/truestudio for stm32 9.3.0/armtools/bin/../lib/gcc/arm-atollic-eabi/6.3.1/../../../../arm-atollic-eabi/lib/armv7-m\libc.a(lib_a-mprec.o)
                0x08006aaa                _Bfree
 .text.__multadd
                0x08006ad8       0x76 c:/program files (x86)/atollic/truestudio for stm32 9.3.0/armtools/bin/../lib/gcc/arm-atollic-eabi/6.3.1/../../../../arm-atollic-eabi/lib/armv7-m\libc.a(lib_a-mprec.o)
                0x08006ad8                __multadd
 .text.__s2b    0x08006b4e       0x7c c:/program files (x86)/atollic/truestudio for stm32 9.3.0/armtools/bin/../lib/gcc/arm-atollic-eabi/6.3.1/../../../../arm-atollic-eabi/lib/armv7-m\libc.a(lib_a-mprec.o)
                0x08006b4e                __s2b
 .text.__hi0bits
                0x08006bca       0x3e c:/program files (x86)/atollic/truestudio for stm32 9.3.0/armtools/bin/../lib/gcc/arm-atollic-eabi/6.3.1/../../../../arm-atollic-eabi/lib/armv7-m\libc.a(lib_a-mprec.o)
                0x08006bca                __hi0bits
 .text.__lo0bits
                0x08006c08       0x5e c:/program files (x86)/atollic/truestudio for stm32 9.3.0/armtools/bin/../lib/gcc/arm-atollic-eabi/6.3.1/../../../../arm-atollic-eabi/lib/armv7-m\libc.a(lib_a-mprec.o)
                0x08006c08                __lo0bits
 .text.__i2b    0x08006c66       0x12 c:/program files (x86)/atollic/truestudio for stm32 9.3.0/armtools/bin/../lib/gcc/arm-atollic-eabi/6.3.1/../../../../arm-atollic-eabi/lib/armv7-m\libc.a(lib_a-mprec.o)
                0x08006c66                __i2b
 .text.__multiply
                0x08006c78      0x118 c:/program files (x86)/atollic/truestudio for stm32 9.3.0/armtools/bin/../lib/gcc/arm-atollic-eabi/6.3.1/../../../../arm-atollic-eabi/lib/armv7-m\libc.a(lib_a-mprec.o)
                0x08006c78                __multiply
 .text.__pow5mult
                0x08006d90       0x9c c:/program files (x86)/atollic/truestudio for stm32 9.3.0/armtools/bin/../lib/gcc/arm-atollic-eabi/6.3.1/../../../../arm-atollic-eabi/lib/armv7-m\libc.a(lib_a-mprec.o)
                0x08006d90                __pow5mult
 .text.__lshift
                0x08006e2c       0xa2 c:/program files (x86)/atollic/truestudio for stm32 9.3.0/armtools/bin/../lib/gcc/arm-atollic-eabi/6.3.1/../../../../arm-atollic-eabi/lib/armv7-m\libc.a(lib_a-mprec.o)
                0x08006e2c                __lshift
 .text.__mcmp   0x08006ece       0x34 c:/program files (x86)/atollic/truestudio for stm32 9.3.0/armtools/bin/../lib/gcc/arm-atollic-eabi/6.3.1/../../../../arm-atollic-eabi/lib/armv7-m\libc.a(lib_a-mprec.o)
                0x08006ece                __mcmp
 .text.__mdiff  0x08006f02       0xbe c:/program files (x86)/atollic/truestudio for stm32 9.3.0/armtools/bin/../lib/gcc/arm-atollic-eabi/6.3.1/../../../../arm-atollic-eabi/lib/armv7-m\libc.a(lib_a-mprec.o)
                0x08006f02                __mdiff
 .text.__ulp    0x08006fc0       0x48 c:/program files (x86)/atollic/truestudio for stm32 9.3.0/armtools/bin/../lib/gcc/arm-atollic-eabi/6.3.1/../../../../arm-atollic-eabi/lib/armv7-m\libc.a(lib_a-mprec.o)
                0x08006fc0                __ulp
 .text.__b2d    0x08007008       0xa4 c:/program files (x86)/atollic/truestudio for stm32 9.3.0/armtools/bin/../lib/gcc/arm-atollic-eabi/6.3.1/../../../../arm-atollic-eabi/lib/armv7-m\libc.a(lib_a-mprec.o)
                0x08007008                __b2d
 .text.__d2b    0x080070ac       0x9e c:/program files (x86)/atollic/truestudio for stm32 9.3.0/armtools/bin/../lib/gcc/arm-atollic-eabi/6.3.1/../../../../arm-atollic-eabi/lib/armv7-m\libc.a(lib_a-mprec.o)
                0x080070ac                __d2b
 .text.__ratio  0x0800714a       0x50 c:/program files (x86)/atollic/truestudio for stm32 9.3.0/armtools/bin/../lib/gcc/arm-atollic-eabi/6.3.1/../../../../arm-atollic-eabi/lib/armv7-m\libc.a(lib_a-mprec.o)
                0x0800714a                __ratio
 .text.__copybits
                0x0800719a       0x34 c:/program files (x86)/atollic/truestudio for stm32 9.3.0/armtools/bin/../lib/gcc/arm-atollic-eabi/6.3.1/../../../../arm-atollic-eabi/lib/armv7-m\libc.a(lib_a-mprec.o)
                0x0800719a                __copybits
 .text.__any_on
                0x080071ce       0x42 c:/program files (x86)/atollic/truestudio for stm32 9.3.0/armtools/bin/../lib/gcc/arm-atollic-eabi/6.3.1/../../../../arm-atollic-eabi/lib/armv7-m\libc.a(lib_a-mprec.o)
                0x080071ce                __any_on
 .text.strncmp  0x08007210       0x24 c:/program files (x86)/atollic/truestudio for stm32 9.3.0/armtools/bin/../lib/gcc/arm-atollic-eabi/6.3.1/../../../../arm-atollic-eabi/lib/armv7-m\libc.a(lib_a-strncmp.o)
                0x08007210                strncmp
 .text.__ascii_wctomb
                0x08007234       0x1a c:/program files (x86)/atollic/truestudio for stm32 9.3.0/armtools/bin/../lib/gcc/arm-atollic-eabi/6.3.1/../../../../arm-atollic-eabi/lib/armv7-m\libc.a(lib_a-wctomb_r.o)
                0x08007234                __ascii_wctomb
 .text._calloc_r
                0x0800724e       0x5a c:/program files (x86)/atollic/truestudio for stm32 9.3.0/armtools/bin/../lib/gcc/arm-atollic-eabi/6.3.1/../../../../arm-atollic-eabi/lib/armv7-m\libc.a(lib_a-callocr.o)
                0x0800724e                _calloc_r
 .text._sbrk    0x080072a8       0x1c c:/program files (x86)/atollic/truestudio for stm32 9.3.0/armtools/bin/../lib/gcc/arm-atollic-eabi/6.3.1/../../../../arm-atollic-eabi/lib/armv7-m\libnosys.a(sbrk.o)
                0x080072a8                _sbrk
 *(.glue_7)
 .glue_7        0x080072c4        0x0 linker stubs
 *(.glue_7t)
 .glue_7t       0x080072c4        0x0 linker stubs
 *(.eh_frame)
 .eh_frame      0x080072c4        0x0 c:/program files (x86)/atollic/truestudio for stm32 9.3.0/armtools/bin/../lib/gcc/arm-atollic-eabi/6.3.1/armv7-m/crtbegin.o
 *(.init)
 .init          0x080072c4        0x4 c:/program files (x86)/atollic/truestudio for stm32 9.3.0/armtools/bin/../lib/gcc/arm-atollic-eabi/6.3.1/armv7-m/crti.o
                0x080072c4                _init
 .init          0x080072c8        0x8 c:/program files (x86)/atollic/truestudio for stm32 9.3.0/armtools/bin/../lib/gcc/arm-atollic-eabi/6.3.1/armv7-m/crtn.o
 *(.fini)
 .fini          0x080072d0        0x4 c:/program files (x86)/atollic/truestudio for stm32 9.3.0/armtools/bin/../lib/gcc/arm-atollic-eabi/6.3.1/armv7-m/crti.o
                0x080072d0                _fini
 .fini          0x080072d4        0x8 c:/program files (x86)/atollic/truestudio for stm32 9.3.0/armtools/bin/../lib/gcc/arm-atollic-eabi/6.3.1/armv7-m/crtn.o
                0x080072dc                . = ALIGN (0x4)
                0x080072dc                _etext = .

.vfp11_veneer   0x080072dc        0x0
 .vfp11_veneer  0x080072dc        0x0 linker stubs

.v4_bx          0x080072dc        0x0
 .v4_bx         0x080072dc        0x0 linker stubs

.iplt           0x080072dc        0x0
 .iplt          0x080072dc        0x0 c:/program files (x86)/atollic/truestudio for stm32 9.3.0/armtools/bin/../lib/gcc/arm-atollic-eabi/6.3.1/armv7-m/crtbegin.o

.rodata         0x080072e0      0x708
                0x080072e0                . = ALIGN (0x4)
 *(.rodata)
 .rodata        0x080072e0        0x8 src\DMD\DMD.o
 *(.rodata*)
 .rodata._ZN11CSerialPort7ExecuteEv.str1.4
                0x080072e8        0x4 src\Communication\SerialPort.o
 .rodata._ZTV11CSerialPort
                0x080072ec       0x10 src\Communication\SerialPort.o
                0x080072ec                vtable for CSerialPort
 .rodata._ZN13CACDisplayDmd16executeAcDisplayEv.str1.4
                0x080072fc       0x1e src\Device\ACDisplayDmd.o
 *fill*         0x0800731a        0x2 
 .rodata._ZTV13CACDisplayDmd
                0x0800731c       0x10 src\Device\ACDisplayDmd.o
                0x0800731c                vtable for CACDisplayDmd
 .rodata._ZTV10CHeartBeat
                0x0800732c       0x10 src\Device\HeartBeat.o
                0x0800732c                vtable for CHeartBeat
 .rodata._ZTV12CAnalogInput
                0x0800733c       0x10 src\Device.o
                0x0800733c                vtable for CAnalogInput
 .rodata._ZTV13CSTM32F10xADC
                0x0800734c       0x14 src\Peripheral\STM32F10xADC.o
                0x0800734c                vtable for CSTM32F10xADC
 .rodata._ZTV13CSTM32F10xDMA
                0x08007360       0x2c src\Peripheral\STM32F10xDMA.o
                0x08007360                vtable for CSTM32F10xDMA
 .rodata._ZTV14CSTM32F10xGpio
                0x0800738c       0x1c src\Peripheral\STM32F10xGpio.o
                0x0800738c                vtable for CSTM32F10xGpio
 .rodata._ZTV22CSTM32F10xInputCapture
                0x080073a8       0x18 src\Peripheral\STM32F10xInputCapture.o
                0x080073a8                vtable for CSTM32F10xInputCapture
 .rodata._ZTV15CSTM32F10xTimer
                0x080073c0       0x14 src\Peripheral\STM32F10xTimer.o
                0x080073c0                vtable for CSTM32F10xTimer
 .rodata._ZTV13CCircularFifoIcLj322EE
                0x080073d4       0x10 src\Peripheral\STM32F10xUSART.o
                0x080073d4                vtable for CCircularFifo<char, 322u>
 .rodata._ZTV15CSTM32F10xUSART
                0x080073e4       0x24 src\Peripheral\STM32F10xUSART.o
                0x080073e4                vtable for CSTM32F10xUSART
 .rodata._ZTV17CACFrequencyMeter
                0x08007408       0x10 src\Sensor\ACFrequencyMeter.o
                0x08007408                vtable for CACFrequencyMeter
 .rodata._ZTV8CTimeout
                0x08007418       0x10 src\Utilities\Timeout.o
                0x08007418                vtable for CTimeout
 .rodata._ZL13CalibriLght10
                0x08007428      0x326 src\main.o
 *fill*         0x0800774e        0x2 
 .rodata._ZZ4mainENUlPcS_E3_4_FUNES_S_.str1.4
                0x08007750        0x7 src\main.o
 *fill*         0x08007757        0x1 
 .rodata._ZZ4mainENUlPcS_E5_4_FUNES_S_.str1.4
                0x08007758        0x4 src\main.o
 .rodata._ZZ4mainENUlPcS_E_4_FUNES_S_.str1.4
                0x0800775c       0x1c src\main.o
                                 0x1a (size before relaxing)
 .rodata.__on_exit_args
                0x08007778        0x4 c:/program files (x86)/atollic/truestudio for stm32 9.3.0/armtools/bin/../lib/gcc/arm-atollic-eabi/6.3.1/../../../../arm-atollic-eabi/lib/armv7-m\libc.a(lib_a-on_exit_args.o)
                0x08007778                __on_exit_args
 .rodata._strtod_l.str1.1
                0x0800777c        0xc c:/program files (x86)/atollic/truestudio for stm32 9.3.0/armtools/bin/../lib/gcc/arm-atollic-eabi/6.3.1/../../../../arm-atollic-eabi/lib/armv7-m\libc.a(lib_a-strtod.o)
 .rodata.fpi.6155
                0x08007788       0x14 c:/program files (x86)/atollic/truestudio for stm32 9.3.0/armtools/bin/../lib/gcc/arm-atollic-eabi/6.3.1/../../../../arm-atollic-eabi/lib/armv7-m\libc.a(lib_a-strtod.o)
 .rodata.fpinan.6191
                0x0800779c       0x14 c:/program files (x86)/atollic/truestudio for stm32 9.3.0/armtools/bin/../lib/gcc/arm-atollic-eabi/6.3.1/../../../../arm-atollic-eabi/lib/armv7-m\libc.a(lib_a-strtod.o)
 .rodata.tinytens
                0x080077b0       0x28 c:/program files (x86)/atollic/truestudio for stm32 9.3.0/armtools/bin/../lib/gcc/arm-atollic-eabi/6.3.1/../../../../arm-atollic-eabi/lib/armv7-m\libc.a(lib_a-strtod.o)
 .rodata._global_impure_ptr
                0x080077d8        0x4 c:/program files (x86)/atollic/truestudio for stm32 9.3.0/armtools/bin/../lib/gcc/arm-atollic-eabi/6.3.1/../../../../arm-atollic-eabi/lib/armv7-m\libc.a(lib_a-impure.o)
                0x080077d8                _global_impure_ptr
 .rodata._setlocale_r.str1.1
                0x080077dc        0x8 c:/program files (x86)/atollic/truestudio for stm32 9.3.0/armtools/bin/../lib/gcc/arm-atollic-eabi/6.3.1/../../../../arm-atollic-eabi/lib/armv7-m\libc.a(lib_a-locale.o)
                                  0x9 (size before relaxing)
 .rodata.str1.1
                0x080077e4        0x2 c:/program files (x86)/atollic/truestudio for stm32 9.3.0/armtools/bin/../lib/gcc/arm-atollic-eabi/6.3.1/../../../../arm-atollic-eabi/lib/armv7-m\libc.a(lib_a-locale.o)
 *fill*         0x080077e6        0x2 
 .rodata.__mprec_bigtens
                0x080077e8       0x28 c:/program files (x86)/atollic/truestudio for stm32 9.3.0/armtools/bin/../lib/gcc/arm-atollic-eabi/6.3.1/../../../../arm-atollic-eabi/lib/armv7-m\libc.a(lib_a-mprec.o)
                0x080077e8                __mprec_bigtens
 .rodata.__mprec_tens
                0x08007810       0xc8 c:/program files (x86)/atollic/truestudio for stm32 9.3.0/armtools/bin/../lib/gcc/arm-atollic-eabi/6.3.1/../../../../arm-atollic-eabi/lib/armv7-m\libc.a(lib_a-mprec.o)
                0x08007810                __mprec_tens
 .rodata.p05.6073
                0x080078d8        0xc c:/program files (x86)/atollic/truestudio for stm32 9.3.0/armtools/bin/../lib/gcc/arm-atollic-eabi/6.3.1/../../../../arm-atollic-eabi/lib/armv7-m\libc.a(lib_a-mprec.o)
 .rodata._ctype_
                0x080078e4      0x101 c:/program files (x86)/atollic/truestudio for stm32 9.3.0/armtools/bin/../lib/gcc/arm-atollic-eabi/6.3.1/../../../../arm-atollic-eabi/lib/armv7-m\libc.a(lib_a-ctype_.o)
                0x080078e4                _ctype_
                0x080079e8                . = ALIGN (0x4)
 *fill*         0x080079e5        0x3 

.ARM.extab
 *(.ARM.extab* .gnu.linkonce.armextab.*)

.ARM            0x080079e8        0x8
                0x080079e8                __exidx_start = .
 *(.ARM.exidx*)
 .ARM.exidx.text._ZdlPv
                0x080079e8        0x8 c:/program files (x86)/atollic/truestudio for stm32 9.3.0/armtools/bin/../lib/gcc/arm-atollic-eabi/6.3.1/../../../../arm-atollic-eabi/lib/armv7-m\libstdc++.a(del_op.o)
 .ARM.exidx.text.__aeabi_atexit
                0x080079f0        0x0 c:/program files (x86)/atollic/truestudio for stm32 9.3.0/armtools/bin/../lib/gcc/arm-atollic-eabi/6.3.1/../../../../arm-atollic-eabi/lib/armv7-m\libstdc++.a(atexit_arm.o)
                                  0x8 (size before relaxing)
                0x080079f0                __exidx_end = .

.rel.dyn        0x080079f0        0x0
 .rel.iplt      0x080079f0        0x0 c:/program files (x86)/atollic/truestudio for stm32 9.3.0/armtools/bin/../lib/gcc/arm-atollic-eabi/6.3.1/armv7-m/crtbegin.o

.preinit_array  0x080079f0        0x0
                0x080079f0                PROVIDE (__preinit_array_start, .)
 *(.preinit_array*)
                0x080079f0                PROVIDE (__preinit_array_end, .)

.init_array     0x080079f0        0xc
                0x080079f0                PROVIDE (__init_array_start, .)
 *(SORT(.init_array.*))
 *(.init_array*)
 .init_array    0x080079f0        0x4 c:/program files (x86)/atollic/truestudio for stm32 9.3.0/armtools/bin/../lib/gcc/arm-atollic-eabi/6.3.1/armv7-m/crtbegin.o
 .init_array    0x080079f4        0x4 src\Device.o
 .init_array    0x080079f8        0x4 src\Storage\Storage.o
                0x080079fc                PROVIDE (__init_array_end, .)

.fini_array     0x080079fc        0x4
                [!provide]                PROVIDE (__fini_array_start, .)
 *(SORT(.fini_array.*))
 *(.fini_array*)
 .fini_array    0x080079fc        0x4 c:/program files (x86)/atollic/truestudio for stm32 9.3.0/armtools/bin/../lib/gcc/arm-atollic-eabi/6.3.1/armv7-m/crtbegin.o
                [!provide]                PROVIDE (__fini_array_end, .)
                0x08007a00                _sidata = LOADADDR (.data)

.data           0x20000000      0x68c load address 0x08007a00
                0x20000000                . = ALIGN (0x4)
                0x20000000                _sdata = .
 *(.data)
 .data          0x20000000        0x4 c:/program files (x86)/atollic/truestudio for stm32 9.3.0/armtools/bin/../lib/gcc/arm-atollic-eabi/6.3.1/armv7-m/crtbegin.o
                0x20000000                __dso_handle
 *(.data*)
 .data.APBAHBPrescTable
                0x20000004       0x10 Libraries\STM32F10x_StdPeriph_Driver\src\stm32f10x_rcc.o
 .data.ADCPrescTable
                0x20000014        0x4 Libraries\STM32F10x_StdPeriph_Driver\src\stm32f10x_rcc.o
 .data.__malloc_av_
                0x20000018      0x408 c:/program files (x86)/atollic/truestudio for stm32 9.3.0/armtools/bin/../lib/gcc/arm-atollic-eabi/6.3.1/../../../../arm-atollic-eabi/lib/armv7-m\libc.a(lib_a-mallocr.o)
                0x20000018                __malloc_av_
 .data.__malloc_sbrk_base
                0x20000420        0x4 c:/program files (x86)/atollic/truestudio for stm32 9.3.0/armtools/bin/../lib/gcc/arm-atollic-eabi/6.3.1/../../../../arm-atollic-eabi/lib/armv7-m\libc.a(lib_a-mallocr.o)
                0x20000420                __malloc_sbrk_base
 .data.__malloc_trim_threshold
                0x20000424        0x4 c:/program files (x86)/atollic/truestudio for stm32 9.3.0/armtools/bin/../lib/gcc/arm-atollic-eabi/6.3.1/../../../../arm-atollic-eabi/lib/armv7-m\libc.a(lib_a-mallocr.o)
                0x20000424                __malloc_trim_threshold
 .data.__atexit_recursive_mutex
                0x20000428        0x4 c:/program files (x86)/atollic/truestudio for stm32 9.3.0/armtools/bin/../lib/gcc/arm-atollic-eabi/6.3.1/../../../../arm-atollic-eabi/lib/armv7-m\libc.a(lib_a-__call_atexit.o)
                0x20000428                __atexit_recursive_mutex
 .data._impure_ptr
                0x2000042c        0x4 c:/program files (x86)/atollic/truestudio for stm32 9.3.0/armtools/bin/../lib/gcc/arm-atollic-eabi/6.3.1/../../../../arm-atollic-eabi/lib/armv7-m\libc.a(lib_a-impure.o)
                0x2000042c                _impure_ptr
 .data.impure_data
                0x20000430       0xf0 c:/program files (x86)/atollic/truestudio for stm32 9.3.0/armtools/bin/../lib/gcc/arm-atollic-eabi/6.3.1/../../../../arm-atollic-eabi/lib/armv7-m\libc.a(lib_a-impure.o)
 .data.__global_locale
                0x20000520      0x16c c:/program files (x86)/atollic/truestudio for stm32 9.3.0/armtools/bin/../lib/gcc/arm-atollic-eabi/6.3.1/../../../../arm-atollic-eabi/lib/armv7-m\libc.a(lib_a-locale.o)
                0x20000520                __global_locale
                0x2000068c                . = ALIGN (0x4)
                0x2000068c                _edata = .

.igot.plt       0x2000068c        0x0 load address 0x0800808c
 .igot.plt      0x2000068c        0x0 c:/program files (x86)/atollic/truestudio for stm32 9.3.0/armtools/bin/../lib/gcc/arm-atollic-eabi/6.3.1/armv7-m/crtbegin.o
                0x2000068c                . = ALIGN (0x4)

.bss            0x2000068c      0xbcc load address 0x0800808c
                0x2000068c                _sbss = .
                0x2000068c                __bss_start__ = _sbss
 *(.bss)
 .bss           0x2000068c       0x1c c:/program files (x86)/atollic/truestudio for stm32 9.3.0/armtools/bin/../lib/gcc/arm-atollic-eabi/6.3.1/armv7-m/crtbegin.o
 *(.bss*)
 .bss._ZZN13CACDisplayDmd11executeTextEvE4loop
                0x200006a8        0x2 src\Device\ACDisplayDmd.o
 .bss._ZZN13CACDisplayDmd16executeAcDisplayEvE4loop
                0x200006aa        0x2 src\Device\ACDisplayDmd.o
 .bss.Dev       0x200006ac      0xa40 src\Device.o
                0x200006ac                Dev
 .bss.Storage   0x200010ec       0x1c src\Storage\Storage.o
                0x200010ec                Storage
 .bss.__malloc_current_mallinfo
                0x20001108       0x28 c:/program files (x86)/atollic/truestudio for stm32 9.3.0/armtools/bin/../lib/gcc/arm-atollic-eabi/6.3.1/../../../../arm-atollic-eabi/lib/armv7-m\libc.a(lib_a-mallocr.o)
                0x20001108                __malloc_current_mallinfo
 .bss.__malloc_max_sbrked_mem
                0x20001130        0x4 c:/program files (x86)/atollic/truestudio for stm32 9.3.0/armtools/bin/../lib/gcc/arm-atollic-eabi/6.3.1/../../../../arm-atollic-eabi/lib/armv7-m\libc.a(lib_a-mallocr.o)
                0x20001130                __malloc_max_sbrked_mem
 .bss.__malloc_max_total_mem
                0x20001134        0x4 c:/program files (x86)/atollic/truestudio for stm32 9.3.0/armtools/bin/../lib/gcc/arm-atollic-eabi/6.3.1/../../../../arm-atollic-eabi/lib/armv7-m\libc.a(lib_a-mallocr.o)
                0x20001134                __malloc_max_total_mem
 .bss.__malloc_top_pad
                0x20001138        0x4 c:/program files (x86)/atollic/truestudio for stm32 9.3.0/armtools/bin/../lib/gcc/arm-atollic-eabi/6.3.1/../../../../arm-atollic-eabi/lib/armv7-m\libc.a(lib_a-mallocr.o)
                0x20001138                __malloc_top_pad
 .bss._on_exit_args_instance
                0x2000113c      0x108 c:/program files (x86)/atollic/truestudio for stm32 9.3.0/armtools/bin/../lib/gcc/arm-atollic-eabi/6.3.1/../../../../arm-atollic-eabi/lib/armv7-m\libc.a(lib_a-on_exit_args.o)
 .bss.heap_end.4116
                0x20001244        0x4 c:/program files (x86)/atollic/truestudio for stm32 9.3.0/armtools/bin/../lib/gcc/arm-atollic-eabi/6.3.1/../../../../arm-atollic-eabi/lib/armv7-m\libnosys.a(sbrk.o)
 *(COMMON)
 COMMON         0x20001248        0x9 c:/program files (x86)/atollic/truestudio for stm32 9.3.0/armtools/bin/../lib/gcc/arm-atollic-eabi/6.3.1/../../../../arm-atollic-eabi/lib/armv7-m\libc.a(lib_a-lock.o)
                0x20001248                __lock___atexit_recursive_mutex
                0x20001249                __lock___arc4random_mutex
                0x2000124a                __lock___env_recursive_mutex
                0x2000124b                __lock___sinit_recursive_mutex
                0x2000124c                __lock___malloc_recursive_mutex
                0x2000124d                __lock___at_quick_exit_mutex
                0x2000124e                __lock___dd_hash_mutex
                0x2000124f                __lock___tz_mutex
                0x20001250                __lock___sfp_recursive_mutex
 *fill*         0x20001251        0x3 
 COMMON         0x20001254        0x4 c:/program files (x86)/atollic/truestudio for stm32 9.3.0/armtools/bin/../lib/gcc/arm-atollic-eabi/6.3.1/../../../../arm-atollic-eabi/lib/armv7-m\libc.a(lib_a-reent.o)
                0x20001254                errno
                0x20001258                . = ALIGN (0x4)
                0x20001258                _ebss = .
                0x20001258                __bss_end__ = _ebss

._user_heap_stack
                0x20001258      0x100 load address 0x0800808c
                0x20001258                . = ALIGN (0x4)
                0x20001258                PROVIDE (end, .)
                [!provide]                PROVIDE (_end, .)
                0x20001258                . = (. + _Min_Heap_Size)
                0x20001358                . = (. + _Min_Stack_Size)
 *fill*         0x20001258      0x100 
                0x20001358                . = ALIGN (0x4)

.memory_b1_text
 *(.mb1text)
 *(.mb1text*)
 *(.mb1rodata)
 *(.mb1rodata*)

/DISCARD/
 libc.a(*)
 libm.a(*)
 libgcc.a(*)

.ARM.attributes
                0x00000000       0x29
 *(.ARM.attributes)
 .ARM.attributes
                0x00000000       0x1d c:/program files (x86)/atollic/truestudio for stm32 9.3.0/armtools/bin/../lib/gcc/arm-atollic-eabi/6.3.1/armv7-m/crti.o
 .ARM.attributes
                0x0000001d       0x2d c:/program files (x86)/atollic/truestudio for stm32 9.3.0/armtools/bin/../lib/gcc/arm-atollic-eabi/6.3.1/armv7-m/crtbegin.o
 .ARM.attributes
                0x0000004a       0x33 Libraries\STM32F10x_StdPeriph_Driver\src\stm32f10x_adc.o
 .ARM.attributes
                0x0000007d       0x33 Libraries\STM32F10x_StdPeriph_Driver\src\stm32f10x_dma.o
 .ARM.attributes
                0x000000b0       0x33 Libraries\STM32F10x_StdPeriph_Driver\src\stm32f10x_flash.o
 .ARM.attributes
                0x000000e3       0x33 Libraries\STM32F10x_StdPeriph_Driver\src\stm32f10x_gpio.o
 .ARM.attributes
                0x00000116       0x33 Libraries\STM32F10x_StdPeriph_Driver\src\stm32f10x_rcc.o
 .ARM.attributes
                0x00000149       0x33 Libraries\STM32F10x_StdPeriph_Driver\src\stm32f10x_spi.o
 .ARM.attributes
                0x0000017c       0x33 Libraries\STM32F10x_StdPeriph_Driver\src\stm32f10x_tim.o
 .ARM.attributes
                0x000001af       0x33 Libraries\STM32F10x_StdPeriph_Driver\src\stm32f10x_usart.o
 .ARM.attributes
                0x000001e2       0x33 src\Communication\SerialPort.o
 .ARM.attributes
                0x00000215       0x33 src\DMD\DMD.o
 .ARM.attributes
                0x00000248       0x33 src\Device\ACDisplayDmd.o
 .ARM.attributes
                0x0000027b       0x33 src\Device\HeartBeat.o
 .ARM.attributes
                0x000002ae       0x33 src\Device.o
 .ARM.attributes
                0x000002e1       0x33 src\Peripheral\STM32F10xADC.o
 .ARM.attributes
                0x00000314       0x33 src\Peripheral\STM32F10xDMA.o
 .ARM.attributes
                0x00000347       0x33 src\Peripheral\STM32F10xGpio.o
 .ARM.attributes
                0x0000037a       0x33 src\Peripheral\STM32F10xInputCapture.o
 .ARM.attributes
                0x000003ad       0x33 src\Peripheral\STM32F10xTimer.o
 .ARM.attributes
                0x000003e0       0x33 src\Peripheral\STM32F10xUSART.o
 .ARM.attributes
                0x00000413       0x33 src\Sensor\ACFrequencyMeter.o
 .ARM.attributes
                0x00000446       0x33 src\Storage\Storage.o
 .ARM.attributes
                0x00000479       0x33 src\Utilities\Timeout.o
 .ARM.attributes
                0x000004ac       0x33 src\main.o
 .ARM.attributes
                0x000004df       0x21 src\startup_stm32f10x_md.o
 .ARM.attributes
                0x00000500       0x33 src\stm32f1xx_it.o
 .ARM.attributes
                0x00000533       0x33 src\system_stm32f10x.o
 .ARM.attributes
                0x00000566       0x33 src\tiny_printf.o
 .ARM.attributes
                0x00000599       0x2d c:/program files (x86)/atollic/truestudio for stm32 9.3.0/armtools/bin/../lib/gcc/arm-atollic-eabi/6.3.1/../../../../arm-atollic-eabi/lib/armv7-m\libstdc++.a(del_op.o)
 .ARM.attributes
                0x000005c6       0x2d c:/program files (x86)/atollic/truestudio for stm32 9.3.0/armtools/bin/../lib/gcc/arm-atollic-eabi/6.3.1/../../../../arm-atollic-eabi/lib/armv7-m\libstdc++.a(atexit_arm.o)
 .ARM.attributes
                0x000005f3       0x2d c:/program files (x86)/atollic/truestudio for stm32 9.3.0/armtools/bin/../lib/gcc/arm-atollic-eabi/6.3.1/../../../../arm-atollic-eabi/lib/armv7-m\libc.a(lib_a-atof.o)
 .ARM.attributes
                0x00000620       0x2d c:/program files (x86)/atollic/truestudio for stm32 9.3.0/armtools/bin/../lib/gcc/arm-atollic-eabi/6.3.1/../../../../arm-atollic-eabi/lib/armv7-m\libc.a(lib_a-atoi.o)
 .ARM.attributes
                0x0000064d       0x2d c:/program files (x86)/atollic/truestudio for stm32 9.3.0/armtools/bin/../lib/gcc/arm-atollic-eabi/6.3.1/../../../../arm-atollic-eabi/lib/armv7-m\libc.a(lib_a-cxa_atexit.o)
 .ARM.attributes
                0x0000067a       0x2d c:/program files (x86)/atollic/truestudio for stm32 9.3.0/armtools/bin/../lib/gcc/arm-atollic-eabi/6.3.1/../../../../arm-atollic-eabi/lib/armv7-m\libc.a(lib_a-init.o)
 .ARM.attributes
                0x000006a7       0x2d c:/program files (x86)/atollic/truestudio for stm32 9.3.0/armtools/bin/../lib/gcc/arm-atollic-eabi/6.3.1/../../../../arm-atollic-eabi/lib/armv7-m\libc.a(lib_a-malloc.o)
 .ARM.attributes
                0x000006d4       0x2d c:/program files (x86)/atollic/truestudio for stm32 9.3.0/armtools/bin/../lib/gcc/arm-atollic-eabi/6.3.1/../../../../arm-atollic-eabi/lib/armv7-m\libc.a(lib_a-mallocr.o)
 .ARM.attributes
                0x00000701       0x2d c:/program files (x86)/atollic/truestudio for stm32 9.3.0/armtools/bin/../lib/gcc/arm-atollic-eabi/6.3.1/../../../../arm-atollic-eabi/lib/armv7-m\libc.a(lib_a-memset.o)
 .ARM.attributes
                0x0000072e       0x2d c:/program files (x86)/atollic/truestudio for stm32 9.3.0/armtools/bin/../lib/gcc/arm-atollic-eabi/6.3.1/../../../../arm-atollic-eabi/lib/armv7-m\libc.a(lib_a-mlock.o)
 .ARM.attributes
                0x0000075b       0x2d c:/program files (x86)/atollic/truestudio for stm32 9.3.0/armtools/bin/../lib/gcc/arm-atollic-eabi/6.3.1/../../../../arm-atollic-eabi/lib/armv7-m\libc.a(lib_a-on_exit_args.o)
 .ARM.attributes
                0x00000788       0x2d c:/program files (x86)/atollic/truestudio for stm32 9.3.0/armtools/bin/../lib/gcc/arm-atollic-eabi/6.3.1/../../../../arm-atollic-eabi/lib/armv7-m\libc.a(lib_a-sbrkr.o)
 .ARM.attributes
                0x000007b5       0x2d c:/program files (x86)/atollic/truestudio for stm32 9.3.0/armtools/bin/../lib/gcc/arm-atollic-eabi/6.3.1/../../../../arm-atollic-eabi/lib/armv7-m\libc.a(lib_a-strcat.o)
 .ARM.attributes
                0x000007e2       0x2d c:/program files (x86)/atollic/truestudio for stm32 9.3.0/armtools/bin/../lib/gcc/arm-atollic-eabi/6.3.1/../../../../arm-atollic-eabi/lib/armv7-m\libc.a(lib_a-strcpy.o)
 .ARM.attributes
                0x0000080f       0x17 c:/program files (x86)/atollic/truestudio for stm32 9.3.0/armtools/bin/../lib/gcc/arm-atollic-eabi/6.3.1/../../../../arm-atollic-eabi/lib/armv7-m\libc.a(lib_a-strlen.o)
 .ARM.attributes
                0x00000826       0x2d c:/program files (x86)/atollic/truestudio for stm32 9.3.0/armtools/bin/../lib/gcc/arm-atollic-eabi/6.3.1/../../../../arm-atollic-eabi/lib/armv7-m\libc.a(lib_a-strtod.o)
 .ARM.attributes
                0x00000853       0x2d c:/program files (x86)/atollic/truestudio for stm32 9.3.0/armtools/bin/../lib/gcc/arm-atollic-eabi/6.3.1/../../../../arm-atollic-eabi/lib/armv7-m\libc.a(lib_a-strtok.o)
 .ARM.attributes
                0x00000880       0x2d c:/program files (x86)/atollic/truestudio for stm32 9.3.0/armtools/bin/../lib/gcc/arm-atollic-eabi/6.3.1/../../../../arm-atollic-eabi/lib/armv7-m\libc.a(lib_a-strtok_r.o)
 .ARM.attributes
                0x000008ad       0x2d c:/program files (x86)/atollic/truestudio for stm32 9.3.0/armtools/bin/../lib/gcc/arm-atollic-eabi/6.3.1/../../../../arm-atollic-eabi/lib/armv7-m\libc.a(lib_a-strtol.o)
 .ARM.attributes
                0x000008da       0x2d c:/program files (x86)/atollic/truestudio for stm32 9.3.0/armtools/bin/../lib/gcc/arm-atollic-eabi/6.3.1/../../../../arm-atollic-eabi/lib/armv7-m\libc.a(lib_a-__atexit.o)
 .ARM.attributes
                0x00000907       0x2d c:/program files (x86)/atollic/truestudio for stm32 9.3.0/armtools/bin/../lib/gcc/arm-atollic-eabi/6.3.1/../../../../arm-atollic-eabi/lib/armv7-m\libc.a(lib_a-__call_atexit.o)
 .ARM.attributes
                0x00000934       0x2d c:/program files (x86)/atollic/truestudio for stm32 9.3.0/armtools/bin/../lib/gcc/arm-atollic-eabi/6.3.1/../../../../arm-atollic-eabi/lib/armv7-m\libc.a(lib_a-freer.o)
 .ARM.attributes
                0x00000961       0x2d c:/program files (x86)/atollic/truestudio for stm32 9.3.0/armtools/bin/../lib/gcc/arm-atollic-eabi/6.3.1/../../../../arm-atollic-eabi/lib/armv7-m\libc.a(lib_a-gdtoa-gethex.o)
 .ARM.attributes
                0x0000098e       0x2d c:/program files (x86)/atollic/truestudio for stm32 9.3.0/armtools/bin/../lib/gcc/arm-atollic-eabi/6.3.1/../../../../arm-atollic-eabi/lib/armv7-m\libc.a(lib_a-gdtoa-hexnan.o)
 .ARM.attributes
                0x000009bb       0x2d c:/program files (x86)/atollic/truestudio for stm32 9.3.0/armtools/bin/../lib/gcc/arm-atollic-eabi/6.3.1/../../../../arm-atollic-eabi/lib/armv7-m\libc.a(lib_a-impure.o)
 .ARM.attributes
                0x000009e8       0x2d c:/program files (x86)/atollic/truestudio for stm32 9.3.0/armtools/bin/../lib/gcc/arm-atollic-eabi/6.3.1/../../../../arm-atollic-eabi/lib/armv7-m\libc.a(lib_a-locale.o)
 .ARM.attributes
                0x00000a15       0x2d c:/program files (x86)/atollic/truestudio for stm32 9.3.0/armtools/bin/../lib/gcc/arm-atollic-eabi/6.3.1/../../../../arm-atollic-eabi/lib/armv7-m\libc.a(lib_a-localeconv.o)
 .ARM.attributes
                0x00000a42       0x2d c:/program files (x86)/atollic/truestudio for stm32 9.3.0/armtools/bin/../lib/gcc/arm-atollic-eabi/6.3.1/../../../../arm-atollic-eabi/lib/armv7-m\libc.a(lib_a-lock.o)
 .ARM.attributes
                0x00000a6f       0x2d c:/program files (x86)/atollic/truestudio for stm32 9.3.0/armtools/bin/../lib/gcc/arm-atollic-eabi/6.3.1/../../../../arm-atollic-eabi/lib/armv7-m\libc.a(lib_a-mbtowc_r.o)
 .ARM.attributes
                0x00000a9c       0x2d c:/program files (x86)/atollic/truestudio for stm32 9.3.0/armtools/bin/../lib/gcc/arm-atollic-eabi/6.3.1/../../../../arm-atollic-eabi/lib/armv7-m\libc.a(lib_a-memcpy-stub.o)
 .ARM.attributes
                0x00000ac9       0x2d c:/program files (x86)/atollic/truestudio for stm32 9.3.0/armtools/bin/../lib/gcc/arm-atollic-eabi/6.3.1/../../../../arm-atollic-eabi/lib/armv7-m\libc.a(lib_a-mprec.o)
 .ARM.attributes
                0x00000af6       0x2d c:/program files (x86)/atollic/truestudio for stm32 9.3.0/armtools/bin/../lib/gcc/arm-atollic-eabi/6.3.1/../../../../arm-atollic-eabi/lib/armv7-m\libc.a(lib_a-reent.o)
 .ARM.attributes
                0x00000b23       0x2d c:/program files (x86)/atollic/truestudio for stm32 9.3.0/armtools/bin/../lib/gcc/arm-atollic-eabi/6.3.1/../../../../arm-atollic-eabi/lib/armv7-m\libc.a(lib_a-strncmp.o)
 .ARM.attributes