Archive member included to satisfy reference by file (symbol)

c:/program files (x86)/atollic/truestudio for stm32 9.3.0/armtools/bin/../lib/gcc/arm-atollic-eabi/6.3.1/../../../../arm-atollic-eabi/lib/armv7-m\libstdc++.a(del_op.o)
                              src\Communication\SpiPortTx.o (operator delete(void*))
c:/program files (x86)/atollic/truestudio for stm32 9.3.0/armtools/bin/../lib/gcc/arm-atollic-eabi/6.3.1/../../../../arm-atollic-eabi/lib/armv7-m\libc.a(lib_a-init.o)
                              src\startup_stm32f10x_md.o (__libc_init_array)
c:/program files (x86)/atollic/truestudio for stm32 9.3.0/armtools/bin/../lib/gcc/arm-atollic-eabi/6.3.1/../../../../arm-atollic-eabi/lib/armv7-m\libc.a(lib_a-malloc.o)
                              src\DMD\DMD.o (malloc)
c:/program files (x86)/atollic/truestudio for stm32 9.3.0/armtools/bin/../lib/gcc/arm-atollic-eabi/6.3.1/../../../../arm-atollic-eabi/lib/armv7-m\libc.a(lib_a-mallocr.o)
                              c:/program files (x86)/atollic/truestudio for stm32 9.3.0/armtools/bin/../lib/gcc/arm-atollic-eabi/6.3.1/../../../../arm-atollic-eabi/lib/armv7-m\libc.a(lib_a-malloc.o) (_malloc_r)
c:/program files (x86)/atollic/truestudio for stm32 9.3.0/armtools/bin/../lib/gcc/arm-atollic-eabi/6.3.1/../../../../arm-atollic-eabi/lib/armv7-m\libc.a(lib_a-memset.o)
                              src\DMD\DMD.o (memset)
c:/program files (x86)/atollic/truestudio for stm32 9.3.0/armtools/bin/../lib/gcc/arm-atollic-eabi/6.3.1/../../../../arm-atollic-eabi/lib/armv7-m\libc.a(lib_a-mlock.o)
                              c:/program files (x86)/atollic/truestudio for stm32 9.3.0/armtools/bin/../lib/gcc/arm-atollic-eabi/6.3.1/../../../../arm-atollic-eabi/lib/armv7-m\libc.a(lib_a-mallocr.o) (__malloc_lock)
c:/program files (x86)/atollic/truestudio for stm32 9.3.0/armtools/bin/../lib/gcc/arm-atollic-eabi/6.3.1/../../../../arm-atollic-eabi/lib/armv7-m\libc.a(lib_a-sbrkr.o)
                              c:/program files (x86)/atollic/truestudio for stm32 9.3.0/armtools/bin/../lib/gcc/arm-atollic-eabi/6.3.1/../../../../arm-atollic-eabi/lib/armv7-m\libc.a(lib_a-mallocr.o) (_sbrk_r)
c:/program files (x86)/atollic/truestudio for stm32 9.3.0/armtools/bin/../lib/gcc/arm-atollic-eabi/6.3.1/../../../../arm-atollic-eabi/lib/armv7-m\libc.a(lib_a-strlen.o)
                              src\tiny_printf.o (strlen)
c:/program files (x86)/atollic/truestudio for stm32 9.3.0/armtools/bin/../lib/gcc/arm-atollic-eabi/6.3.1/../../../../arm-atollic-eabi/lib/armv7-m\libc.a(lib_a-freer.o)
                              c:/program files (x86)/atollic/truestudio for stm32 9.3.0/armtools/bin/../lib/gcc/arm-atollic-eabi/6.3.1/../../../../arm-atollic-eabi/lib/armv7-m\libc.a(lib_a-malloc.o) (_free_r)
c:/program files (x86)/atollic/truestudio for stm32 9.3.0/armtools/bin/../lib/gcc/arm-atollic-eabi/6.3.1/../../../../arm-atollic-eabi/lib/armv7-m\libc.a(lib_a-impure.o)
                              c:/program files (x86)/atollic/truestudio for stm32 9.3.0/armtools/bin/../lib/gcc/arm-atollic-eabi/6.3.1/../../../../arm-atollic-eabi/lib/armv7-m\libc.a(lib_a-malloc.o) (_impure_ptr)
c:/program files (x86)/atollic/truestudio for stm32 9.3.0/armtools/bin/../lib/gcc/arm-atollic-eabi/6.3.1/../../../../arm-atollic-eabi/lib/armv7-m\libc.a(lib_a-lock.o)
                              c:/program files (x86)/atollic/truestudio for stm32 9.3.0/armtools/bin/../lib/gcc/arm-atollic-eabi/6.3.1/../../../../arm-atollic-eabi/lib/armv7-m\libc.a(lib_a-mlock.o) (__retarget_lock_acquire_recursive)
c:/program files (x86)/atollic/truestudio for stm32 9.3.0/armtools/bin/../lib/gcc/arm-atollic-eabi/6.3.1/../../../../arm-atollic-eabi/lib/armv7-m\libc.a(lib_a-reent.o)
                              c:/program files (x86)/atollic/truestudio for stm32 9.3.0/armtools/bin/../lib/gcc/arm-atollic-eabi/6.3.1/../../../../arm-atollic-eabi/lib/armv7-m\libc.a(lib_a-sbrkr.o) (errno)
c:/program files (x86)/atollic/truestudio for stm32 9.3.0/armtools/bin/../lib/gcc/arm-atollic-eabi/6.3.1/armv7-m\libgcc.a(_arm_addsubsf3.o)
                              src\Sensor\ACFrequencyMeter.o (__aeabi_i2f)
c:/program files (x86)/atollic/truestudio for stm32 9.3.0/armtools/bin/../lib/gcc/arm-atollic-eabi/6.3.1/armv7-m\libgcc.a(_arm_muldivsf3.o)
                              src\main.o (__aeabi_fmul)
c:/program files (x86)/atollic/truestudio for stm32 9.3.0/armtools/bin/../lib/gcc/arm-atollic-eabi/6.3.1/armv7-m\libgcc.a(_arm_fixunssfsi.o)
                              src\main.o (__aeabi_f2uiz)
c:/program files (x86)/atollic/truestudio for stm32 9.3.0/armtools/bin/../lib/gcc/arm-atollic-eabi/6.3.1/../../../../arm-atollic-eabi/lib/armv7-m\libnosys.a(sbrk.o)
                              c:/program files (x86)/atollic/truestudio for stm32 9.3.0/armtools/bin/../lib/gcc/arm-atollic-eabi/6.3.1/../../../../arm-atollic-eabi/lib/armv7-m\libc.a(lib_a-sbrkr.o) (_sbrk)
[...]
Memory Configuration

Name             Origin             Length             Attributes
FLASH            0x08000000         0x00010000         xr
RAM              0x20000000         0x00005000         xrw
MEMORY_B1        0x60000000         0x00000000         xr
*default*        0x00000000         0xffffffff

Linker script and memory map

LOAD c:/program files (x86)/atollic/truestudio for stm32 9.3.0/armtools/bin/../lib/gcc/arm-atollic-eabi/6.3.1/armv7-m/crti.o
LOAD c:/program files (x86)/atollic/truestudio for stm32 9.3.0/armtools/bin/../lib/gcc/arm-atollic-eabi/6.3.1/armv7-m/crtbegin.o
LOAD Libraries\STM32F10x_StdPeriph_Driver\src\misc.o
LOAD Libraries\STM32F10x_StdPeriph_Driver\src\stm32f10x_adc.o
LOAD Libraries\STM32F10x_StdPeriph_Driver\src\stm32f10x_bkp.o
LOAD Libraries\STM32F10x_StdPeriph_Driver\src\stm32f10x_can.o
LOAD Libraries\STM32F10x_StdPeriph_Driver\src\stm32f10x_cec.o
LOAD Libraries\STM32F10x_StdPeriph_Driver\src\stm32f10x_crc.o
LOAD Libraries\STM32F10x_StdPeriph_Driver\src\stm32f10x_dac.o
LOAD Libraries\STM32F10x_StdPeriph_Driver\src\stm32f10x_dbgmcu.o
LOAD Libraries\STM32F10x_StdPeriph_Driver\src\stm32f10x_dma.o
LOAD Libraries\STM32F10x_StdPeriph_Driver\src\stm32f10x_exti.o
LOAD Libraries\STM32F10x_StdPeriph_Driver\src\stm32f10x_flash.o
LOAD Libraries\STM32F10x_StdPeriph_Driver\src\stm32f10x_fsmc.o
LOAD Libraries\STM32F10x_StdPeriph_Driver\src\stm32f10x_gpio.o
LOAD Libraries\STM32F10x_StdPeriph_Driver\src\stm32f10x_i2c.o
LOAD Libraries\STM32F10x_StdPeriph_Driver\src\stm32f10x_iwdg.o
LOAD Libraries\STM32F10x_StdPeriph_Driver\src\stm32f10x_pwr.o
LOAD Libraries\STM32F10x_StdPeriph_Driver\src\stm32f10x_rcc.o
LOAD Libraries\STM32F10x_StdPeriph_Driver\src\stm32f10x_rtc.o
LOAD Libraries\STM32F10x_StdPeriph_Driver\src\stm32f10x_sdio.o
LOAD Libraries\STM32F10x_StdPeriph_Driver\src\stm32f10x_spi.o
LOAD Libraries\STM32F10x_StdPeriph_Driver\src\stm32f10x_tim.o
LOAD Libraries\STM32F10x_StdPeriph_Driver\src\stm32f10x_usart.o
LOAD Libraries\STM32F10x_StdPeriph_Driver\src\stm32f10x_wwdg.o
LOAD src\Communication\SpiPortTx.o
LOAD src\DMD\DMD.o
LOAD src\Device\HeartBeat.o
LOAD src\Peripheral\STM32F10xADC.o
LOAD src\Peripheral\STM32F10xDMA.o
LOAD src\Peripheral\STM32F10xGpio.o
LOAD src\Peripheral\STM32F10xInputCapture.o
LOAD src\Peripheral\STM32F10xTimer.o
LOAD src\Peripheral\STM32F10xUSART.o
LOAD src\Sensor\ACFrequencyMeter.o
LOAD src\Utilities\Timeout.o
LOAD src\main.o
LOAD src\startup_stm32f10x_md.o
LOAD src\stm32f1xx_it.o
LOAD src\system_stm32f10x.o
LOAD src\tiny_printf.o
                0x00001000                malloc_getpagesize_P = 0x1000
START GROUP
LOAD c:/program files (x86)/atollic/truestudio for stm32 9.3.0/armtools/bin/../lib/gcc/arm-atollic-eabi/6.3.1/../../../../arm-atollic-eabi/lib/armv7-m\libstdc++.a
LOAD c:/program files (x86)/atollic/truestudio for stm32 9.3.0/armtools/bin/../lib/gcc/arm-atollic-eabi/6.3.1/../../../../arm-atollic-eabi/lib/armv7-m\libsupc++.a
END GROUP
LOAD c:/program files (x86)/atollic/truestudio for stm32 9.3.0/armtools/bin/../lib/gcc/arm-atollic-eabi/6.3.1/../../../../arm-atollic-eabi/lib/armv7-m\libstdc++.a
LOAD c:/program files (x86)/atollic/truestudio for stm32 9.3.0/armtools/bin/../lib/gcc/arm-atollic-eabi/6.3.1/../../../../arm-atollic-eabi/lib/armv7-m\libm.a
LOAD c:/program files (x86)/atollic/truestudio for stm32 9.3.0/armtools/bin/../lib/gcc/arm-atollic-eabi/6.3.1/../../../../arm-atollic-eabi/lib/armv7-m\libc.a
START GROUP
LOAD c:/program files (x86)/atollic/truestudio for stm32 9.3.0/armtools/bin/../lib/gcc/arm-atollic-eabi/6.3.1/armv7-m\libgcc.a
LOAD c:/program files (x86)/atollic/truestudio for stm32 9.3.0/armtools/bin/../lib/gcc/arm-atollic-eabi/6.3.1/../../../../arm-atollic-eabi/lib/armv7-m\libc.a
END GROUP
START GROUP
LOAD c:/program files (x86)/atollic/truestudio for stm32 9.3.0/armtools/bin/../lib/gcc/arm-atollic-eabi/6.3.1/armv7-m\libgcc.a
LOAD c:/program files (x86)/atollic/truestudio for stm32 9.3.0/armtools/bin/../lib/gcc/arm-atollic-eabi/6.3.1/../../../../arm-atollic-eabi/lib/armv7-m\libc.a
LOAD c:/program files (x86)/atollic/truestudio for stm32 9.3.0/armtools/bin/../lib/gcc/arm-atollic-eabi/6.3.1/../../../../arm-atollic-eabi/lib/armv7-m\libnosys.a
END GROUP
LOAD c:/program files (x86)/atollic/truestudio for stm32 9.3.0/armtools/bin/../lib/gcc/arm-atollic-eabi/6.3.1/armv7-m/crtend.o
LOAD c:/program files (x86)/atollic/truestudio for stm32 9.3.0/armtools/bin/../lib/gcc/arm-atollic-eabi/6.3.1/armv7-m/crtn.o
                0x20005000                _estack = 0x20005000
                0x00000000                _Min_Heap_Size = 0x0
                0x00000100                _Min_Stack_Size = 0x100

.isr_vector     0x08000000      0x10c
                0x08000000                . = ALIGN (0x4)
 *(.isr_vector)
 .isr_vector    0x08000000      0x10c src\startup_stm32f10x_md.o
                0x08000000                g_pfnVectors
                0x0800010c                . = ALIGN (0x4)

.text           0x0800010c     0x31f8
                0x0800010c                . = ALIGN (0x4)
 *(.text)
 .text          0x0800010c       0x40 c:/program files (x86)/atollic/truestudio for stm32 9.3.0/armtools/bin/../lib/gcc/arm-atollic-eabi/6.3.1/armv7-m/crtbegin.o
 .text          0x0800014c      0x21c c:/program files (x86)/atollic/truestudio for stm32 9.3.0/armtools/bin/../lib/gcc/arm-atollic-eabi/6.3.1/armv7-m\libgcc.a(_arm_addsubsf3.o)
                0x0800014c                __aeabi_frsub
                0x08000154                __subsf3
                0x08000154                __aeabi_fsub
                0x08000158                __aeabi_fadd
                0x08000158                __addsf3
                0x080002b8                __aeabi_ui2f
                0x080002b8                __floatunsisf
                0x080002c0                __aeabi_i2f
                0x080002c0                __floatsisf
                0x080002dc                __aeabi_ul2f
                0x080002dc                __floatundisf
                0x080002ec                __aeabi_l2f
                0x080002ec                __floatdisf
 .text          0x08000368      0x2a0 c:/program files (x86)/atollic/truestudio for stm32 9.3.0/armtools/bin/../lib/gcc/arm-atollic-eabi/6.3.1/armv7-m\libgcc.a(_arm_muldivsf3.o)
                0x08000368                __mulsf3
                0x08000368                __aeabi_fmul
                0x080004d0                __aeabi_fdiv
                0x080004d0                __divsf3
 .text          0x08000608       0x40 c:/program files (x86)/atollic/truestudio for stm32 9.3.0/armtools/bin/../lib/gcc/arm-atollic-eabi/6.3.1/armv7-m\libgcc.a(_arm_fixunssfsi.o)
                0x08000608                __fixunssfsi
                0x08000608                __aeabi_f2uiz
 *(.text*)
 .text.ADC_Init
                0x08000648       0xa4 Libraries\STM32F10x_StdPeriph_Driver\src\stm32f10x_adc.o
                0x08000648                ADC_Init
 .text.ADC_StructInit
                0x080006ec       0x36 Libraries\STM32F10x_StdPeriph_Driver\src\stm32f10x_adc.o
                0x080006ec                ADC_StructInit
 .text.ADC_Cmd  0x08000722       0x36 Libraries\STM32F10x_StdPeriph_Driver\src\stm32f10x_adc.o
                0x08000722                ADC_Cmd
 .text.ADC_DMACmd
                0x08000758       0x36 Libraries\STM32F10x_StdPeriph_Driver\src\stm32f10x_adc.o
                0x08000758                ADC_DMACmd
 .text.ADC_StartCalibration
                0x0800078e       0x1e Libraries\STM32F10x_StdPeriph_Driver\src\stm32f10x_adc.o
                0x0800078e                ADC_StartCalibration
 .text.ADC_SoftwareStartConvCmd
                0x080007ac       0x36 Libraries\STM32F10x_StdPeriph_Driver\src\stm32f10x_adc.o
                0x080007ac                ADC_SoftwareStartConvCmd
 .text.ADC_RegularChannelConfig
                0x080007e2      0x192 Libraries\STM32F10x_StdPeriph_Driver\src\stm32f10x_adc.o
                0x080007e2                ADC_RegularChannelConfig
 .text.DMA_Init
                0x08000974       0x7c Libraries\STM32F10x_StdPeriph_Driver\src\stm32f10x_dma.o
                0x08000974                DMA_Init
 .text.DMA_StructInit
                0x080009f0       0x54 Libraries\STM32F10x_StdPeriph_Driver\src\stm32f10x_dma.o
                0x080009f0                DMA_StructInit
 .text.DMA_Cmd  0x08000a44       0x38 Libraries\STM32F10x_StdPeriph_Driver\src\stm32f10x_dma.o
                0x08000a44                DMA_Cmd
 .text.DMA_GetCurrDataCounter
                0x08000a7c       0x18 Libraries\STM32F10x_StdPeriph_Driver\src\stm32f10x_dma.o
                0x08000a7c                DMA_GetCurrDataCounter
 .text.DMA_GetFlagStatus
                0x08000a94       0x50 Libraries\STM32F10x_StdPeriph_Driver\src\stm32f10x_dma.o
                0x08000a94                DMA_GetFlagStatus
 .text.DMA_ClearFlag
                0x08000ae4       0x34 Libraries\STM32F10x_StdPeriph_Driver\src\stm32f10x_dma.o
                0x08000ae4                DMA_ClearFlag
 .text.GPIO_Init
                0x08000b18      0x178 Libraries\STM32F10x_StdPeriph_Driver\src\stm32f10x_gpio.o
                0x08000b18                GPIO_Init
 .text.GPIO_StructInit
                0x08000c90       0x26 Libraries\STM32F10x_StdPeriph_Driver\src\stm32f10x_gpio.o
                0x08000c90                GPIO_StructInit
 *fill*         0x08000cb6        0x2 
 .text.RCC_ADCCLKConfig
                0x08000cb8       0x38 Libraries\STM32F10x_StdPeriph_Driver\src\stm32f10x_rcc.o
                0x08000cb8                RCC_ADCCLKConfig
 .text.RCC_GetClocksFreq
                0x08000cf0      0x160 Libraries\STM32F10x_StdPeriph_Driver\src\stm32f10x_rcc.o
                0x08000cf0                RCC_GetClocksFreq
 .text.RCC_AHBPeriphClockCmd
                0x08000e50       0x3c Libraries\STM32F10x_StdPeriph_Driver\src\stm32f10x_rcc.o
                0x08000e50                RCC_AHBPeriphClockCmd
 .text.RCC_APB2PeriphClockCmd
                0x08000e8c       0x3c Libraries\STM32F10x_StdPeriph_Driver\src\stm32f10x_rcc.o
                0x08000e8c                RCC_APB2PeriphClockCmd
 .text.RCC_APB1PeriphClockCmd
                0x08000ec8       0x3c Libraries\STM32F10x_StdPeriph_Driver\src\stm32f10x_rcc.o
                0x08000ec8                RCC_APB1PeriphClockCmd
 .text.SPI_Init
                0x08000f04       0x86 Libraries\STM32F10x_StdPeriph_Driver\src\stm32f10x_spi.o
                0x08000f04                SPI_Init
 .text.SPI_StructInit
                0x08000f8a       0x48 Libraries\STM32F10x_StdPeriph_Driver\src\stm32f10x_spi.o
                0x08000f8a                SPI_StructInit
 .text.SPI_Cmd  0x08000fd2       0x3e Libraries\STM32F10x_StdPeriph_Driver\src\stm32f10x_spi.o
                0x08000fd2                SPI_Cmd
 .text.SPI_I2S_DMACmd
                0x08001010       0x46 Libraries\STM32F10x_StdPeriph_Driver\src\stm32f10x_spi.o
                0x08001010                SPI_I2S_DMACmd
 *fill*         0x08001056        0x2 
 .text.TIM_TimeBaseInit
                0x08001058       0xf8 Libraries\STM32F10x_StdPeriph_Driver\src\stm32f10x_tim.o
                0x08001058                TIM_TimeBaseInit
 .text.TIM_ICInit
                0x08001150       0xa8 Libraries\STM32F10x_StdPeriph_Driver\src\stm32f10x_tim.o
                0x08001150                TIM_ICInit
 .text.TIM_TimeBaseStructInit
                0x080011f8       0x32 Libraries\STM32F10x_StdPeriph_Driver\src\stm32f10x_tim.o
                0x080011f8                TIM_TimeBaseStructInit
 .text.TIM_ICStructInit
                0x0800122a       0x30 Libraries\STM32F10x_StdPeriph_Driver\src\stm32f10x_tim.o
                0x0800122a                TIM_ICStructInit
 .text.TIM_Cmd  0x0800125a       0x3e Libraries\STM32F10x_StdPeriph_Driver\src\stm32f10x_tim.o
                0x0800125a                TIM_Cmd
 .text.TIM_SetIC1Prescaler
                0x08001298       0x36 Libraries\STM32F10x_StdPeriph_Driver\src\stm32f10x_tim.o
                0x08001298                TIM_SetIC1Prescaler
 .text.TIM_SetIC2Prescaler
                0x080012ce       0x3a Libraries\STM32F10x_StdPeriph_Driver\src\stm32f10x_tim.o
                0x080012ce                TIM_SetIC2Prescaler
 .text.TIM_SetIC3Prescaler
                0x08001308       0x36 Libraries\STM32F10x_StdPeriph_Driver\src\stm32f10x_tim.o
                0x08001308                TIM_SetIC3Prescaler
 .text.TIM_SetIC4Prescaler
                0x0800133e       0x3a Libraries\STM32F10x_StdPeriph_Driver\src\stm32f10x_tim.o
                0x0800133e                TIM_SetIC4Prescaler
 .text.TIM_GetCapture1
                0x08001378       0x18 Libraries\STM32F10x_StdPeriph_Driver\src\stm32f10x_tim.o
                0x08001378                TIM_GetCapture1
 .text.TIM_GetCapture2
                0x08001390       0x18 Libraries\STM32F10x_StdPeriph_Driver\src\stm32f10x_tim.o
                0x08001390                TIM_GetCapture2
 .text.TIM_GetCapture3
                0x080013a8       0x18 Libraries\STM32F10x_StdPeriph_Driver\src\stm32f10x_tim.o
                0x080013a8                TIM_GetCapture3
 .text.TIM_GetCapture4
                0x080013c0       0x1a Libraries\STM32F10x_StdPeriph_Driver\src\stm32f10x_tim.o
                0x080013c0                TIM_GetCapture4
 .text.TIM_GetFlagStatus
                0x080013da       0x36 Libraries\STM32F10x_StdPeriph_Driver\src\stm32f10x_tim.o
                0x080013da                TIM_GetFlagStatus
 .text.TI1_Config
                0x08001410       0xe0 Libraries\STM32F10x_StdPeriph_Driver\src\stm32f10x_tim.o
 .text.TI2_Config
                0x080014f0       0xf4 Libraries\STM32F10x_StdPeriph_Driver\src\stm32f10x_tim.o
 .text.TI3_Config
                0x080015e4       0xec Libraries\STM32F10x_StdPeriph_Driver\src\stm32f10x_tim.o
 .text.TI4_Config
                0x080016d0       0xf8 Libraries\STM32F10x_StdPeriph_Driver\src\stm32f10x_tim.o
 .text.USART_Init
                0x080017c8      0x174 Libraries\STM32F10x_StdPeriph_Driver\src\stm32f10x_usart.o
                0x080017c8                USART_Init
 .text.USART_Cmd
                0x0800193c       0x3e Libraries\STM32F10x_StdPeriph_Driver\src\stm32f10x_usart.o
                0x0800193c                USART_Cmd
 .text.USART_SendData
                0x0800197a       0x22 Libraries\STM32F10x_StdPeriph_Driver\src\stm32f10x_usart.o
                0x0800197a                USART_SendData
 .text.USART_ReceiveData
                0x0800199c       0x1e Libraries\STM32F10x_StdPeriph_Driver\src\stm32f10x_usart.o
                0x0800199c                USART_ReceiveData
 .text.USART_GetFlagStatus
                0x080019ba       0x36 Libraries\STM32F10x_StdPeriph_Driver\src\stm32f10x_usart.o
                0x080019ba                USART_GetFlagStatus
 .text._ZN3DMD11ClearScreenEh
                0x080019f0       0x24 src\DMD\DMD.o
                0x080019f0                DMD::ClearScreen(unsigned char)
 .text._ZN3DMDC2Ehh
                0x08001a14       0x58 src\DMD\DMD.o
                0x08001a14                DMD::DMD(unsigned char, unsigned char)
                0x08001a14                DMD::DMD(unsigned char, unsigned char)
 .text._ZN3DMD4InitEP11SPI_TypeDefP4IDmaP6ITimerP5IGpioS7_S7_S7_
                0x08001a6c       0x70 src\DMD\DMD.o
                0x08001a6c                DMD::Init(SPI_TypeDef*, IDma*, ITimer*, IGpio*, IGpio*, IGpio*, IGpio*)
 .text._ZN3DMD7ExecuteEv
                0x08001adc      0x194 src\DMD\DMD.o
                0x08001adc                DMD::Execute()
 .text._ZN10CHeartBeat4InitEP5IGpioP6ITimert
                0x08001c70       0x1a src\Device\HeartBeat.o
                0x08001c70                CHeartBeat::Init(IGpio*, ITimer*, unsigned short)
 .text._ZN10CHeartBeat7ExecuteEv
                0x08001c8a       0x36 src\Device\HeartBeat.o
                0x08001c8a                CHeartBeat::Execute()
 .text._ZN10CHeartBeatC2Ev
                0x08001cc0       0x18 src\Device\HeartBeat.o
                0x08001cc0                CHeartBeat::CHeartBeat()
                0x08001cc0                CHeartBeat::CHeartBeat()
 .text._ZN10CHeartBeatD2Ev
                0x08001cd8       0x18 src\Device\HeartBeat.o
                0x08001cd8                CHeartBeat::~CHeartBeat()
                0x08001cd8                CHeartBeat::~CHeartBeat()
 .text._ZN10CHeartBeatD0Ev
                0x08001cf0       0x12 src\Device\HeartBeat.o
                0x08001cf0                CHeartBeat::~CHeartBeat()
 .text._ZN13CSTM32F10xADC4ReadEv
                0x08001d02        0x6 src\Peripheral\STM32F10xADC.o
                0x08001d02                CSTM32F10xADC::Read()
 .text._ZN13CSTM32F10xADCD2Ev
                0x08001d08        0x2 src\Peripheral\STM32F10xADC.o
                0x08001d08                CSTM32F10xADC::~CSTM32F10xADC()
                0x08001d08                CSTM32F10xADC::~CSTM32F10xADC()
 .text._ZN13CSTM32F10xADCD0Ev
                0x08001d0a        0xc src\Peripheral\STM32F10xADC.o
                0x08001d0a                CSTM32F10xADC::~CSTM32F10xADC()
 .text._ZN13CSTM32F10xADC4InitEPt
                0x08001d16        0x4 src\Peripheral\STM32F10xADC.o
                0x08001d16                CSTM32F10xADC::Init(unsigned short*)
 *fill*         0x08001d1a        0x2 
 .text._ZN13CSTM32F10xADCC2Ev
                0x08001d1c        0xc src\Peripheral\STM32F10xADC.o
                0x08001d1c                CSTM32F10xADC::CSTM32F10xADC()
                0x08001d1c                CSTM32F10xADC::CSTM32F10xADC()
 .text._ZN13CSTM32F10xDMAD2Ev
                0x08001d28        0x2 src\Peripheral\STM32F10xDMA.o
                0x08001d28                CSTM32F10xDMA::~CSTM32F10xDMA()
                0x08001d28                CSTM32F10xDMA::~CSTM32F10xDMA()
 .text._ZN13CSTM32F10xDMA12SetDirectionEm
                0x08001d2a       0x10 src\Peripheral\STM32F10xDMA.o
                0x08001d2a                CSTM32F10xDMA::SetDirection(unsigned long)
 .text._ZN13CSTM32F10xDMA10SetAddressEmm
                0x08001d3a       0x12 src\Peripheral\STM32F10xDMA.o
                0x08001d3a                CSTM32F10xDMA::SetAddress(unsigned long, unsigned long)
 .text._ZN13CSTM32F10xDMA13SetBufferSizeEt
                0x08001d4c       0x10 src\Peripheral\STM32F10xDMA.o
                0x08001d4c                CSTM32F10xDMA::SetBufferSize(unsigned short)
 .text._ZN13CSTM32F10xDMA5StartEv
                0x08001d5c        0xc src\Peripheral\STM32F10xDMA.o
                0x08001d5c                CSTM32F10xDMA::Start()
 .text._ZN13CSTM32F10xDMA4StopEv
                0x08001d68        0xc src\Peripheral\STM32F10xDMA.o
                0x08001d68                CSTM32F10xDMA::Stop()
 .text._ZN13CSTM32F10xDMA12GetDataIndexEv
                0x08001d74       0x10 src\Peripheral\STM32F10xDMA.o
                0x08001d74                CSTM32F10xDMA::GetDataIndex()
 .text._ZN13CSTM32F10xDMA18IsTransferFinishedEv
                0x08001d84       0x1a src\Peripheral\STM32F10xDMA.o
                0x08001d84                CSTM32F10xDMA::IsTransferFinished()
 .text._ZN13CSTM32F10xDMAD0Ev
                0x08001d9e        0xc src\Peripheral\STM32F10xDMA.o
                0x08001d9e                CSTM32F10xDMA::~CSTM32F10xDMA()
 *fill*         0x08001daa        0x2 
 .text._ZN13CSTM32F10xDMA4InitEP11DMA_TypeDefP19DMA_Channel_TypeDefmm
                0x08001dac      0x104 src\Peripheral\STM32F10xDMA.o
                0x08001dac                CSTM32F10xDMA::Init(DMA_TypeDef*, DMA_Channel_TypeDef*, unsigned long, unsigned long)
 .text._ZN13CSTM32F10xDMAC2Ev
                0x08001eb0       0x1c src\Peripheral\STM32F10xDMA.o
                0x08001eb0                CSTM32F10xDMA::CSTM32F10xDMA()
                0x08001eb0                CSTM32F10xDMA::CSTM32F10xDMA()
 .text._ZN14CSTM32F10xGpio3SetEv
                0x08001ecc        0xc src\Peripheral\STM32F10xGpio.o
                0x08001ecc                CSTM32F10xGpio::Set()
 .text._ZN14CSTM32F10xGpio5ClearEv
                0x08001ed8        0xc src\Peripheral\STM32F10xGpio.o
                0x08001ed8                CSTM32F10xGpio::Clear()
 .text._ZNK14CSTM32F10xGpio3GetEv
                0x08001ee4       0x10 src\Peripheral\STM32F10xGpio.o
                0x08001ee4                CSTM32F10xGpio::Get() const
 .text._ZN14CSTM32F10xGpioD2Ev
                0x08001ef4        0x2 src\Peripheral\STM32F10xGpio.o
                0x08001ef4                CSTM32F10xGpio::~CSTM32F10xGpio()
                0x08001ef4                CSTM32F10xGpio::~CSTM32F10xGpio()
 .text._ZN14CSTM32F10xGpioD0Ev
                0x08001ef6        0xc src\Peripheral\STM32F10xGpio.o
                0x08001ef6                CSTM32F10xGpio::~CSTM32F10xGpio()
 .text._ZN14CSTM32F10xGpio4InitEP12GPIO_TypeDefh
                0x08001f02       0x18 src\Peripheral\STM32F10xGpio.o
                0x08001f02                CSTM32F10xGpio::Init(GPIO_TypeDef*, unsigned char)
 *fill*         0x08001f1a        0x2 
 .text._ZN14CSTM32F10xGpioC2Ev
                0x08001f1c       0x10 src\Peripheral\STM32F10xGpio.o
                0x08001f1c                CSTM32F10xGpio::CSTM32F10xGpio()
                0x08001f1c                CSTM32F10xGpio::CSTM32F10xGpio()
 .text._ZN22CSTM32F10xInputCaptureD2Ev
                0x08001f2c        0x2 src\Peripheral\STM32F10xInputCapture.o
                0x08001f2c                CSTM32F10xInputCapture::~CSTM32F10xInputCapture()
                0x08001f2c                CSTM32F10xInputCapture::~CSTM32F10xInputCapture()
 .text._ZNK22CSTM32F10xInputCapture4ReadEv
                0x08001f2e       0x3e src\Peripheral\STM32F10xInputCapture.o
                0x08001f2e                CSTM32F10xInputCapture::Read() const
 .text._ZNK22CSTM32F10xInputCapture11IsTriggeredEv
                0x08001f6c       0x5e src\Peripheral\STM32F10xInputCapture.o
                0x08001f6c                CSTM32F10xInputCapture::IsTriggered() const
 .text._ZN22CSTM32F10xInputCaptureD0Ev
                0x08001fca        0xc src\Peripheral\STM32F10xInputCapture.o
                0x08001fca                CSTM32F10xInputCapture::~CSTM32F10xInputCapture()
 .text._ZN22CSTM32F10xInputCapture4InitEP11TIM_TypeDeft
                0x08001fd6        0x6 src\Peripheral\STM32F10xInputCapture.o
                0x08001fd6                CSTM32F10xInputCapture::Init(TIM_TypeDef*, unsigned short)
 .text._ZN22CSTM32F10xInputCaptureC2Ev
                0x08001fdc        0xc src\Peripheral\STM32F10xInputCapture.o
                0x08001fdc                CSTM32F10xInputCapture::CSTM32F10xInputCapture()
                0x08001fdc                CSTM32F10xInputCapture::CSTM32F10xInputCapture()
 .text._ZNK15CSTM32F10xTimer12CurrentTicksEv
                0x08001fe8        0x8 src\Peripheral\STM32F10xTimer.o
                0x08001fe8                CSTM32F10xTimer::CurrentTicks() const
 .text._ZN15CSTM32F10xTimerD2Ev
                0x08001ff0        0x2 src\Peripheral\STM32F10xTimer.o
                0x08001ff0                CSTM32F10xTimer::~CSTM32F10xTimer()
                0x08001ff0                CSTM32F10xTimer::~CSTM32F10xTimer()
 .text._ZN15CSTM32F10xTimerD0Ev
                0x08001ff2        0xc src\Peripheral\STM32F10xTimer.o
                0x08001ff2                CSTM32F10xTimer::~CSTM32F10xTimer()
 .text._ZN15CSTM32F10xTimer4InitEP11TIM_TypeDef
                0x08001ffe        0x4 src\Peripheral\STM32F10xTimer.o
                0x08001ffe                CSTM32F10xTimer::Init(TIM_TypeDef*)
 *fill*         0x08002002        0x2 
 .text._ZN15CSTM32F10xTimerC2Ev
                0x08002004        0xc src\Peripheral\STM32F10xTimer.o
                0x08002004                CSTM32F10xTimer::CSTM32F10xTimer()
                0x08002004                CSTM32F10xTimer::CSTM32F10xTimer()
 .text._ZN15CSTM32F10xUSART4ReadEPhPt
                0x08002010        0x4 src\Peripheral\STM32F10xUSART.o
                0x08002010                CSTM32F10xUSART::Read(unsigned char*, unsigned short*)
 .text._ZN15CSTM32F10xUSARTD2Ev
                0x08002014        0x2 src\Peripheral\STM32F10xUSART.o
                0x08002014                CSTM32F10xUSART::~CSTM32F10xUSART()
                0x08002014                CSTM32F10xUSART::~CSTM32F10xUSART()
 .text._ZN13CCircularFifoIcLj322EED2Ev
                0x08002016        0x2 src\Peripheral\STM32F10xUSART.o
                0x08002016                CCircularFifo<char, 322u>::~CCircularFifo()
                0x08002016                CCircularFifo<char, 322u>::~CCircularFifo()
 .text._ZN13CCircularFifoIcLj322EED0Ev
                0x08002018        0xc src\Peripheral\STM32F10xUSART.o
                0x08002018                CCircularFifo<char, 322u>::~CCircularFifo()
 .text._ZN15CSTM32F10xUSARTD0Ev
                0x08002024        0xc src\Peripheral\STM32F10xUSART.o
                0x08002024                CSTM32F10xUSART::~CSTM32F10xUSART()
 .text._ZN15CSTM32F10xUSART4InitEP13USART_TypeDef
                0x08002030        0x4 src\Peripheral\STM32F10xUSART.o
                0x08002030                CSTM32F10xUSART::Init(USART_TypeDef*)
 .text._ZN15CSTM32F10xUSARTC2Ev
                0x08002034       0x28 src\Peripheral\STM32F10xUSART.o
                0x08002034                CSTM32F10xUSART::CSTM32F10xUSART()
                0x08002034                CSTM32F10xUSART::CSTM32F10xUSART()
 .text._ZNK13CCircularFifoIcLj322EE7IsEmptyEv
                0x0800205c       0x10 src\Peripheral\STM32F10xUSART.o
                0x0800205c                CCircularFifo<char, 322u>::IsEmpty() const
 .text._ZN15CSTM32F10xUSART7HasDataEv
                0x0800206c       0x12 src\Peripheral\STM32F10xUSART.o
                0x0800206c                CSTM32F10xUSART::HasData()
 *fill*         0x0800207e        0x2 
 .text._ZNK13CCircularFifoIcLj322EE9incrementEj
                0x08002080       0x20 src\Peripheral\STM32F10xUSART.o
                0x08002080                CCircularFifo<char, 322u>::increment(unsigned int) const
 .text._ZN13CCircularFifoIcLj322EE4PushERc
                0x080020a0       0x26 src\Peripheral\STM32F10xUSART.o
                0x080020a0                CCircularFifo<char, 322u>::Push(char&)
 .text._ZN15CSTM32F10xUSART5WriteEPKct
                0x080020c6       0x30 src\Peripheral\STM32F10xUSART.o
                0x080020c6                CSTM32F10xUSART::Write(char const*, unsigned short)
 .text._ZN15CSTM32F10xUSART5WriteEPKc
                0x080020f6       0x2c src\Peripheral\STM32F10xUSART.o
                0x080020f6                CSTM32F10xUSART::Write(char const*)
 .text._ZN15CSTM32F10xUSART9executeRxEv
                0x08002122       0x2a src\Peripheral\STM32F10xUSART.o
                0x08002122                CSTM32F10xUSART::executeRx()
 .text._ZN13CCircularFifoIcLj322EE3PopERc
                0x0800214c       0x2c src\Peripheral\STM32F10xUSART.o
                0x0800214c                CCircularFifo<char, 322u>::Pop(char&)
 .text._ZN15CSTM32F10xUSART8ReadByteEv
                0x08002178       0x1a src\Peripheral\STM32F10xUSART.o
                0x08002178                CSTM32F10xUSART::ReadByte()
 .text._ZN15CSTM32F10xUSART9executeTxEv
                0x08002192       0x38 src\Peripheral\STM32F10xUSART.o
                0x08002192                CSTM32F10xUSART::executeTx()
 .text._ZN15CSTM32F10xUSART7ExecuteEv
                0x080021ca       0x10 src\Peripheral\STM32F10xUSART.o
                0x080021ca                CSTM32F10xUSART::Execute()
 .text._ZN17CACFrequencyMeterD2Ev
                0x080021da        0x2 src\Sensor\ACFrequencyMeter.o
                0x080021da                CACFrequencyMeter::~CACFrequencyMeter()
                0x080021da                CACFrequencyMeter::~CACFrequencyMeter()
 .text._ZN17CACFrequencyMeterD0Ev
                0x080021dc        0xc src\Sensor\ACFrequencyMeter.o
                0x080021dc                CACFrequencyMeter::~CACFrequencyMeter()
 .text._ZN17CACFrequencyMeter4InitEP13IInputCapture
                0x080021e8        0x4 src\Sensor\ACFrequencyMeter.o
                0x080021e8                CACFrequencyMeter::Init(IInputCapture*)
 .text._ZN17CACFrequencyMeter7ExecuteEv
                0x080021ec       0x38 src\Sensor\ACFrequencyMeter.o
                0x080021ec                CACFrequencyMeter::Execute()
 .text._ZN17CACFrequencyMeter13ReadFrequencyEv
                0x08002224        0x4 src\Sensor\ACFrequencyMeter.o
                0x08002224                CACFrequencyMeter::ReadFrequency()
 .text._ZN17CACFrequencyMeterC2Ev
                0x08002228       0x10 src\Sensor\ACFrequencyMeter.o
                0x08002228                CACFrequencyMeter::CACFrequencyMeter()
                0x08002228                CACFrequencyMeter::CACFrequencyMeter()
 .text._ZN8CTimeoutD2Ev
                0x08002238        0x2 src\Utilities\Timeout.o
                0x08002238                CTimeout::~CTimeout()
                0x08002238                CTimeout::~CTimeout()
 .text._ZN8CTimeoutD0Ev
                0x0800223a        0xc src\Utilities\Timeout.o
                0x0800223a                CTimeout::~CTimeout()
 .text._ZN8CTimeout4InitEP6ITimer
                0x08002246        0x4 src\Utilities\Timeout.o
                0x08002246                CTimeout::Init(ITimer*)
 .text._ZN8CTimeout5ResetEv
                0x0800224a       0x14 src\Utilities\Timeout.o
                0x0800224a                CTimeout::Reset()
 .text._ZN8CTimeout9SetExpiryEt
                0x0800225e        0xa src\Utilities\Timeout.o
                0x0800225e                CTimeout::SetExpiry(unsigned short)
 .text._ZN8CTimeout10HasElapsedEv
                0x08002268       0x26 src\Utilities\Timeout.o
                0x08002268                CTimeout::HasElapsed()
 *fill*         0x0800228e        0x2 
 .text._ZN8CTimeoutC2Ev
                0x08002290        0xc src\Utilities\Timeout.o
                0x08002290                CTimeout::CTimeout()
                0x08002290                CTimeout::CTimeout()
 .text._ZN12CAnalogInputD2Ev
                0x0800229c        0x2 src\main.o
                0x0800229c                CAnalogInput::~CAnalogInput()
                0x0800229c                CAnalogInput::~CAnalogInput()
 .text._ZN12CAnalogInputD0Ev
                0x0800229e        0xc src\main.o
                0x0800229e                CAnalogInput::~CAnalogInput()
 *fill*         0x080022aa        0x2 
 .text.main     0x080022ac      0x528 src\main.o
                0x080022ac                main
 .text.Reset_Handler
                0x080027d4       0x50 src\startup_stm32f10x_md.o
                0x080027d4                Reset_Handler
 .text.Default_Handler
                0x08002824        0x2 src\startup_stm32f10x_md.o
                0x08002824                EXTI2_IRQHandler
                0x08002824                TIM1_CC_IRQHandler
                0x08002824                PVD_IRQHandler
                0x08002824                EXTI3_IRQHandler
                0x08002824                EXTI0_IRQHandler
                0x08002824                I2C2_EV_IRQHandler
                0x08002824                ADC1_2_IRQHandler
                0x08002824                SPI1_IRQHandler
                0x08002824                TAMPER_IRQHandler
                0x08002824                DMA1_Channel4_IRQHandler
                0x08002824                USART3_IRQHandler
                0x08002824                RTC_IRQHandler
                0x08002824                DMA1_Channel7_IRQHandler
                0x08002824                CAN1_RX1_IRQHandler
                0x08002824                TIM4_IRQHandler
                0x08002824                I2C1_EV_IRQHandler
                0x08002824                DMA1_Channel6_IRQHandler
                0x08002824                TIM3_IRQHandler
                0x08002824                RCC_IRQHandler
                0x08002824                TIM1_TRG_COM_IRQHandler
                0x08002824                DMA1_Channel1_IRQHandler
                0x08002824                Default_Handler
                0x08002824                EXTI15_10_IRQHandler
                0x08002824                EXTI9_5_IRQHandler
                0x08002824                SPI2_IRQHandler
                0x08002824                DMA1_Channel5_IRQHandler
                0x08002824                EXTI4_IRQHandler
                0x08002824                USB_LP_CAN1_RX0_IRQHandler
                0x08002824                USB_HP_CAN1_TX_IRQHandler
                0x08002824                DMA1_Channel3_IRQHandler
                0x08002824                TIM1_UP_IRQHandler
                0x08002824                WWDG_IRQHandler
                0x08002824                TIM2_IRQHandler
                0x08002824                TIM1_BRK_IRQHandler
                0x08002824                EXTI1_IRQHandler
                0x08002824                RTCAlarm_IRQHandler
                0x08002824                USART2_IRQHandler
                0x08002824                I2C2_ER_IRQHandler
                0x08002824                DMA1_Channel2_IRQHandler
                0x08002824                CAN1_SCE_IRQHandler
                0x08002824                FLASH_IRQHandler
                0x08002824                USART1_IRQHandler
                0x08002824                I2C1_ER_IRQHandler
                0x08002824                USBWakeUp_IRQHandler
 .text.NMI_Handler
                0x08002826        0xc src\stm32f1xx_it.o
                0x08002826                NMI_Handler
 .text.HardFault_Handler
                0x08002832        0x6 src\stm32f1xx_it.o
                0x08002832                HardFault_Handler
 .text.MemManage_Handler
                0x08002838        0x6 src\stm32f1xx_it.o
                0x08002838                MemManage_Handler
 .text.BusFault_Handler
                0x0800283e        0x6 src\stm32f1xx_it.o
                0x0800283e                BusFault_Handler
 .text.UsageFault_Handler
                0x08002844        0x6 src\stm32f1xx_it.o
                0x08002844                UsageFault_Handler
 .text.SVC_Handler
                0x0800284a        0xc src\stm32f1xx_it.o
                0x0800284a                SVC_Handler
 .text.DebugMon_Handler
                0x08002856        0xc src\stm32f1xx_it.o
                0x08002856                DebugMon_Handler
 .text.PendSV_Handler
                0x08002862        0xc src\stm32f1xx_it.o
                0x08002862                PendSV_Handler
 .text.SysTick_Handler
                0x0800286e        0xc src\stm32f1xx_it.o
                0x0800286e                SysTick_Handler
 *fill*         0x0800287a        0x2 
 .text.SystemInit
                0x0800287c       0x68 src\system_stm32f10x.o
                0x0800287c                SystemInit
 .text.SetSysClock
                0x080028e4        0xc src\system_stm32f10x.o
 .text.SetSysClockTo72
                0x080028f0      0x100 src\system_stm32f10x.o
 .text.ts_itoa  0x080029f0       0x90 src\tiny_printf.o
                0x080029f0                ts_itoa
 .text.ts_formatstring
                0x08002a80      0x12e src\tiny_printf.o
                0x08002a80                ts_formatstring
 .text.siprintf
                0x08002bae       0x2c src\tiny_printf.o
                0x08002bae                siprintf
                0x08002bae                sprintf
 *fill*         0x08002bda        0x2 
 .text._ZdlPv   0x08002bdc        0x4 c:/program files (x86)/atollic/truestudio for stm32 9.3.0/armtools/bin/../lib/gcc/arm-atollic-eabi/6.3.1/../../../../arm-atollic-eabi/lib/armv7-m\libstdc++.a(del_op.o)
                0x08002bdc                operator delete(void*)
 .text.__libc_init_array
                0x08002be0       0x48 c:/program files (x86)/atollic/truestudio for stm32 9.3.0/armtools/bin/../lib/gcc/arm-atollic-eabi/6.3.1/../../../../arm-atollic-eabi/lib/armv7-m\libc.a(lib_a-init.o)
                0x08002be0                __libc_init_array
 .text.malloc   0x08002c28       0x10 c:/program files (x86)/atollic/truestudio for stm32 9.3.0/armtools/bin/../lib/gcc/arm-atollic-eabi/6.3.1/../../../../arm-atollic-eabi/lib/armv7-m\libc.a(lib_a-malloc.o)
                0x08002c28                malloc
 .text.free     0x08002c38       0x10 c:/program files (x86)/atollic/truestudio for stm32 9.3.0/armtools/bin/../lib/gcc/arm-atollic-eabi/6.3.1/../../../../arm-atollic-eabi/lib/armv7-m\libc.a(lib_a-malloc.o)
                0x08002c38                free
 .text._malloc_r
                0x08002c48      0x418 c:/program files (x86)/atollic/truestudio for stm32 9.3.0/armtools/bin/../lib/gcc/arm-atollic-eabi/6.3.1/../../../../arm-atollic-eabi/lib/armv7-m\libc.a(lib_a-mallocr.o)
                0x08002c48                _malloc_r
 .text.memset   0x08003060       0x10 c:/program files (x86)/atollic/truestudio for stm32 9.3.0/armtools/bin/../lib/gcc/arm-atollic-eabi/6.3.1/../../../../arm-atollic-eabi/lib/armv7-m\libc.a(lib_a-memset.o)
                0x08003060                memset
 .text.__malloc_lock
                0x08003070        0xc c:/program files (x86)/atollic/truestudio for stm32 9.3.0/armtools/bin/../lib/gcc/arm-atollic-eabi/6.3.1/../../../../arm-atollic-eabi/lib/armv7-m\libc.a(lib_a-mlock.o)
                0x08003070                __malloc_lock
 .text.__malloc_unlock
                0x0800307c        0xc c:/program files (x86)/atollic/truestudio for stm32 9.3.0/armtools/bin/../lib/gcc/arm-atollic-eabi/6.3.1/../../../../arm-atollic-eabi/lib/armv7-m\libc.a(lib_a-mlock.o)
                0x0800307c                __malloc_unlock
 .text._sbrk_r  0x08003088       0x20 c:/program files (x86)/atollic/truestudio for stm32 9.3.0/armtools/bin/../lib/gcc/arm-atollic-eabi/6.3.1/../../../../arm-atollic-eabi/lib/armv7-m\libc.a(lib_a-sbrkr.o)
                0x08003088                _sbrk_r
 .text._malloc_trim_r
                0x080030a8       0xac c:/program files (x86)/atollic/truestudio for stm32 9.3.0/armtools/bin/../lib/gcc/arm-atollic-eabi/6.3.1/../../../../arm-atollic-eabi/lib/armv7-m\libc.a(lib_a-freer.o)
                0x080030a8                _malloc_trim_r
 .text._free_r  0x08003154      0x178 c:/program files (x86)/atollic/truestudio for stm32 9.3.0/armtools/bin/../lib/gcc/arm-atollic-eabi/6.3.1/../../../../arm-atollic-eabi/lib/armv7-m\libc.a(lib_a-freer.o)
                0x08003154                _free_r
 .text.__retarget_lock_acquire_recursive
                0x080032cc        0x2 c:/program files (x86)/atollic/truestudio for stm32 9.3.0/armtools/bin/../lib/gcc/arm-atollic-eabi/6.3.1/../../../../arm-atollic-eabi/lib/armv7-m\libc.a(lib_a-lock.o)
                0x080032cc                __retarget_lock_acquire_recursive
 .text.__retarget_lock_release_recursive
                0x080032ce        0x2 c:/program files (x86)/atollic/truestudio for stm32 9.3.0/armtools/bin/../lib/gcc/arm-atollic-eabi/6.3.1/../../../../arm-atollic-eabi/lib/armv7-m\libc.a(lib_a-lock.o)
                0x080032ce                __retarget_lock_release_recursive
 .text._sbrk    0x080032d0       0x1c c:/program files (x86)/atollic/truestudio for stm32 9.3.0/armtools/bin/../lib/gcc/arm-atollic-eabi/6.3.1/../../../../arm-atollic-eabi/lib/armv7-m\libnosys.a(sbrk.o)
                0x080032d0                _sbrk
 *(.glue_7)
 .glue_7        0x080032ec        0x0 linker stubs
 *(.glue_7t)
 .glue_7t       0x080032ec        0x0 linker stubs
 *(.eh_frame)
 .eh_frame      0x080032ec        0x0 c:/program files (x86)/atollic/truestudio for stm32 9.3.0/armtools/bin/../lib/gcc/arm-atollic-eabi/6.3.1/armv7-m/crtbegin.o
 *(.init)
 .init          0x080032ec        0x4 c:/program files (x86)/atollic/truestudio for stm32 9.3.0/armtools/bin/../lib/gcc/arm-atollic-eabi/6.3.1/armv7-m/crti.o
                0x080032ec                _init
 .init          0x080032f0        0x8 c:/program files (x86)/atollic/truestudio for stm32 9.3.0/armtools/bin/../lib/gcc/arm-atollic-eabi/6.3.1/armv7-m/crtn.o
 *(.fini)
 .fini          0x080032f8        0x4 c:/program files (x86)/atollic/truestudio for stm32 9.3.0/armtools/bin/../lib/gcc/arm-atollic-eabi/6.3.1/armv7-m/crti.o
                0x080032f8                _fini
 .fini          0x080032fc        0x8 c:/program files (x86)/atollic/truestudio for stm32 9.3.0/armtools/bin/../lib/gcc/arm-atollic-eabi/6.3.1/armv7-m/crtn.o
                0x08003304                . = ALIGN (0x4)
                0x08003304                _etext = .

.vfp11_veneer   0x08003304        0x0
 .vfp11_veneer  0x08003304        0x0 linker stubs

.v4_bx          0x08003304        0x0
 .v4_bx         0x08003304        0x0 linker stubs

.iplt           0x08003304        0x0
 .iplt          0x08003304        0x0 c:/program files (x86)/atollic/truestudio for stm32 9.3.0/armtools/bin/../lib/gcc/arm-atollic-eabi/6.3.1/armv7-m/crtbegin.o

.rodata         0x08003304      0x104
                0x08003304                . = ALIGN (0x4)
 *(.rodata)
 *(.rodata*)
 .rodata._ZTV10CHeartBeat
                0x08003304       0x10 src\Device\HeartBeat.o
                0x08003304                vtable for CHeartBeat
 .rodata._ZTV13CSTM32F10xADC
                0x08003314       0x14 src\Peripheral\STM32F10xADC.o
                0x08003314                vtable for CSTM32F10xADC
 .rodata._ZTV13CSTM32F10xDMA
                0x08003328       0x2c src\Peripheral\STM32F10xDMA.o
                0x08003328                vtable for CSTM32F10xDMA
 .rodata._ZTV14CSTM32F10xGpio
                0x08003354       0x1c src\Peripheral\STM32F10xGpio.o
                0x08003354                vtable for CSTM32F10xGpio
 .rodata._ZTV22CSTM32F10xInputCapture
                0x08003370       0x18 src\Peripheral\STM32F10xInputCapture.o
                0x08003370                vtable for CSTM32F10xInputCapture
 .rodata._ZTV15CSTM32F10xTimer
                0x08003388       0x14 src\Peripheral\STM32F10xTimer.o
                0x08003388                vtable for CSTM32F10xTimer
 .rodata._ZTV13CCircularFifoIcLj322EE
                0x0800339c       0x10 src\Peripheral\STM32F10xUSART.o
                0x0800339c                vtable for CCircularFifo<char, 322u>
 .rodata._ZTV15CSTM32F10xUSART
                0x080033ac       0x24 src\Peripheral\STM32F10xUSART.o
                0x080033ac                vtable for CSTM32F10xUSART
 .rodata._ZTV17CACFrequencyMeter
                0x080033d0       0x10 src\Sensor\ACFrequencyMeter.o
                0x080033d0                vtable for CACFrequencyMeter
 .rodata._ZTV8CTimeout
                0x080033e0       0x10 src\Utilities\Timeout.o
                0x080033e0                vtable for CTimeout
 .rodata._ZTV12CAnalogInput
                0x080033f0       0x10 src\main.o
                0x080033f0                vtable for CAnalogInput
 .rodata.main.str1.4
                0x08003400        0x8 src\main.o
                                  0x5 (size before relaxing)
                0x08003408                . = ALIGN (0x4)

.ARM.extab
 *(.ARM.extab* .gnu.linkonce.armextab.*)

.ARM            0x08003408        0x8
                0x08003408                __exidx_start = .
 *(.ARM.exidx*)
 .ARM.exidx.text._ZdlPv
                0x08003408        0x8 c:/program files (x86)/atollic/truestudio for stm32 9.3.0/armtools/bin/../lib/gcc/arm-atollic-eabi/6.3.1/../../../../arm-atollic-eabi/lib/armv7-m\libstdc++.a(del_op.o)
                0x08003410                __exidx_end = .

.rel.dyn        0x08003410        0x0
 .rel.iplt      0x08003410        0x0 c:/program files (x86)/atollic/truestudio for stm32 9.3.0/armtools/bin/../lib/gcc/arm-atollic-eabi/6.3.1/armv7-m/crtbegin.o

.preinit_array  0x08003410        0x0
                0x08003410                PROVIDE (__preinit_array_start, .)
 *(.preinit_array*)
                0x08003410                PROVIDE (__preinit_array_end, .)

.init_array     0x08003410        0x4
                0x08003410                PROVIDE (__init_array_start, .)
 *(SORT(.init_array.*))
 *(.init_array*)
 .init_array    0x08003410        0x4 c:/program files (x86)/atollic/truestudio for stm32 9.3.0/armtools/bin/../lib/gcc/arm-atollic-eabi/6.3.1/armv7-m/crtbegin.o
                0x08003414                PROVIDE (__init_array_end, .)

.fini_array     0x08003414        0x4
                [!provide]                PROVIDE (__fini_array_start, .)
 *(SORT(.fini_array.*))
 *(.fini_array*)
 .fini_array    0x08003414        0x4 c:/program files (x86)/atollic/truestudio for stm32 9.3.0/armtools/bin/../lib/gcc/arm-atollic-eabi/6.3.1/armv7-m/crtbegin.o
                [!provide]                PROVIDE (__fini_array_end, .)
                0x08003418                _sidata = LOADADDR (.data)

.data           0x20000000      0x518 load address 0x08003418
                0x20000000                . = ALIGN (0x4)
                0x20000000                _sdata = .
 *(.data)
 *(.data*)
 .data.APBAHBPrescTable
                0x20000000       0x10 Libraries\STM32F10x_StdPeriph_Driver\src\stm32f10x_rcc.o
 .data.ADCPrescTable
                0x20000010        0x4 Libraries\STM32F10x_StdPeriph_Driver\src\stm32f10x_rcc.o
 .data.__malloc_av_
                0x20000014      0x408 c:/program files (x86)/atollic/truestudio for stm32 9.3.0/armtools/bin/../lib/gcc/arm-atollic-eabi/6.3.1/../../../../arm-atollic-eabi/lib/armv7-m\libc.a(lib_a-mallocr.o)
                0x20000014                __malloc_av_
 .data.__malloc_sbrk_base
                0x2000041c        0x4 c:/program files (x86)/atollic/truestudio for stm32 9.3.0/armtools/bin/../lib/gcc/arm-atollic-eabi/6.3.1/../../../../arm-atollic-eabi/lib/armv7-m\libc.a(lib_a-mallocr.o)
                0x2000041c                __malloc_sbrk_base
 .data.__malloc_trim_threshold
                0x20000420        0x4 c:/program files (x86)/atollic/truestudio for stm32 9.3.0/armtools/bin/../lib/gcc/arm-atollic-eabi/6.3.1/../../../../arm-atollic-eabi/lib/armv7-m\libc.a(lib_a-mallocr.o)
                0x20000420                __malloc_trim_threshold
 .data._impure_ptr
                0x20000424        0x4 c:/program files (x86)/atollic/truestudio for stm32 9.3.0/armtools/bin/../lib/gcc/arm-atollic-eabi/6.3.1/../../../../arm-atollic-eabi/lib/armv7-m\libc.a(lib_a-impure.o)
                0x20000424                _impure_ptr
 .data.impure_data
                0x20000428       0xf0 c:/program files (x86)/atollic/truestudio for stm32 9.3.0/armtools/bin/../lib/gcc/arm-atollic-eabi/6.3.1/../../../../arm-atollic-eabi/lib/armv7-m\libc.a(lib_a-impure.o)
                0x20000518                . = ALIGN (0x4)
                0x20000518                _edata = .

.igot.plt       0x20000518        0x0 load address 0x08003930
 .igot.plt      0x20000518        0x0 c:/program files (x86)/atollic/truestudio for stm32 9.3.0/armtools/bin/../lib/gcc/arm-atollic-eabi/6.3.1/armv7-m/crtbegin.o
                0x20000518                . = ALIGN (0x4)

.bss            0x20000518       0x64 load address 0x08003930
                0x20000518                _sbss = .
                0x20000518                __bss_start__ = _sbss
 *(.bss)
 .bss           0x20000518       0x1c c:/program files (x86)/atollic/truestudio for stm32 9.3.0/armtools/bin/../lib/gcc/arm-atollic-eabi/6.3.1/armv7-m/crtbegin.o
 *(.bss*)
 .bss.__malloc_current_mallinfo
                0x20000534       0x28 c:/program files (x86)/atollic/truestudio for stm32 9.3.0/armtools/bin/../lib/gcc/arm-atollic-eabi/6.3.1/../../../../arm-atollic-eabi/lib/armv7-m\libc.a(lib_a-mallocr.o)
                0x20000534                __malloc_current_mallinfo
 .bss.__malloc_max_sbrked_mem
                0x2000055c        0x4 c:/program files (x86)/atollic/truestudio for stm32 9.3.0/armtools/bin/../lib/gcc/arm-atollic-eabi/6.3.1/../../../../arm-atollic-eabi/lib/armv7-m\libc.a(lib_a-mallocr.o)
                0x2000055c                __malloc_max_sbrked_mem
 .bss.__malloc_max_total_mem
                0x20000560        0x4 c:/program files (x86)/atollic/truestudio for stm32 9.3.0/armtools/bin/../lib/gcc/arm-atollic-eabi/6.3.1/../../../../arm-atollic-eabi/lib/armv7-m\libc.a(lib_a-mallocr.o)
                0x20000560                __malloc_max_total_mem
 .bss.__malloc_top_pad
                0x20000564        0x4 c:/program files (x86)/atollic/truestudio for stm32 9.3.0/armtools/bin/../lib/gcc/arm-atollic-eabi/6.3.1/../../../../arm-atollic-eabi/lib/armv7-m\libc.a(lib_a-mallocr.o)
                0x20000564                __malloc_top_pad
 .bss.heap_end.4116
                0x20000568        0x4 c:/program files (x86)/atollic/truestudio for stm32 9.3.0/armtools/bin/../lib/gcc/arm-atollic-eabi/6.3.1/../../../../arm-atollic-eabi/lib/armv7-m\libnosys.a(sbrk.o)
 *(COMMON)
 COMMON         0x2000056c        0x9 c:/program files (x86)/atollic/truestudio for stm32 9.3.0/armtools/bin/../lib/gcc/arm-atollic-eabi/6.3.1/../../../../arm-atollic-eabi/lib/armv7-m\libc.a(lib_a-lock.o)
                0x2000056c                __lock___atexit_recursive_mutex
                0x2000056d                __lock___arc4random_mutex
                0x2000056e                __lock___env_recursive_mutex
                0x2000056f                __lock___sinit_recursive_mutex
                0x20000570                __lock___malloc_recursive_mutex
                0x20000571                __lock___at_quick_exit_mutex
                0x20000572                __lock___dd_hash_mutex
                0x20000573                __lock___tz_mutex
                0x20000574                __lock___sfp_recursive_mutex
 *fill*         0x20000575        0x3 
 COMMON         0x20000578        0x4 c:/program files (x86)/atollic/truestudio for stm32 9.3.0/armtools/bin/../lib/gcc/arm-atollic-eabi/6.3.1/../../../../arm-atollic-eabi/lib/armv7-m\libc.a(lib_a-reent.o)
                0x20000578                errno
                0x2000057c                . = ALIGN (0x4)
                0x2000057c                _ebss = .
                0x2000057c                __bss_end__ = _ebss

._user_heap_stack
                0x2000057c      0x100 load address 0x08003930
                0x2000057c                . = ALIGN (0x4)
                0x2000057c                PROVIDE (end, .)
                [!provide]                PROVIDE (_end, .)
                0x2000057c                . = (. + _Min_Heap_Size)
                0x2000067c                . = (. + _Min_Stack_Size)
 *fill*         0x2000057c      0x100 
                0x2000067c                . = ALIGN (0x4)

.memory_b1_text
 *(.mb1text)
 *(.mb1text*)
 *(.mb1rodata)
 *(.mb1rodata*)

/DISCARD/
 libc.a(*)
 libm.a(*)
 libgcc.a(*)

.ARM.attributes
                0x00000000       0x29
 *(.ARM.attributes)
 .ARM.attributes
                0x00000000       0x1d c:/program files (x86)/atollic/truestudio for stm32 9.3.0/armtools/bin/../lib/gcc/arm-atollic-eabi/6.3.1/armv7-m/crti.o
 .ARM.attributes
                0x0000001d       0x2d c:/program files (x86)/atollic/truestudio for stm32 9.3.0/armtools/bin/../lib/gcc/arm-atollic-eabi/6.3.1/armv7-m/crtbegin.o
 .ARM.attributes
                0x0000004a       0x33 Libraries\STM32F10x_StdPeriph_Driver\src\stm32f10x_adc.o
 .ARM.attributes
                0x0000007d       0x33 Libraries\STM32F10x_StdPeriph_Driver\src\stm32f10x_dma.o
 .ARM.attributes
                0x000000b0       0x33 Libraries\STM32F10x_StdPeriph_Driver\src\stm32f10x_gpio.o
 .ARM.attributes
                0x000000e3       0x33 Libraries\STM32F10x_StdPeriph_Driver\src\stm32f10x_rcc.o
 .ARM.attributes
                0x00000116       0x33 Libraries\STM32F10x_StdPeriph_Driver\src\stm32f10x_spi.o
 .ARM.attributes
                0x00000149       0x33 Libraries\STM32F10x_StdPeriph_Driver\src\stm32f10x_tim.o
 .ARM.attributes
                0x0000017c       0x33 Libraries\STM32F10x_StdPeriph_Driver\src\stm32f10x_usart.o
 .ARM.attributes
                0x000001af       0x33 src\DMD\DMD.o
 .ARM.attributes
                0x000001e2       0x33 src\Device\HeartBeat.o
 .ARM.attributes
                0x00000215       0x33 src\Peripheral\STM32F10xADC.o
 .ARM.attributes
                0x00000248       0x33 src\Peripheral\STM32F10xDMA.o
 .ARM.attributes
                0x0000027b       0x33 src\Peripheral\STM32F10xGpio.o
 .ARM.attributes
                0x000002ae       0x33 src\Peripheral\STM32F10xInputCapture.o
 .ARM.attributes
                0x000002e1       0x33 src\Peripheral\STM32F10xTimer.o
 .ARM.attributes
                0x00000314       0x33 src\Peripheral\STM32F10xUSART.o
 .ARM.attributes
                0x00000347       0x33 src\Sensor\ACFrequencyMeter.o
 .ARM.attributes
                0x0000037a       0x33 src\Utilities\Timeout.o
 .ARM.attributes
                0x000003ad       0x33 src\main.o
 .ARM.attributes
                0x000003e0       0x21 src\startup_stm32f10x_md.o
 .ARM.attributes
                0x00000401       0x33 src\stm32f1xx_it.o
 .ARM.attributes
                0x00000434       0x33 src\system_stm32f10x.o
 .ARM.attributes
                0x00000467       0x33 src\tiny_printf.o
 .ARM.attributes
                0x0000049a       0x2d c:/program files (x86)/atollic/truestudio for stm32 9.3.0/armtools/bin/../lib/gcc/arm-atollic-eabi/6.3.1/../../../../arm-atollic-eabi/lib/armv7-m\libstdc++.a(del_op.o)
 .ARM.attributes
                0x000004c7       0x2d c:/program files (x86)/atollic/truestudio for stm32 9.3.0/armtools/bin/../lib/gcc/arm-atollic-eabi/6.3.1/../../../../arm-atollic-eabi/lib/armv7-m\libc.a(lib_a-init.o)
 .ARM.attributes
                0x000004f4       0x2d c:/program files (x86)/atollic/truestudio for stm32 9.3.0/armtools/bin/../lib/gcc/arm-atollic-eabi/6.3.1/../../../../arm-atollic-eabi/lib/armv7-m\libc.a(lib_a-malloc.o)
 .ARM.attributes
                0x00000521       0x2d c:/program files (x86)/atollic/truestudio for stm32 9.3.0/armtools/bin/../lib/gcc/arm-atollic-eabi/6.3.1/../../../../arm-atollic-eabi/lib/armv7-m\libc.a(lib_a-mallocr.o)
 .ARM.attributes
                0x0000054e       0x2d c:/program files (x86)/atollic/truestudio for stm32 9.3.0/armtools/bin/../lib/gcc/arm-atollic-eabi/6.3.1/../../../../arm-atollic-eabi/lib/armv7-m\libc.a(lib_a-memset.o)
 .ARM.attributes
                0x0000057b       0x2d c:/program files (x86)/atollic/truestudio for stm32 9.3.0/armtools/bin/../lib/gcc/arm-atollic-eabi/6.3.1/../../../../arm-atollic-eabi/lib/armv7-m\libc.a(lib_a-mlock.o)
 .ARM.attributes
                0x000005a8       0x2d c:/program files (x86)/atollic/truestudio for stm32 9.3.0/armtools/bin/../lib/gcc/arm-atollic-eabi/6.3.1/../../../../arm-atollic-eabi/lib/armv7-m\libc.a(lib_a-sbrkr.o)
 .ARM.attributes
                0x000005d5       0x2d c:/program files (x86)/atollic/truestudio for stm32 9.3.0/armtools/bin/../lib/gcc/arm-atollic-eabi/6.3.1/../../../../arm-atollic-eabi/lib/armv7-m\libc.a(lib_a-freer.o)
 .ARM.attributes
                0x00000602       0x2d c:/program files (x86)/atollic/truestudio for stm32 9.3.0/armtools/bin/../lib/gcc/arm-atollic-eabi/6.3.1/../../../../arm-atollic-eabi/lib/armv7-m\libc.a(lib_a-impure.o)
 .ARM.attributes
                0x0000062f       0x2d c:/program files (x86)/atollic/truestudio for stm32 9.3.0/armtools/bin/../lib/gcc/arm-atollic-eabi/6.3.1/../../../../arm-atollic-eabi/lib/armv7-m\libc.a(lib_a-lock.o)
 .ARM.attributes
                0x0000065c       0x2d c:/program files (x86)/atollic/truestudio for stm32 9.3.0/armtools/bin/../lib/gcc/arm-atollic-eabi/6.3.1/../../../../arm-atollic-eabi/lib/armv7-m\libc.a(lib_a-reent.o)
 .ARM.attributes
                0x00000689       0x1d c:/program files (x86)/atollic/truestudio for stm32 9.3.0/armtools/bin/../lib/gcc/arm-atollic-eabi/6.3.1/armv7-m\libgcc.a(_arm_addsubsf3.o)
 .ARM.attributes
                0x000006a6       0x1d c:/program files (x86)/atollic/truestudio for stm32 9.3.0/armtools/bin/../lib/gcc/arm-atollic-eabi/6.3.1/armv7-m\libgcc.a(_arm_muldivsf3.o)
 .ARM.attributes
                0x000006c3       0x1d c:/program files (x86)/atollic/truestudio for stm32 9.3.0/armtools/bin/../lib/gcc/arm-atollic-eabi/6.3.1/armv7-m\libgcc.a(_arm_fixunssfsi.o)
 .ARM.attributes
                0x000006e0       0x2d c:/program files (x86)/atollic/truestudio for stm32 9.3.0/armtools/bin/../lib/gcc/arm-atollic-eabi/6.3.1/../../../../arm-atollic-eabi/lib/armv7-m\libnosys.a(sbrk.o)
 .ARM.attributes
                0x0000070d       0x1d c:/program files (x86)/atollic/truestudio for stm32 9.3.0/armtools/bin/../lib/gcc/arm-atollic-eabi/6.3.1/armv7-m/crtn.o
OUTPUT(ac_power.elf elf32-littlearm)

.debug_info     0x00000000    0x25043
 .debug_info    0x00000000      0xb87 Libraries\STM32F10x_StdPeriph_Driver\src\stm32f10x_adc.o
 .debug_info    0x00000b87      0x486 Libraries\STM32F10x_StdPeriph_Driver\src\stm32f10x_dma.o
 .debug_info    0x0000100d      0x701 Libraries\STM32F10x_StdPeriph_Driver\src\stm32f10x_gpio.o
 .debug_info    0x0000170e      0x8b2 Libraries\STM32F10x_StdPeriph_Driver\src\stm32f10x_rcc.o
 .debug_info    0x00001fc0      0x906 Libraries\STM32F10x_StdPeriph_Driver\src\stm32f10x_spi.o
 .debug_info    0x000028c6     0x1c6b Libraries\STM32F10x_StdPeriph_Driver\src\stm32f10x_tim.o
 .debug_info    0x00004531      0x9fb Libraries\STM32F10x_StdPeriph_Driver\src\stm32f10x_usart.o
 .debug_info    0x00004f2c     0x3ee2 src\DMD\DMD.o
 .debug_info    0x00008e0e     0x2638 src\Device\HeartBeat.o
 .debug_info    0x0000b446     0x25d4 src\Peripheral\STM32F10xADC.o
 .debug_info    0x0000da1a     0x2b68 src\Peripheral\STM32F10xDMA.o
 .debug_info    0x00010582     0x277d src\Peripheral\STM32F10xGpio.o
 .debug_info    0x00012cff     0x2946 src\Peripheral\STM32F10xInputCapture.o
 .debug_info    0x00015645     0x280b src\Peripheral\STM32F10xTimer.o
 .debug_info    0x00017e50     0x2f37 src\Peripheral\STM32F10xUSART.o
 .debug_info    0x0001ad87     0x2516 src\Sensor\ACFrequencyMeter.o
 .debug_info    0x0001d29d     0x257e src\Utilities\Timeout.o
 .debug_info    0x0001f81b     0x4534 src\main.o
 .debug_info    0x00023d4f       0x68 src\startup_stm32f10x_md.o
 .debug_info    0x00023db7      0x154 src\stm32f1xx_it.o
 .debug_info    0x00023f0b      0x4a7 src\system_stm32f10x.o
 .debug_info    0x000243b2      0xc91 src\tiny_printf.o

.debug_abbrev   0x00000000     0x4e52
 .debug_abbrev  0x00000000      0x1ab Libraries\STM32F10x_StdPeriph_Driver\src\stm32f10x_adc.o
 .debug_abbrev  0x000001ab      0x182 Libraries\STM32F10x_StdPeriph_Driver\src\stm32f10x_dma.o
 .debug_abbrev  0x0000032d      0x1dd Libraries\STM32F10x_StdPeriph_Driver\src\stm32f10x_gpio.o
 .debug_abbrev  0x0000050a      0x1cf Libraries\STM32F10x_StdPeriph_Driver\src\stm32f10x_rcc.o
 .debug_abbrev  0x000006d9      0x1ab Libraries\STM32F10x_StdPeriph_Driver\src\stm32f10x_spi.o
 .debug_abbrev  0x00000884      0x1c3 Libraries\STM32F10x_StdPeriph_Driver\src\stm32f10x_tim.o
 .debug_abbrev  0x00000a47      0x18f Libraries\STM32F10x_StdPeriph_Driver\src\stm32f10x_usart.o
 .debug_abbrev  0x00000bd6      0x6b6 src\DMD\DMD.o
 .debug_abbrev  0x0000128c      0x531 src\Device\HeartBeat.o
 .debug_abbrev  0x000017bd      0x541 src\Peripheral\STM32F10xADC.o
 .debug_abbrev  0x00001cfe      0x5a5 src\Peripheral\STM32F10xDMA.o
 .debug_abbrev  0x000022a3      0x582 src\Peripheral\STM32F10xGpio.o
 .debug_abbrev  0x00002825      0x579 src\Peripheral\STM32F10xInputCapture.o
 .debug_abbrev  0x00002d9e      0x550 src\Peripheral\STM32F10xTimer.o
 .debug_abbrev  0x000032ee      0x657 src\Peripheral\STM32F10xUSART.o
 .debug_abbrev  0x00003945      0x4e4 src\Sensor\ACFrequencyMeter.o
 .debug_abbrev  0x00003e29      0x4f3 src\Utilities\Timeout.o
 .debug_abbrev  0x0000431c      0x6dc src\main.o
 .debug_abbrev  0x000049f8       0x12 src\startup_stm32f10x_md.o
 .debug_abbrev  0x00004a0a       0x78 src\stm32f1xx_it.o
 .debug_abbrev  0x00004a82      0x16e src\system_stm32f10x.o
 .debug_abbrev  0x00004bf0      0x262 src\tiny_printf.o

.debug_aranges  0x00000000      0xd28
 .debug_aranges
                0x00000000      0x138 Libraries\STM32F10x_StdPeriph_Driver\src\stm32f10x_adc.o
 .debug_aranges
                0x00000138       0x70 Libraries\STM32F10x_StdPeriph_Driver\src\stm32f10x_dma.o
 .debug_aranges
                0x000001a8       0xa8 Libraries\STM32F10x_StdPeriph_Driver\src\stm32f10x_gpio.o
 .debug_aranges
                0x00000250      0x118 Libraries\STM32F10x_StdPeriph_Driver\src\stm32f10x_rcc.o
 .debug_aranges
                0x00000368       0xd0 Libraries\STM32F10x_StdPeriph_Driver\src\stm32f10x_spi.o
 .debug_aranges
                0x00000438      0x2f0 Libraries\STM32F10x_StdPeriph_Driver\src\stm32f10x_tim.o
 .debug_aranges
                0x00000728      0x100 Libraries\STM32F10x_StdPeriph_Driver\src\stm32f10x_usart.o
 .debug_aranges
                0x00000828       0xa0 src\DMD\DMD.o
 .debug_aranges
                0x000008c8       0x40 src\Device\HeartBeat.o
 .debug_aranges
                0x00000908       0x40 src\Peripheral\STM32F10xADC.o
 .debug_aranges
                0x00000948       0x70 src\Peripheral\STM32F10xDMA.o
 .debug_aranges
                0x000009b8       0x50 src\Peripheral\STM32F10xGpio.o
 .debug_aranges
                0x00000a08       0x48 src\Peripheral\STM32F10xInputCapture.o
 .debug_aranges
                0x00000a50       0x40 src\Peripheral\STM32F10xTimer.o
 .debug_aranges
                0x00000a90       0xa8 src\Peripheral\STM32F10xUSART.o
 .debug_aranges
                0x00000b38       0x48 src\Sensor\ACFrequencyMeter.o
 .debug_aranges
                0x00000b80       0x50 src\Utilities\Timeout.o
 .debug_aranges
                0x00000bd0       0x38 src\main.o
 .debug_aranges
                0x00000c08       0x28 src\startup_stm32f10x_md.o
 .debug_aranges
                0x00000c30       0x60 src\stm32f1xx_it.o
 .debug_aranges
                0x00000c90       0x38 src\system_stm32f10x.o
 .debug_aranges
                0x00000cc8       0x60 src\tiny_printf.o

.debug_ranges   0x00000000      0xca8
 .debug_ranges  0x00000000      0x128 Libraries\STM32F10x_StdPeriph_Driver\src\stm32f10x_adc.o
 .debug_ranges  0x00000128       0x60 Libraries\STM32F10x_StdPeriph_Driver\src\stm32f10x_dma.o
 .debug_ranges  0x00000188       0x98 Libraries\STM32F10x_StdPeriph_Driver\src\stm32f10x_gpio.o
 .debug_ranges  0x00000220      0x108 Libraries\STM32F10x_StdPeriph_Driver\src\stm32f10x_rcc.o
 .debug_ranges  0x00000328       0xc0 Libraries\STM32F10x_StdPeriph_Driver\src\stm32f10x_spi.o
 .debug_ranges  0x000003e8      0x2e0 Libraries\STM32F10x_StdPeriph_Driver\src\stm32f10x_tim.o
 .debug_ranges  0x000006c8       0xf0 Libraries\STM32F10x_StdPeriph_Driver\src\stm32f10x_usart.o
 .debug_ranges  0x000007b8      0x168 src\DMD\DMD.o
 .debug_ranges  0x00000920       0x30 src\Device\HeartBeat.o
 .debug_ranges  0x00000950       0x30 src\Peripheral\STM32F10xADC.o
 .debug_ranges  0x00000980       0x60 src\Peripheral\STM32F10xDMA.o
 .debug_ranges  0x000009e0       0x40 src\Peripheral\STM32F10xGpio.o
 .debug_ranges  0x00000a20       0x38 src\Peripheral\STM32F10xInputCapture.o
 .debug_ranges  0x00000a58       0x30 src\Peripheral\STM32F10xTimer.o
 .debug_ranges  0x00000a88       0x98 src\Peripheral\STM32F10xUSART.o
 .debug_ranges  0x00000b20       0x38 src\Sensor\ACFrequencyMeter.o
 .debug_ranges  0x00000b58       0x40 src\Utilities\Timeout.o
 .debug_ranges  0x00000b98       0x28 src\main.o
 .debug_ranges  0x00000bc0       0x20 src\startup_stm32f10x_md.o
 .debug_ranges  0x00000be0       0x50 src\stm32f1xx_it.o
 .debug_ranges  0x00000c30       0x28 src\system_stm32f10x.o
 .debug_ranges  0x00000c58       0x50 src\tiny_printf.o

.debug_line     0x00000000     0x7f26
 .debug_line    0x00000000      0x553 Libraries\STM32F10x_StdPeriph_Driver\src\stm32f10x_adc.o
 .debug_line    0x00000553      0x351 Libraries\STM32F10x_StdPeriph_Driver\src\stm32f10x_dma.o
 .debug_line    0x000008a4      0x3e9 Libraries\STM32F10x_StdPeriph_Driver\src\stm32f10x_gpio.o
 .debug_line    0x00000c8d      0x4e4 Libraries\STM32F10x_StdPeriph_Driver\src\stm32f10x_rcc.o
 .debug_line    0x00001171      0x446 Libraries\STM32F10x_StdPeriph_Driver\src\stm32f10x_spi.o
 .debug_line    0x000015b7      0xb69 Libraries\STM32F10x_StdPeriph_Driver\src\stm32f10x_tim.o
 .debug_line    0x00002120      0x4cb Libraries\STM32F10x_StdPeriph_Driver\src\stm32f10x_usart.o
 .debug_line    0x000025eb      0xa22 src\DMD\DMD.o
 .debug_line    0x0000300d      0x686 src\Device\HeartBeat.o
 .debug_line    0x00003693      0x691 src\Peripheral\STM32F10xADC.o
 .debug_line    0x00003d24      0x7a4 src\Peripheral\STM32F10xDMA.o
 .debug_line    0x000044c8      0x6c7 src\Peripheral\STM32F10xGpio.o
 .debug_line    0x00004b8f      0x70d src\Peripheral\STM32F10xInputCapture.o
 .debug_line    0x0000529c      0x6a4 src\Peripheral\STM32F10xTimer.o
 .debug_line    0x00005940      0x852 src\Peripheral\STM32F10xUSART.o
 .debug_line    0x00006192      0x62d src\Sensor\ACFrequencyMeter.o
 .debug_line    0x000067bf      0x637 src\Utilities\Timeout.o
 .debug_line    0x00006df6      0x97b src\main.o
 .debug_line    0x00007771       0x7c src\startup_stm32f10x_md.o
 .debug_line    0x000077ed      0x230 src\stm32f1xx_it.o
 .debug_line    0x00007a1d      0x24a src\system_stm32f10x.o
 .debug_line    0x00007c67      0x2bf src\tiny_printf.o

.debug_str      0x00000000     0x5aaf
 .debug_str     0x00000000      0x6ab Libraries\STM32F10x_StdPeriph_Driver\src\stm32f10x_adc.o
                                0x75c (size before relaxing)
 .debug_str     0x000006ab      0x1e7 Libraries\STM32F10x_StdPeriph_Driver\src\stm32f10x_dma.o
                                0x418 (size before relaxing)
 .debug_str     0x00000892      0x340 Libraries\STM32F10x_StdPeriph_Driver\src\stm32f10x_gpio.o
                                0x57a (size before relaxing)
 .debug_str     0x00000bd2      0x448 Libraries\STM32F10x_StdPeriph_Driver\src\stm32f10x_rcc.o
                                0x67b (size before relaxing)
 .debug_str     0x0000101a      0x398 Libraries\STM32F10x_StdPeriph_Driver\src\stm32f10x_spi.o
                                0x65e (size before relaxing)
 .debug_str     0x000013b2      0xb4a Libraries\STM32F10x_StdPeriph_Driver\src\stm32f10x_tim.o
                                0xe3e (size before relaxing)
 .debug_str     0x00001efc      0x403 Libraries\STM32F10x_StdPeriph_Driver\src\stm32f10x_usart.o
                                0x6f1 (size before relaxing)
 .debug_str     0x000022ff     0x1973 src\DMD\DMD.o
                               0x1de0 (size before relaxing)
 .debug_str     0x00003c72      0x14c src\Device\HeartBeat.o
                               0x171e (size before relaxing)
 .debug_str     0x00003dbe      0x16d src\Peripheral\STM32F10xADC.o
                               0x16f4 (size before relaxing)
 .debug_str     0x00003f2b      0x3ae src\Peripheral\STM32F10xDMA.o
                               0x1ab6 (size before relaxing)
 .debug_str     0x000042d9      0x20d src\Peripheral\STM32F10xGpio.o
                               0x17c8 (size before relaxing)
 .debug_str     0x000044e6      0x286 src\Peripheral\STM32F10xInputCapture.o
                               0x1995 (size before relaxing)
 .debug_str     0x0000476c      0x1b5 src\Peripheral\STM32F10xTimer.o
                               0x1861 (size before relaxing)
 .debug_str     0x00004921      0x583 src\Peripheral\STM32F10xUSART.o
                               0x1be0 (size before relaxing)
 .debug_str     0x00004ea4      0x1a7 src\Sensor\ACFrequencyMeter.o
                               0x171b (size before relaxing)
 .debug_str     0x0000504b       0xc6 src\Utilities\Timeout.o
                               0x16b0 (size before relaxing)
 .debug_str     0x00005111      0x7b9 src\main.o
                               0x2ec5 (size before relaxing)
 .debug_str     0x000058ca       0xa6 src\stm32f1xx_it.o
                                0x240 (size before relaxing)
 .debug_str     0x00005970       0xc4 src\system_stm32f10x.o
                                0x31c (size before relaxing)
 .debug_str     0x00005a34       0x7b src\tiny_printf.o
                                0x64c (size before relaxing)

.comment        0x00000000       0x7c
 .comment       0x00000000       0x7c Libraries\STM32F10x_StdPeriph_Driver\src\stm32f10x_adc.o
                                 0x7d (size before relaxing)
 .comment       0x0000007c       0x7d Libraries\STM32F10x_StdPeriph_Driver\src\stm32f10x_dma.o
 .comment       0x0000007c       0x7d Libraries\STM32F10x_StdPeriph_Driver\src\stm32f10x_gpio.o
 .comment       0x0000007c       0x7d Libraries\STM32F10x_StdPeriph_Driver\src\stm32f10x_rcc.o
 .comment       0x0000007c       0x7d Libraries\STM32F10x_StdPeriph_Driver\src\stm32f10x_spi.o
 .comment       0x0000007c       0x7d Libraries\STM32F10x_StdPeriph_Driver\src\stm32f10x_tim.o
 .comment       0x0000007c       0x7d Libraries\STM32F10x_StdPeriph_Driver\src\stm32f10x_usart.o
 .comment       0x0000007c       0x7d src\DMD\DMD.o
 .comment       0x0000007c       0x7d src\Device\HeartBeat.o
 .comment       0x0000007c       0x7d src\Peripheral\STM32F10xADC.o
 .comment       0x0000007c       0x7d src\Peripheral\STM32F10xDMA.o
 .comment       0x0000007c       0x7d src\Peripheral\STM32F10xGpio.o
 .comment       0x0000007c       0x7d src\Peripheral\STM32F10xInputCapture.o
 .comment       0x0000007c       0x7d src\Peripheral\STM32F10xTimer.o
 .comment       0x0000007c       0x7d src\Peripheral\STM32F10xUSART.o
 .comment       0x0000007c       0x7d src\Sensor\ACFrequencyMeter.o
 .comment       0x0000007c       0x7d src\Utilities\Timeout.o
 .comment       0x0000007c       0x7d src\main.o
 .comment       0x0000007c       0x7d src\stm32f1xx_it.o
 .comment       0x0000007c       0x7d src\system_stm32f10x.o
 .comment       0x0000007c       0x7d src\tiny_printf.o

.debug_frame    0x00000000     0x35a8
 .debug_frame   0x00000000      0x5a4 Libraries\STM32F10x_StdPeriph_Driver\src\stm32f10x_adc.o
 .debug_frame   0x000005a4      0x1c8 Libraries\STM32F10x_StdPeriph_Driver\src\stm32f10x_dma.o
 .debug_frame   0x0000076c      0x2d0 Libraries\STM32F10x_StdPeriph_Driver\src\stm32f10x_gpio.o
 .debug_frame   0x00000a3c      0x4f4 Libraries\STM32F10x_StdPeriph_Driver\src\stm32f10x_rcc.o
 .debug_frame   0x00000f30      0x3a0 Libraries\STM32F10x_StdPeriph_Driver\src\stm32f10x_spi.o
 .debug_frame   0x000012d0      0xe2c Libraries\STM32F10x_StdPeriph_Driver\src\stm32f10x_tim.o
 .debug_frame   0x000020fc      0x490 Libraries\STM32F10x_StdPeriph_Driver\src\stm32f10x_usart.o
 .debug_frame   0x0000258c      0x274 src\DMD\DMD.o
 .debug_frame   0x00002800       0x90 src\Device\HeartBeat.o
 .debug_frame   0x00002890       0x68 src\Peripheral\STM32F10xADC.o
 .debug_frame   0x000028f8      0x110 src\Peripheral\STM32F10xDMA.o
 .debug_frame   0x00002a08       0x88 src\Peripheral\STM32F10xGpio.o
 .debug_frame   0x00002a90       0x88 src\Peripheral\STM32F10xInputCapture.o
 .debug_frame   0x00002b18       0x68 src\Peripheral\STM32F10xTimer.o
 .debug_frame   0x00002b80      0x1c0 src\Peripheral\STM32F10xUSART.o
 .debug_frame   0x00002d40       0x84 src\Sensor\ACFrequencyMeter.o
 .debug_frame   0x00002dc4       0xa0 src\Utilities\Timeout.o
 .debug_frame   0x00002e64       0x74 src\main.o
 .debug_frame   0x00002ed8      0x110 src\stm32f1xx_it.o
 .debug_frame   0x00002fe8       0x98 src\system_stm32f10x.o
 .debug_frame   0x00003080      0x1bc src\tiny_printf.o
 .debug_frame   0x0000323c       0x20 c:/program files (x86)/atollic/truestudio for stm32 9.3.0/armtools/bin/../lib/gcc/arm-atollic-eabi/6.3.1/../../../../arm-atollic-eabi/lib/armv7-m\libstdc++.a(del_op.o)
 .debug_frame   0x0000325c       0x2c c:/program files (x86)/atollic/truestudio for stm32 9.3.0/armtools/bin/../lib/gcc/arm-atollic-eabi/6.3.1/../../../../arm-atollic-eabi/lib/armv7-m\libc.a(lib_a-init.o)
 .debug_frame   0x00003288       0x30 c:/program files (x86)/atollic/truestudio for stm32 9.3.0/armtools/bin/../lib/gcc/arm-atollic-eabi/6.3.1/../../../../arm-atollic-eabi/lib/armv7-m\libc.a(lib_a-malloc.o)
 .debug_frame   0x000032b8       0x40 c:/program files (x86)/atollic/truestudio for stm32 9.3.0/armtools/bin/../lib/gcc/arm-atollic-eabi/6.3.1/../../../../arm-atollic-eabi/lib/armv7-m\libc.a(lib_a-mallocr.o)
 .debug_frame   0x000032f8       0x20 c:/program files (x86)/atollic/truestudio for stm32 9.3.0/armtools/bin/../lib/gcc/arm-atollic-eabi/6.3.1/../../../../arm-atollic-eabi/lib/armv7-m\libc.a(lib_a-memset.o)
 .debug_frame   0x00003318       0x30 c:/program files (x86)/atollic/truestudio for stm32 9.3.0/armtools/bin/../lib/gcc/arm-atollic-eabi/6.3.1/../../../../arm-atollic-eabi/lib/armv7-m\libc.a(lib_a-mlock.o)
 .debug_frame   0x00003348       0x2c c:/program files (x86)/atollic/truestudio for stm32 9.3.0/armtools/bin/../lib/gcc/arm-atollic-eabi/6.3.1/../../../../arm-atollic-eabi/lib/armv7-m\libc.a(lib_a-sbrkr.o)
 .debug_frame   0x00003374       0x60 c:/program files (x86)/atollic/truestudio for stm32 9.3.0/armtools/bin/../lib/gcc/arm-atollic-eabi/6.3.1/../../../../arm-atollic-eabi/lib/armv7-m\libc.a(lib_a-freer.o)
 .debug_frame   0x000033d4       0xb0 c:/program files (x86)/atollic/truestudio for stm32 9.3.0/armtools/bin/../lib/gcc/arm-atollic-eabi/6.3.1/../../../../arm-atollic-eabi/lib/armv7-m\libc.a(lib_a-lock.o)
 .debug_frame   0x00003484       0x5c c:/program files (x86)/atollic/truestudio for stm32 9.3.0/armtools/bin/../lib/gcc/arm-atollic-eabi/6.3.1/../../../../arm-atollic-eabi/lib/armv7-m\libc.a(lib_a-reent.o)
 .debug_frame   0x000034e0       0x4c c:/program files (x86)/atollic/truestudio for stm32 9.3.0/armtools/bin/../lib/gcc/arm-atollic-eabi/6.3.1/armv7-m\libgcc.a(_arm_addsubsf3.o)
 .debug_frame   0x0000352c       0x38 c:/program files (x86)/atollic/truestudio for stm32 9.3.0/armtools/bin/../lib/gcc/arm-atollic-eabi/6.3.1/armv7-m\libgcc.a(_arm_muldivsf3.o)
 .debug_frame   0x00003564       0x24 c:/program files (x86)/atollic/truestudio for stm32 9.3.0/armtools/bin/../lib/gcc/arm-atollic-eabi/6.3.1/armv7-m\libgcc.a(_arm_fixunssfsi.o)
 .debug_frame   0x00003588       0x20 c:/program files (x86)/atollic/truestudio for stm32 9.3.0/armtools/bin/../lib/gcc/arm-atollic-eabi/6.3.1/../../../../arm-atollic-eabi/lib/armv7-m\libnosys.a(sbrk.o)

.debug_loc      0x00000000     0x221c
 .debug_loc     0x00000000     0x1680 src\DMD\DMD.o
 .debug_loc     0x00001680      0x15b src\Device\HeartBeat.o
 .debug_loc     0x000017db       0x3f src\Peripheral\STM32F10xADC.o
 .debug_loc     0x0000181a      0x2cb src\Peripheral\STM32F10xDMA.o
 .debug_loc     0x00001ae5       0x8d src\Peripheral\STM32F10xGpio.o
 .debug_loc     0x00001b72      0x128 src\Peripheral\STM32F10xInputCapture.o
 .debug_loc     0x00001c9a       0x3f src\Peripheral\STM32F10xTimer.o
 .debug_loc     0x00001cd9      0x377 src\Peripheral\STM32F10xUSART.o
 .debug_loc     0x00002050       0x5d src\Sensor\ACFrequencyMeter.o
 .debug_loc     0x000020ad       0xb2 src\Utilities\Timeout.o
 .debug_loc     0x0000215f       0xbd src\main.o

.stabstr        0x00000000       0x3f
 .stabstr       0x00000000       0x3f c:/program files (x86)/atollic/truestudio for stm32 9.3.0/armtools/bin/../lib/gcc/arm-atollic-eabi/6.3.1/../../../../arm-atollic-eabi/lib/armv7-m\libnosys.a(write.o)

Cross Reference Table

Symbol                                            File
ADC1_2_IRQHandler                                 src\startup_stm32f10x_md.o
ADC_AnalogWatchdogCmd                             Libraries\STM32F10x_StdPeriph_Driver\src\stm32f10x_adc.o
ADC_AnalogWatchdogSingleChannelConfig             Libraries\STM32F10x_StdPeriph_Driver\src\stm32f10x_adc.o
ADC_AnalogWatchdogThresholdsConfig                Libraries\STM32F10x_StdPeriph_Driver\src\stm32f10x_adc.o
ADC_AutoInjectedConvCmd                           Libraries\STM32F10x_StdPeriph_Driver\src\stm32f10x_adc.o
ADC_ClearFlag                                     Libraries\STM32F10x_StdPeriph_Driver\src\stm32f10x_adc.o
ADC_ClearITPendingBit                             Libraries\STM32F10x_StdPeriph_Driver\src\stm32f10x_adc.o
ADC_Cmd                                           Libraries\STM32F10x_StdPeriph_Driver\src\stm32f10x_adc.o
                                                  src\main.o
ADC_DMACmd                                        Libraries\STM32F10x_StdPeriph_Driver\src\stm32f10x_adc.o
                                                  src\main.o
ADC_DeInit                                        Libraries\STM32F10x_StdPeriph_Driver\src\stm32f10x_adc.o
ADC_DiscModeChannelCountConfig                    Libraries\STM32F10x_StdPeriph_Driver\src\stm32f10x_adc.o
ADC_DiscModeCmd                                   Libraries\STM32F10x_StdPeriph_Driver\src\stm32f10x_adc.o
ADC_ExternalTrigConvCmd                           Libraries\STM32F10x_StdPeriph_Driver\src\stm32f10x_adc.o
ADC_ExternalTrigInjectedConvCmd                   Libraries\STM32F10x_StdPeriph_Driver\src\stm32f10x_adc.o
ADC_ExternalTrigInjectedConvConfig                Libraries\STM32F10x_StdPeriph_Driver\src\stm32f10x_adc.o
ADC_GetCalibrationStatus                          Libraries\STM32F10x_StdPeriph_Driver\src\stm32f10x_adc.o
ADC_GetConversionValue                            Libraries\STM32F10x_StdPeriph_Driver\src\stm32f10x_adc.o
ADC_GetDualModeConversionValue                    Libraries\STM32F10x_StdPeriph_Driver\src\stm32f10x_adc.o
ADC_GetFlagStatus                                 Libraries\STM32F10x_StdPeriph_Driver\src\stm32f10x_adc.o
ADC_GetITStatus                                   Libraries\STM32F10x_StdPeriph_Driver\src\stm32f10x_adc.o
ADC_GetInjectedConversionValue                    Libraries\STM32F10x_StdPeriph_Driver\src\stm32f10x_adc.o
ADC_GetResetCalibrationStatus                     Libraries\STM32F10x_StdPeriph_Driver\src\stm32f10x_adc.o
ADC_GetSoftwareStartConvStatus                    Libraries\STM32F10x_StdPeriph_Driver\src\stm32f10x_adc.o
ADC_GetSoftwareStartInjectedConvCmdStatus         Libraries\STM32F10x_StdPeriph_Driver\src\stm32f10x_adc.o
ADC_ITConfig                                      Libraries\STM32F10x_StdPeriph_Driver\src\stm32f10x_adc.o
ADC_Init                                          Libraries\STM32F10x_StdPeriph_Driver\src\stm32f10x_adc.o
                                                  src\main.o
ADC_InjectedChannelConfig                         Libraries\STM32F10x_StdPeriph_Driver\src\stm32f10x_adc.o
ADC_InjectedDiscModeCmd                           Libraries\STM32F10x_StdPeriph_Driver\src\stm32f10x_adc.o
ADC_InjectedSequencerLengthConfig                 Libraries\STM32F10x_StdPeriph_Driver\src\stm32f10x_adc.o
ADC_RegularChannelConfig                          Libraries\STM32F10x_StdPeriph_Driver\src\stm32f10x_adc.o
                                                  src\main.o
ADC_ResetCalibration                              Libraries\STM32F10x_StdPeriph_Driver\src\stm32f10x_adc.o
ADC_SetInjectedOffset                             Libraries\STM32F10x_StdPeriph_Driver\src\stm32f10x_adc.o
ADC_SoftwareStartConvCmd                          Libraries\STM32F10x_StdPeriph_Driver\src\stm32f10x_adc.o
                                                  src\main.o
ADC_SoftwareStartInjectedConvCmd                  Libraries\STM32F10x_StdPeriph_Driver\src\stm32f10x_adc.o
ADC_StartCalibration                              Libraries\STM32F10x_StdPeriph_Driver\src\stm32f10x_adc.o
                                                  src\main.o
ADC_StructInit                                    Libraries\STM32F10x_StdPeriph_Driver\src\stm32f10x_adc.o
                                                  src\main.o
ADC_TempSensorVrefintCmd                          Libraries\STM32F10x_StdPeriph_Driver\src\stm32f10x_adc.o
AHBPrescTable                                     src\system_stm32f10x.o
BKP_ClearFlag                                     Libraries\STM32F10x_StdPeriph_Driver\src\stm32f10x_bkp.o
BKP_ClearITPendingBit                             Libraries\STM32F10x_StdPeriph_Driver\src\stm32f10x_bkp.o
BKP_DeInit                                        Libraries\STM32F10x_StdPeriph_Driver\src\stm32f10x_bkp.o
BKP_GetFlagStatus                                 Libraries\STM32F10x_StdPeriph_Driver\src\stm32f10x_bkp.o
BKP_GetITStatus                                   Libraries\STM32F10x_StdPeriph_Driver\src\stm32f10x_bkp.o
BKP_ITConfig                                      Libraries\STM32F10x_StdPeriph_Driver\src\stm32f10x_bkp.o
BKP_RTCOutputConfig                               Libraries\STM32F10x_StdPeriph_Driver\src\stm32f10x_bkp.o
BKP_ReadBackupRegister                            Libraries\STM32F10x_StdPeriph_Driver\src\stm32f10x_bkp.o
BKP_SetRTCCalibrationValue                        Libraries\STM32F10x_StdPeriph_Driver\src\stm32f10x_bkp.o
BKP_TamperPinCmd                                  Libraries\STM32F10x_StdPeriph_Driver\src\stm32f10x_bkp.o
BKP_TamperPinLevelConfig                          Libraries\STM32F10x_StdPeriph_Driver\src\stm32f10x_bkp.o
BKP_WriteBackupRegister                           Libraries\STM32F10x_StdPeriph_Driver\src\stm32f10x_bkp.o
BusFault_Handler                                  src\stm32f1xx_it.o
                                                  src\startup_stm32f10x_md.o
CACFrequencyMeter::CACFrequencyMeter()            src\Sensor\ACFrequencyMeter.o
CACFrequencyMeter::CACFrequencyMeter()            src\Sensor\ACFrequencyMeter.o
                                                  src\main.o
CACFrequencyMeter::Execute()                      src\Sensor\ACFrequencyMeter.o
                                                  src\main.o
CACFrequencyMeter::Init(IInputCapture*)           src\Sensor\ACFrequencyMeter.o
                                                  src\main.o
CACFrequencyMeter::ReadFrequency()                src\Sensor\ACFrequencyMeter.o
                                                  src\main.o
CACFrequencyMeter::~CACFrequencyMeter()           src\Sensor\ACFrequencyMeter.o
CACFrequencyMeter::~CACFrequencyMeter()           src\Sensor\ACFrequencyMeter.o
CACFrequencyMeter::~CACFrequencyMeter()           src\Sensor\ACFrequencyMeter.o
CAN1_RX1_IRQHandler                               src\startup_stm32f10x_md.o
CAN1_SCE_IRQHandler                               src\startup_stm32f10x_md.o
CAN_CancelTransmit                                Libraries\STM32F10x_StdPeriph_Driver\src\stm32f10x_can.o
CAN_ClearFlag                                     Libraries\STM32F10x_StdPeriph_Driver\src\stm32f10x_can.o
CAN_ClearITPendingBit                             Libraries\STM32F10x_StdPeriph_Driver\src\stm32f10x_can.o
CAN_DBGFreeze                                     Libraries\STM32F10x_StdPeriph_Driver\src\stm32f10x_can.o
CAN_DeInit                                        Libraries\STM32F10x_StdPeriph_Driver\src\stm32f10x_can.o
CAN_FIFORelease                                   Libraries\STM32F10x_StdPeriph_Driver\src\stm32f10x_can.o
CAN_FilterInit                                    Libraries\STM32F10x_StdPeriph_Driver\src\stm32f10x_can.o
CAN_GetFlagStatus                                 Libraries\STM32F10x_StdPeriph_Driver\src\stm32f10x_can.o
CAN_GetITStatus                                   Libraries\STM32F10x_StdPeriph_Driver\src\stm32f10x_can.o
CAN_GetLSBTransmitErrorCounter                    Libraries\STM32F10x_StdPeriph_Driver\src\stm32f10x_can.o
CAN_GetLastErrorCode                              Libraries\STM32F10x_StdPeriph_Driver\src\stm32f10x_can.o
CAN_GetReceiveErrorCounter                        Libraries\STM32F10x_StdPeriph_Driver\src\stm32f10x_can.o
CAN_ITConfig                                      Libraries\STM32F10x_StdPeriph_Driver\src\stm32f10x_can.o
CAN_Init                                          Libraries\STM32F10x_StdPeriph_Driver\src\stm32f10x_can.o
CAN_MessagePending                                Libraries\STM32F10x_StdPeriph_Driver\src\stm32f10x_can.o
CAN_OperatingModeRequest                          Libraries\STM32F10x_StdPeriph_Driver\src\stm32f10x_can.o
CAN_Receive                                       Libraries\STM32F10x_StdPeriph_Driver\src\stm32f10x_can.o
CAN_SlaveStartBank                                Libraries\STM32F10x_StdPeriph_Driver\src\stm32f10x_can.o
CAN_Sleep                                         Libraries\STM32F10x_StdPeriph_Driver\src\stm32f10x_can.o
CAN_StructInit                                    Libraries\STM32F10x_StdPeriph_Driver\src\stm32f10x_can.o
CAN_TTComModeCmd                                  Libraries\STM32F10x_StdPeriph_Driver\src\stm32f10x_can.o
CAN_Transmit                                      Libraries\STM32F10x_StdPeriph_Driver\src\stm32f10x_can.o
CAN_TransmitStatus                                Libraries\STM32F10x_StdPeriph_Driver\src\stm32f10x_can.o
CAN_WakeUp                                        Libraries\STM32F10x_StdPeriph_Driver\src\stm32f10x_can.o
CAnalogInput::SetConfig(float, float)             src\main.o
CAnalogInput::~CAnalogInput()                     src\main.o
CAnalogInput::~CAnalogInput()                     src\main.o
CAnalogInput::~CAnalogInput()                     src\main.o
CCircularFifo<char, 322u>::IsEmpty() const        src\Peripheral\STM32F10xUSART.o
CCircularFifo<char, 322u>::Pop(char&)             src\Peripheral\STM32F10xUSART.o
CCircularFifo<char, 322u>::Push(char&)            src\Peripheral\STM32F10xUSART.o
CCircularFifo<char, 322u>::increment(unsigned int) const src\Peripheral\STM32F10xUSART.o
CCircularFifo<char, 322u>::~CCircularFifo()       src\Peripheral\STM32F10xUSART.o
CCircularFifo<char, 322u>::~CCircularFifo()       src\Peripheral\STM32F10xUSART.o
CCircularFifo<char, 322u>::~CCircularFifo()       src\Peripheral\STM32F10xUSART.o
CEC_ClearFlag                                     Libraries\STM32F10x_StdPeriph_Driver\src\stm32f10x_cec.o
CEC_ClearITPendingBit                             Libraries\STM32F10x_StdPeriph_Driver\src\stm32f10x_cec.o
CEC_Cmd                                           Libraries\STM32F10x_StdPeriph_Driver\src\stm32f10x_cec.o
CEC_DeInit                                        Libraries\STM32F10x_StdPeriph_Driver\src\stm32f10x_cec.o
CEC_EndOfMessageCmd                               Libraries\STM32F10x_StdPeriph_Driver\src\stm32f10x_cec.o
CEC_GetFlagStatus                                 Libraries\STM32F10x_StdPeriph_Driver\src\stm32f10x_cec.o
CEC_GetITStatus                                   Libraries\STM32F10x_StdPeriph_Driver\src\stm32f10x_cec.o
CEC_ITConfig                                      Libraries\STM32F10x_StdPeriph_Driver\src\stm32f10x_cec.o
CEC_Init                                          Libraries\STM32F10x_StdPeriph_Driver\src\stm32f10x_cec.o
CEC_OwnAddressConfig                              Libraries\STM32F10x_StdPeriph_Driver\src\stm32f10x_cec.o
CEC_ReceiveDataByte                               Libraries\STM32F10x_StdPeriph_Driver\src\stm32f10x_cec.o
CEC_SendDataByte                                  Libraries\STM32F10x_StdPeriph_Driver\src\stm32f10x_cec.o
CEC_SetPrescaler                                  Libraries\STM32F10x_StdPeriph_Driver\src\stm32f10x_cec.o
CEC_StartOfMessage                                Libraries\STM32F10x_StdPeriph_Driver\src\stm32f10x_cec.o
CHeartBeat::CHeartBeat()                          src\Device\HeartBeat.o
                                                  src\main.o
CHeartBeat::CHeartBeat()                          src\Device\HeartBeat.o
CHeartBeat::Execute()                             src\Device\HeartBeat.o
                                                  src\main.o
CHeartBeat::Init(IGpio*, ITimer*, unsigned short) src\Device\HeartBeat.o
                                                  src\main.o
CHeartBeat::~CHeartBeat()                         src\Device\HeartBeat.o
CHeartBeat::~CHeartBeat()                         src\Device\HeartBeat.o
CHeartBeat::~CHeartBeat()                         src\Device\HeartBeat.o
CRC_CalcBlockCRC                                  Libraries\STM32F10x_StdPeriph_Driver\src\stm32f10x_crc.o
CRC_CalcCRC                                       Libraries\STM32F10x_StdPeriph_Driver\src\stm32f10x_crc.o
CRC_GetCRC                                        Libraries\STM32F10x_StdPeriph_Driver\src\stm32f10x_crc.o
CRC_GetIDRegister                                 Libraries\STM32F10x_StdPeriph_Driver\src\stm32f10x_crc.o
CRC_ResetDR                                       Libraries\STM32F10x_StdPeriph_Driver\src\stm32f10x_crc.o
CRC_SetIDRegister                                 Libraries\STM32F10x_StdPeriph_Driver\src\stm32f10x_crc.o
CSTM32F10xADC::CSTM32F10xADC()                    src\Peripheral\STM32F10xADC.o
CSTM32F10xADC::CSTM32F10xADC()                    src\Peripheral\STM32F10xADC.o
                                                  src\main.o
CSTM32F10xADC::Init(unsigned short*)              src\Peripheral\STM32F10xADC.o
                                                  src\main.o
CSTM32F10xADC::Read()                             src\Peripheral\STM32F10xADC.o
CSTM32F10xADC::~CSTM32F10xADC()                   src\Peripheral\STM32F10xADC.o
CSTM32F10xADC::~CSTM32F10xADC()                   src\Peripheral\STM32F10xADC.o
CSTM32F10xADC::~CSTM32F10xADC()                   src\Peripheral\STM32F10xADC.o
CSTM32F10xDMA::CSTM32F10xDMA()                    src\Peripheral\STM32F10xDMA.o
CSTM32F10xDMA::CSTM32F10xDMA()                    src\Peripheral\STM32F10xDMA.o
                                                  src\main.o
CSTM32F10xDMA::GetDataIndex()                     src\Peripheral\STM32F10xDMA.o
CSTM32F10xDMA::Init(DMA_TypeDef*, DMA_Channel_TypeDef*, unsigned long, unsigned long) src\Peripheral\STM32F10xDMA.o
                                                  src\main.o
CSTM32F10xDMA::IsTransferFinished()               src\Peripheral\STM32F10xDMA.o
CSTM32F10xDMA::SetAddress(unsigned long, unsigned long) src\Peripheral\STM32F10xDMA.o
CSTM32F10xDMA::SetBufferSize(unsigned short)      src\Peripheral\STM32F10xDMA.o
CSTM32F10xDMA::SetDirection(unsigned long)        src\Peripheral\STM32F10xDMA.o
CSTM32F10xDMA::Start()                            src\Peripheral\STM32F10xDMA.o
CSTM32F10xDMA::Stop()                             src\Peripheral\STM32F10xDMA.o
CSTM32F10xDMA::~CSTM32F10xDMA()                   src\Peripheral\STM32F10xDMA.o
CSTM32F10xDMA::~CSTM32F10xDMA()                   src\Peripheral\STM32F10xDMA.o
CSTM32F10xDMA::~CSTM32F10xDMA()                   src\Peripheral\STM32F10xDMA.o
CSTM32F10xGpio::CSTM32F10xGpio()                  src\Peripheral\STM32F10xGpio.o
                                                  src\main.o
CSTM32F10xGpio::CSTM32F10xGpio()                  src\Peripheral\STM32F10xGpio.o
CSTM32F10xGpio::Clear()                           src\Peripheral\STM32F10xGpio.o
CSTM32F10xGpio::Get() const                       src\Peripheral\STM32F10xGpio.o
CSTM32F10xGpio::Init(GPIO_TypeDef*, unsigned char) src\Peripheral\STM32F10xGpio.o
                                                  src\main.o
CSTM32F10xGpio::Set()                             src\Peripheral\STM32F10xGpio.o
CSTM32F10xGpio::~CSTM32F10xGpio()                 src\Peripheral\STM32F10xGpio.o
CSTM32F10xGpio::~CSTM32F10xGpio()                 src\Peripheral\STM32F10xGpio.o
CSTM32F10xGpio::~CSTM32F10xGpio()                 src\Peripheral\STM32F10xGpio.o
CSTM32F10xInputCapture::CSTM32F10xInputCapture()  src\Peripheral\STM32F10xInputCapture.o
CSTM32F10xInputCapture::CSTM32F10xInputCapture()  src\Peripheral\STM32F10xInputCapture.o
                                                  src\main.o
CSTM32F10xInputCapture::Init(TIM_TypeDef*, unsigned short) src\Peripheral\STM32F10xInputCapture.o
                                                  src\main.o
CSTM32F10xInputCapture::IsTriggered() const       src\Peripheral\STM32F10xInputCapture.o
CSTM32F10xInputCapture::Read() const              src\Peripheral\STM32F10xInputCapture.o
CSTM32F10xInputCapture::~CSTM32F10xInputCapture() src\Peripheral\STM32F10xInputCapture.o
CSTM32F10xInputCapture::~CSTM32F10xInputCapture() src\Peripheral\STM32F10xInputCapture.o
CSTM32F10xInputCapture::~CSTM32F10xInputCapture() src\Peripheral\STM32F10xInputCapture.o
CSTM32F10xTimer::CSTM32F10xTimer()                src\Peripheral\STM32F10xTimer.o
CSTM32F10xTimer::CSTM32F10xTimer()                src\Peripheral\STM32F10xTimer.o
                                                  src\main.o
CSTM32F10xTimer::CurrentTicks() const             src\Peripheral\STM32F10xTimer.o
CSTM32F10xTimer::Init(TIM_TypeDef*)               src\Peripheral\STM32F10xTimer.o
                                                  src\main.o
CSTM32F10xTimer::~CSTM32F10xTimer()               src\Peripheral\STM32F10xTimer.o
CSTM32F10xTimer::~CSTM32F10xTimer()               src\Peripheral\STM32F10xTimer.o
CSTM32F10xTimer::~CSTM32F10xTimer()               src\Peripheral\STM32F10xTimer.o
CSTM32F10xUSART::CSTM32F10xUSART()                src\Peripheral\STM32F10xUSART.o
                                                  src\main.o
CSTM32F10xUSART::CSTM32F10xUSART()                src\Peripheral\STM32F10xUSART.o
CSTM32F10xUSART::Execute()                        src\Peripheral\STM32F10xUSART.o
                                                  src\main.o
CSTM32F10xUSART::HasData()                        src\Peripheral\STM32F10xUSART.o
CSTM32F10xUSART::Init(USART_TypeDef*)             src\Peripheral\STM32F10xUSART.o
                                                  src\main.o
CSTM32F10xUSART::Read(unsigned char*, unsigned short*) src\Peripheral\STM32F10xUSART.o
CSTM32F10xUSART::ReadByte()                       src\Peripheral\STM32F10xUSART.o
CSTM32F10xUSART::Write(char const*)               src\Peripheral\STM32F10xUSART.o
                                                  src\main.o
CSTM32F10xUSART::Write(char const*, unsigned short) src\Peripheral\STM32F10xUSART.o
CSTM32F10xUSART::executeRx()                      src\Peripheral\STM32F10xUSART.o
CSTM32F10xUSART::executeTx()                      src\Peripheral\STM32F10xUSART.o
CSTM32F10xUSART::~CSTM32F10xUSART()               src\Peripheral\STM32F10xUSART.o
CSTM32F10xUSART::~CSTM32F10xUSART()               src\Peripheral\STM32F10xUSART.o
CSTM32F10xUSART::~CSTM32F10xUSART()               src\Peripheral\STM32F10xUSART.o
CSpiPortTx::CSpiPortTx()                          src\Communication\SpiPortTx.o
CSpiPortTx::CSpiPortTx()                          src\Communication\SpiPortTx.o
CSpiPortTx::~CSpiPortTx()                         src\Communication\SpiPortTx.o
CSpiPortTx::~CSpiPortTx()                         src\Communication\SpiPortTx.o
CSpiPortTx::~CSpiPortTx()                         src\Communication\SpiPortTx.o
CTimeout::CTimeout()                              src\Utilities\Timeout.o
CTimeout::CTimeout()                              src\Utilities\Timeout.o
                                                  src\main.o
                                                  src\Device\HeartBeat.o
                                                  src\DMD\DMD.o
CTimeout::HasElapsed()                            src\Utilities\Timeout.o