STM32F10xUSART.cpp:10:10:virtual uint16_t CSTM32F10xUSART::Write(const char*, uint16_t)	20	static
STM32F10xUSART.cpp:22:10:virtual uint16_t CSTM32F10xUSART::Write(const char*)	20	static
STM32F10xUSART.cpp:35:6:virtual bool CSTM32F10xUSART::HasData()	0	static
STM32F10xUSART.cpp:40:6:virtual bool CSTM32F10xUSART::Read(unsigned char*, uint16_t*)	0	static
STM32F10xUSART.cpp:96:1:CSTM32F10xUSART::~CSTM32F10xUSART()	0	static
CircularFifo.h:30:10:CCircularFifo<Element, Size>::~CCircularFifo() [with Element = char; unsigned int Size = 322u]	0	static
CircularFifo.h:30:10:CCircularFifo<Element, Size>::~CCircularFifo() [with Element = char; unsigned int Size = 322u]	8	static
STM32F10xUSART.cpp:96:1:virtual CSTM32F10xUSART::~CSTM32F10xUSART()	8	static
STM32F10xUSART.cpp:47:6:virtual char CSTM32F10xUSART::ReadByte()	16	static
STM32F10xUSART.cpp:55:6:void CSTM32F10xUSART::Init(USART_TypeDef*, DMA_Channel_TypeDef*, char*, uint16_t)	4	static
STM32F10xUSART.cpp:64:6:void CSTM32F10xUSART::Execute()	24	static
STM32F10xUSART.cpp:70:6:void CSTM32F10xUSART::executeRx()	20	static
STM32F10xUSART.cpp:80:6:void CSTM32F10xUSART::executeTx()	16	static
STM32F10xUSART.cpp:89:1:CSTM32F10xUSART::CSTM32F10xUSART()	4	static
