CircularBuffer.h:63:1:CCircularBuffer<ELEMTYPE, BUFFSIZE>::~CCircularBuffer() [with ELEMTYPE = short unsigned int; short unsigned int BUFFSIZE = 20u]	0	static
MovAvgBuffer.h:60:1:CMovAvgBuffer<ELEMTYPE, SUMTYPE, BUFFSIZE>::~CMovAvgBuffer() [with ELEMTYPE = short unsigned int; SUMTYPE = short unsigned int; short unsigned int BUFFSIZE = 20u]	0	static
CircularBuffer.h:123:6:void CCircularBuffer<ELEMTYPE, BUFFSIZE>::Clear() [with ELEMTYPE = short unsigned int; short unsigned int BUFFSIZE = 20u]	0	static
MovAvgBuffer.h:81:6:void CMovAvgBuffer<ELEMTYPE, SUMTYPE, BUFFSIZE>::Clear() [with ELEMTYPE = short unsigned int; SUMTYPE = short unsigned int; short unsigned int BUFFSIZE = 20u]	8	static
MovAvgBuffer.h:54:1:CMovAvgBuffer<ELEMTYPE, SUMTYPE, BUFFSIZE>::CMovAvgBuffer() [with ELEMTYPE = short unsigned int; SUMTYPE = short unsigned int; short unsigned int BUFFSIZE = 20u]	8	static
CircularBuffer.h:81:10:ELEMTYPE CCircularBuffer<ELEMTYPE, BUFFSIZE>::Get(uint16_t) const [with ELEMTYPE = short unsigned int; short unsigned int BUFFSIZE = 20u]	4	static
CircularBuffer.h:68:6:void CCircularBuffer<ELEMTYPE, BUFFSIZE>::Add(ELEMTYPE) [with ELEMTYPE = short unsigned int; short unsigned int BUFFSIZE = 20u]	0	static
CircularBuffer.h:104:10:uint16_t CCircularBuffer<ELEMTYPE, BUFFSIZE>::Count() const [with ELEMTYPE = short unsigned int; short unsigned int BUFFSIZE = 20u]	0	static
CircularBuffer.h:117:6:bool CCircularBuffer<ELEMTYPE, BUFFSIZE>::IsFull() const [with ELEMTYPE = short unsigned int; short unsigned int BUFFSIZE = 20u]	0	static
MovAvgBuffer.h:65:6:void CMovAvgBuffer<ELEMTYPE, SUMTYPE, BUFFSIZE>::AddSample(ELEMTYPE) [with ELEMTYPE = short unsigned int; SUMTYPE = short unsigned int; short unsigned int BUFFSIZE = 20u]	24	static
main.cpp:23:5:int main()	1680	static
AnalogInput.h:47:8:CAnalogInput::~CAnalogInput()	8	static
AnalogInput.h:47:8:virtual CAnalogInput::~CAnalogInput()	8	static
